D/StatusBar.BatteryController(  772): mBatteryPercentage is 100% mShouldShowBatteryPercentage is true mLabelViews.size() 1
D/StatusBar.BatteryController(  772): [Laptop] isPresent = false
D/KeyguardUpdateMonitor(  772): handleBatteryUpdate index=0 updateInteresting=false
D/OneSignal( 4514): Starting request to get Android parameters.
D/dalvikvm( 4514): create interp thread : stack size=128KB
D/dalvikvm( 4514): create new thread
D/dalvikvm( 4514): new thread created
D/dalvikvm( 4514): update thread list
D/dalvikvm( 4514): threadid=19: interp stack at 0x68974000
D/dalvikvm( 4514): threadid=19: created from interp
D/dalvikvm( 4514): threadid=19: adding to list
D/dalvikvm( 4514): start new thread
D/dalvikvm( 4514): threadid=21: exiting
D/dalvikvm( 4514): threadid=21: detach (group=0x41889ce0)
D/dalvikvm( 4514): threadid=21: removing from list
D/dalvikvm( 4514): threadid=21: bye!
D/dalvikvm( 4514): threadid=19: notify debugger
D/ADB_SERVICES(  211): adb fdevent_process list (15) (18) 
D/ADB_SERVICES(  211): adb socket read list (18) 
D/ADB_SERVICES(  211): read_data=4638
D/ADB_SERVICES(  211): max_read_time=0.000046 max_send_time=0.000091 
D/dalvikvm( 4514): threadid=19 (OS_REST_ASYNC_GET): calling run()
D/dalvikvm( 4514): create interp thread : stack size=128KB
D/dalvikvm( 4514): create new thread
D/dalvikvm( 4514): new thread created
D/dalvikvm( 4514): update thread list
D/dalvikvm( 4514): threadid=21: interp stack at 0x67858000
D/dalvikvm( 4514): threadid=21: created from interp
D/ADB_SERVICES(  211): adb local_socket_ready list (18) 
D/dalvikvm( 4514): threadid=21: adding to list
D/dalvikvm( 4514): start new thread
D/dalvikvm( 4514): threadid=21: notify debugger
D/dalvikvm( 4514): threadid=21 (OS_HTTPConnection): calling run()
D/OneSignal( 4514): OneSignalRestClient: Making request to: https://api.onesignal.com/apps/f17b2e30-33bd-498e-9725-a1d31f1c7823/android_params.js
I/FrameworkListener(  167): onDataAvailable get 45 bytes 
D/FrameworkListener(  167): dispatchCommand data = (getaddrinfo api.onesignal.com ^ 1024 0 1 0 ^)
D/libc-netbsd(  167): default dns: query_ipv6=0, query_ipv4=1
D/libc-netbsd(  167): res_queryN name = api.onesignal.com, class = 1, type = 1
D/libc-netbsd(  167): res_queryN name = api.onesignal.com succeed
D/SocketClient(  167): SocketClient sendDatalocked done: 222
D/SocketClient(  167): SocketClient sendDatalocked done: 
D/SocketClient(  167): SocketClient sendDatalocked done: 
D/SocketClient(  167): SocketClient sendDatalocked done: 
D/SocketClient(  167): SocketClient sendDatalocked done: 
D/SocketClient(  167): SocketClient sendDatalocked done: 
D/SocketClient(  167): SocketClient sendDatalocked done: 
D/SocketClient(  167): SocketClient sendDatalocked done: 
D/SocketClient(  167): SocketClient sendDatalocked done: 
D/SocketClient(  167): SocketClient sendDatalocked done: 
D/SocketClient(  167): SocketClient sendDatalocked done: 
D/SocketClient(  167): SocketClient sendDatalocked done: 
D/libc-netbsd( 4514): getaddrinfo: api.onesignal.com get result from proxy >>
I/System.out( 4514): propertyValue:true
I/System.out( 4514): [socket][4] connection api.onesignal.com/104.18.225.52:443;LocalPort=58013(60000)
I/System.out( 4514): [CDS]connect[api.onesignal.com/104.18.225.52:443] tm:60
D/Posix   ( 4514): [Posix_connect Debug]Process com.maleon.yepa :443 
I/System.out( 4514): [socket][/192.168.1.10:58013] connected
I/System.out( 4514): [CDS]rx timeout:60000
D/NativeCrypto( 4514): ssl=0x68924c10 NativeCrypto_SSL_do_handshake fd=0x1ef00005 shc=0x20d00009 timeout_millis=60000 client_mode=1 npn=0x0
D/NativeCrypto( 4514): doing handshake ++
D/NativeCrypto( 4514): ssl=0x68924c10 info_callback where=0x10 ret=1
D/NativeCrypto( 4514): ssl=0x68924c10 handshake start in UNKWN  before/connect initialization
D/NativeCrypto( 4514): ssl=0x68924c10 info_callback ignored
D/NativeCrypto( 4514): ssl=0x68924c10 info_callback where=0x1001 ret=1
D/NativeCrypto( 4514): ssl=0x68924c10 SSL_connect:UNKWN  before/connect initialization
D/NativeCrypto( 4514): ssl=0x68924c10 info_callback ignored
D/NativeCrypto( 4514): ssl=0x68924c10 info_callback where=0x1001 ret=1
D/NativeCrypto( 4514): ssl=0x68924c10 SSL_connect:23WCHA SSLv2/v3 write client hello A
D/NativeCrypto( 4514): ssl=0x68924c10 info_callback ignored
D/NativeCrypto( 4514): ssl=0x68924c10 info_callback where=0x1002 ret=-1
D/NativeCrypto( 4514): ssl=0x68924c10 SSL_connect:error exit in 23RSHA SSLv2/v3 read server hello A
D/NativeCrypto( 4514): ssl=0x68924c10 info_callback ignored
D/NativeCrypto( 4514): doing handshake -- ret=-1
D/NativeCrypto( 4514): ssl=0x68924c10 NativeCrypto_SSL_do_handshake ret=-1 errno=11 sslError=2 timeout_millis=60000
D/NativeCrypto( 4514): doing handshake ++
D/NativeCrypto( 4514): ssl=0x68924c10 info_callback where=0x4004 ret=582
D/NativeCrypto( 4514): ssl=0x68924c10 SSL3 alert read:F:PV fatal protocol version
D/NativeCrypto( 4514): ssl=0x68924c10 info_callback ignored
D/OpenSSLLib( 4514): OpensslErr:Module:20(119:1070); file:external/openssl/ssl/s23_clnt.c ;Line:741;Function:ssl23_get_server_hello
D/NativeCrypto( 4514): ssl=0x68924c10 info_callback where=0x1002 ret=-1
D/NativeCrypto( 4514): ssl=0x68924c10 SSL_connect:error exit in 23RSHA SSLv2/v3 read server hello A
D/NativeCrypto( 4514): ssl=0x68924c10 info_callback ignored
D/NativeCrypto( 4514): doing handshake -- ret=-1
D/NativeCrypto( 4514): ssl=0x68924c10 NativeCrypto_SSL_do_handshake ret=-1 errno=0 sslError=1 timeout_millis=60000
E/NativeCrypto( 4514): Unknown error during handshake
D/NativeCrypto( 4514): ssl=0x68924c10 NativeCrypto_SSL_do_handshake unclean error => 0
D/NativeCrypto( 4514): ssl=0x68924c10 NativeCrypto_SSL_interrupt
D/NativeCrypto( 4514):  sslNotify, appData=0x68905030 ret=1
D/NativeCrypto( 4514):  sslNotify, appData=0x68905030 ret=1
I/System.out( 4514): [CDS]close[58013]
I/System.out( 4514): close [socket][/0.0.0.0:58013]
D/NativeCrypto( 4514): ssl=0x0 NativeCrypto_SSL_interrupt
I/System.out( 4514): [socket][5] connection api.onesignal.com/104.18.225.52:443;LocalPort=49824(60000)
I/System.out( 4514): [CDS]connect[api.onesignal.com/104.18.225.52:443] tm:60
D/Posix   ( 4514): [Posix_connect Debug]Process com.maleon.yepa :443 
I/System.out( 4514): [socket][/192.168.1.10:49824] connected
I/System.out( 4514): [CDS]rx timeout:60000
D/NativeCrypto( 4514): ssl=0x68924c10 NativeCrypto_SSL_do_handshake fd=0x21200005 shc=0x24f00009 timeout_millis=60000 client_mode=1 npn=0x0
D/NativeCrypto( 4514): doing handshake ++
D/NativeCrypto( 4514): ssl=0x68924c10 info_callback where=0x10 ret=1
D/NativeCrypto( 4514): ssl=0x68924c10 handshake start in UNKWN  before/connect initialization
D/NativeCrypto( 4514): ssl=0x68924c10 info_callback ignored
D/NativeCrypto( 4514): ssl=0x68924c10 info_callback where=0x1001 ret=1
D/NativeCrypto( 4514): ssl=0x68924c10 SSL_connect:UNKWN  before/connect initialization
D/NativeCrypto( 4514): ssl=0x68924c10 info_callback ignored
D/NativeCrypto( 4514): ssl=0x68924c10 info_callback where=0x1001 ret=1
D/NativeCrypto( 4514): ssl=0x68924c10 SSL_connect:23WCHA SSLv2/v3 write client hello A
D/NativeCrypto( 4514): ssl=0x68924c10 info_callback ignored
D/NativeCrypto( 4514): ssl=0x68924c10 info_callback where=0x1002 ret=-1
D/NativeCrypto( 4514): ssl=0x68924c10 SSL_connect:error exit in 23RSHA SSLv2/v3 read server hello A
D/NativeCrypto( 4514): ssl=0x68924c10 info_callback ignored
D/NativeCrypto( 4514): doing handshake -- ret=-1
D/NativeCrypto( 4514): ssl=0x68924c10 NativeCrypto_SSL_do_handshake ret=-1 errno=11 sslError=2 timeout_millis=60000
D/NativeCrypto( 4514): doing handshake ++
D/OpenSSLLib( 4514): OpensslErr:Module:20(119:258); file:external/openssl/ssl/s23_clnt.c ;Line:714;Function:ssl23_get_server_hello
D/NativeCrypto( 4514): ssl=0x68924c10 info_callback where=0x1002 ret=-1
D/NativeCrypto( 4514): ssl=0x68924c10 SSL_connect:error exit in 23RSHA SSLv2/v3 read server hello A
D/NativeCrypto( 4514): ssl=0x68924c10 info_callback ignored
D/NativeCrypto( 4514): doing handshake -- ret=-1
D/NativeCrypto( 4514): ssl=0x68924c10 NativeCrypto_SSL_do_handshake ret=-1 errno=0 sslError=1 timeout_millis=60000
E/NativeCrypto( 4514): Unknown error during handshake
D/NativeCrypto( 4514): ssl=0x68924c10 NativeCrypto_SSL_do_handshake unclean error => 0
D/NativeCrypto( 4514): ssl=0x68924c10 NativeCrypto_SSL_interrupt
D/NativeCrypto( 4514):  sslNotify, appData=0x68905030 ret=1
D/NativeCrypto( 4514):  sslNotify, appData=0x68905030 ret=1
I/System.out( 4514): [CDS]close[49824]
I/System.out( 4514): close [socket][/0.0.0.0:49824]
D/NativeCrypto( 4514): ssl=0x0 NativeCrypto_SSL_interrupt
I/System.out( 4514): [socket][6] connection api.onesignal.com/104.18.226.52:443;LocalPort=52932(60000)
I/System.out( 4514): [CDS]connect[api.onesignal.com/104.18.226.52:443] tm:60
D/Posix   ( 4514): [Posix_connect Debug]Process com.maleon.yepa :443 
I/System.out( 4514): [socket][/192.168.1.10:52932] connected
I/System.out( 4514): [CDS]rx timeout:60000
D/NativeCrypto( 4514): ssl=0x68924c10 NativeCrypto_SSL_do_handshake fd=0x23600005 shc=0x29100009 timeout_millis=60000 client_mode=1 npn=0x0
D/NativeCrypto( 4514): doing handshake ++
D/NativeCrypto( 4514): ssl=0x68924c10 info_callback where=0x10 ret=1
D/NativeCrypto( 4514): ssl=0x68924c10 handshake start in UNKWN  before/connect initialization
D/NativeCrypto( 4514): ssl=0x68924c10 info_callback ignored
D/NativeCrypto( 4514): ssl=0x68924c10 info_callback where=0x1001 ret=1
D/NativeCrypto( 4514): ssl=0x68924c10 SSL_connect:UNKWN  before/connect initialization
D/NativeCrypto( 4514): ssl=0x68924c10 info_callback ignored
D/NativeCrypto( 4514): ssl=0x68924c10 info_callback where=0x1001 ret=1
D/NativeCrypto( 4514): ssl=0x68924c10 SSL_connect:23WCHA SSLv2/v3 write client hello A
D/NativeCrypto( 4514): ssl=0x68924c10 info_callback ignored
D/NativeCrypto( 4514): ssl=0x68924c10 info_callback where=0x1002 ret=-1
D/NativeCrypto( 4514): ssl=0x68924c10 SSL_connect:error exit in 23RSHA SSLv2/v3 read server hello A
D/NativeCrypto( 4514): ssl=0x68924c10 info_callback ignored
D/NativeCrypto( 4514): doing handshake -- ret=-1
D/NativeCrypto( 4514): ssl=0x68924c10 NativeCrypto_SSL_do_handshake ret=-1 errno=11 sslError=2 timeout_millis=60000
D/NativeCrypto( 4514): doing handshake ++
D/NativeCrypto( 4514): ssl=0x68924c10 info_callback where=0x4004 ret=582
D/NativeCrypto( 4514): ssl=0x68924c10 SSL3 alert read:F:PV fatal protocol version
D/NativeCrypto( 4514): ssl=0x68924c10 info_callback ignored
D/OpenSSLLib( 4514): OpensslErr:Module:20(119:1070); file:external/openssl/ssl/s23_clnt.c ;Line:741;Function:ssl23_get_server_hello
D/NativeCrypto( 4514): ssl=0x68924c10 info_callback where=0x1002 ret=-1
D/NativeCrypto( 4514): ssl=0x68924c10 SSL_connect:error exit in 23RSHA SSLv2/v3 read server hello A
D/NativeCrypto( 4514): ssl=0x68924c10 info_callback ignored
D/NativeCrypto( 4514): doing handshake -- ret=-1
D/NativeCrypto( 4514): ssl=0x68924c10 NativeCrypto_SSL_do_handshake ret=-1 errno=0 sslError=1 timeout_millis=60000
E/NativeCrypto( 4514): Unknown error during handshake
D/NativeCrypto( 4514): ssl=0x68924c10 NativeCrypto_SSL_do_handshake unclean error => 0
D/NativeCrypto( 4514): ssl=0x68924c10 NativeCrypto_SSL_interrupt
D/NativeCrypto( 4514):  sslNotify, appData=0x68905030 ret=1
D/NativeCrypto( 4514):  sslNotify, appData=0x68905030 ret=1
I/System.out( 4514): [CDS]close[52932]
I/System.out( 4514): close [socket][/0.0.0.0:52932]
D/NativeCrypto( 4514): ssl=0x0 NativeCrypto_SSL_interrupt
I/System.out( 4514): [socket][7] connection api.onesignal.com/104.18.226.52:443;LocalPort=44531(60000)
I/System.out( 4514): [CDS]connect[api.onesignal.com/104.18.226.52:443] tm:60
D/Posix   ( 4514): [Posix_connect Debug]Process com.maleon.yepa :443 
I/System.out( 4514): [socket][/192.168.1.10:44531] connected
I/System.out( 4514): [CDS]rx timeout:60000
D/NativeCrypto( 4514): ssl=0x68924c10 NativeCrypto_SSL_do_handshake fd=0x25900005 shc=0x2d300009 timeout_millis=60000 client_mode=1 npn=0x0
D/NativeCrypto( 4514): doing handshake ++
D/NativeCrypto( 4514): ssl=0x68924c10 info_callback where=0x10 ret=1
D/NativeCrypto( 4514): ssl=0x68924c10 handshake start in UNKWN  before/connect initialization
D/NativeCrypto( 4514): ssl=0x68924c10 info_callback ignored
D/NativeCrypto( 4514): ssl=0x68924c10 info_callback where=0x1001 ret=1
D/NativeCrypto( 4514): ssl=0x68924c10 SSL_connect:UNKWN  before/connect initialization
D/NativeCrypto( 4514): ssl=0x68924c10 info_callback ignored
D/NativeCrypto( 4514): ssl=0x68924c10 info_callback where=0x1001 ret=1
D/NativeCrypto( 4514): ssl=0x68924c10 SSL_connect:23WCHA SSLv2/v3 write client hello A
D/NativeCrypto( 4514): ssl=0x68924c10 info_callback ignored
D/NativeCrypto( 4514): ssl=0x68924c10 info_callback where=0x1002 ret=-1
D/NativeCrypto( 4514): ssl=0x68924c10 SSL_connect:error exit in 23RSHA SSLv2/v3 read server hello A
D/NativeCrypto( 4514): ssl=0x68924c10 info_callback ignored
D/NativeCrypto( 4514): doing handshake -- ret=-1
D/NativeCrypto( 4514): ssl=0x68924c10 NativeCrypto_SSL_do_handshake ret=-1 errno=11 sslError=2 timeout_millis=60000
D/NativeCrypto( 4514): doing handshake ++
D/OpenSSLLib( 4514): OpensslErr:Module:20(119:258); file:external/openssl/ssl/s23_clnt.c ;Line:714;Function:ssl23_get_server_hello
D/NativeCrypto( 4514): ssl=0x68924c10 info_callback where=0x1002 ret=-1
D/NativeCrypto( 4514): ssl=0x68924c10 SSL_connect:error exit in 23RSHA SSLv2/v3 read server hello A
D/NativeCrypto( 4514): ssl=0x68924c10 info_callback ignored
D/NativeCrypto( 4514): doing handshake -- ret=-1
D/NativeCrypto( 4514): ssl=0x68924c10 NativeCrypto_SSL_do_handshake ret=-1 errno=0 sslError=1 timeout_millis=60000
E/NativeCrypto( 4514): Unknown error during handshake
D/NativeCrypto( 4514): ssl=0x68924c10 NativeCrypto_SSL_do_handshake unclean error => 0
D/NativeCrypto( 4514): ssl=0x68924c10 NativeCrypto_SSL_interrupt
D/NativeCrypto( 4514):  sslNotify, appData=0x68905030 ret=1
D/NativeCrypto( 4514):  sslNotify, appData=0x68905030 ret=1
I/System.out( 4514): [CDS]close[44531]
I/System.out( 4514): close [socket][/0.0.0.0:44531]
W/OneSignal( 4514): OneSignalRestClient: null Error thrown from network stack. 
W/OneSignal( 4514): javax.net.ssl.SSLHandshakeException: javax.net.ssl.SSLProtocolException: SSL handshake aborted: ssl=0x68924c10: Failure in SSL library, usually a protocol error
W/OneSignal( 4514): error:14077102:SSL routines:SSL23_GET_SERVER_HELLO:unsupported protocol (external/openssl/ssl/s23_clnt.c:714 0x5d5a26fd:0x00000000)
W/OneSignal( 4514): 	at com.android.org.conscrypt.OpenSSLSocketImpl.startHandshake(OpenSSLSocketImpl.java:448)
W/OneSignal( 4514): 	at com.android.okhttp.Connection.upgradeToTls(Connection.java:146)
W/OneSignal( 4514): 	at com.android.okhttp.Connection.connect(Connection.java:107)
W/OneSignal( 4514): 	at com.android.okhttp.internal.http.HttpEngine.connect(HttpEngine.java:294)
W/OneSignal( 4514): 	at com.android.okhttp.internal.http.HttpEngine.sendSocketRequest(HttpEngine.java:255)
W/OneSignal( 4514): 	at com.android.okhttp.internal.http.HttpEngine.sendRequest(HttpEngine.java:206)
W/OneSignal( 4514): 	at com.android.okhttp.internal.http.HttpURLConnectionImpl.execute(HttpURLConnectionImpl.java:345)
W/OneSignal( 4514): 	at com.android.okhttp.internal.http.HttpURLConnectionImpl.getResponse(HttpURLConnectionImpl.java:296)
W/OneSignal( 4514): 	at com.android.okhttp.internal.http.HttpURLConnectionImpl.getResponseCode(HttpURLConnectionImpl.java:503)
W/OneSignal( 4514): 	at com.android.okhttp.internal.http.HttpsURLConnectionImpl.getResponseCode(HttpsURLConnectionImpl.java:136)
W/OneSignal( 4514): 	at com.onesignal.OneSignalRestClient.startHTTPConnection(OneSignalRestClient.java:184)
W/OneSignal( 4514): 	at com.onesignal.OneSignalRestClient.access$100(OneSignalRestClient.java:44)
W/OneSignal( 4514): 	at com.onesignal.OneSignalRestClient$4.run(OneSignalRestClient.java:113)
W/OneSignal( 4514): 	at java.lang.Thread.run(Thread.java:848)
W/OneSignal( 4514): Caused by: javax.net.ssl.SSLProtocolException: SSL handshake aborted: ssl=0x68924c10: Failure in SSL library, usually a protocol error
W/OneSignal( 4514): error:14077102:SSL routines:SSL23_GET_SERVER_HELLO:unsupported protocol (external/openssl/ssl/s23_clnt.c:714 0x5d5a26fd:0x00000000)
W/OneSignal( 4514): 	at com.android.org.conscrypt.NativeCrypto.SSL_do_handshake(Native Method)
W/OneSignal( 4514): 	at com.android.org.conscrypt.OpenSSLSocketImpl.startHandshake(OpenSSLSocketImpl.java:405)
W/OneSignal( 4514): 	... 13 more
D/dalvikvm( 4514): create interp thread : stack size=128KB
D/dalvikvm( 4514): create new thread
D/dalvikvm( 4514): new thread created
D/dalvikvm( 4514): update thread list
D/dalvikvm( 4514): threadid=29: interp stack at 0x68a94000
D/dalvikvm( 4514): threadid=29: created from interp
D/dalvikvm( 4514): threadid=29: adding to list
D/dalvikvm( 4514): start new thread
D/NativeCrypto( 4514): ssl=0x0 NativeCrypto_SSL_interrupt
D/dalvikvm( 4514): threadid=21: exiting
D/dalvikvm( 4514): threadid=21: detach (group=0x41889ce0)
D/dalvikvm( 4514): threadid=21: removing from list
D/dalvikvm( 4514): threadid=21: bye!
D/dalvikvm( 4514): threadid=29: notify debugger
D/dalvikvm( 4514): threadid=29 (OS_REST_FAILURE_CALLBACK): calling run()
D/dalvikvm( 4514): create interp thread : stack size=128KB
D/dalvikvm( 4514): create new thread
D/dalvikvm( 4514): new thread created
D/dalvikvm( 4514): update thread list
D/dalvikvm( 4514): threadid=21: interp stack at 0x67858000
D/dalvikvm( 4514): threadid=21: created from interp
D/dalvikvm( 4514): threadid=21: adding to list
D/dalvikvm( 4514): start new thread
D/dalvikvm( 4514): threadid=29: exiting
D/dalvikvm( 4514): threadid=29: detach (group=0x41889ce0)
D/dalvikvm( 4514): threadid=21: notify debugger
D/dalvikvm( 4514): threadid=21 (OS_PARAMS_REQUEST): calling run()
I/OneSignal( 4514): Failed to get Android parameters, trying again in 40 seconds.
D/dalvikvm( 4514): threadid=29: removing from list
D/dalvikvm( 4514): threadid=29: bye!
D/dalvikvm( 4514): threadid=19: exiting
D/dalvikvm( 4514): threadid=19: detach (group=0x41889ce0)
D/dalvikvm( 4514): threadid=19: removing from list
D/dalvikvm( 4514): threadid=19: bye!
I/ANRManager(  707): updateProcessStats
I/ANRManager(  707): CPU update time < 2.5sec
D/IPCThreadState( 1161): [DN #5] BR_CLEAR_DEATH_NOTIFICATION_DONE cookie 0x67d1dfe8
D/BatteryService(  707): mBatteryVoltage=4166, batteryLevel=50
V/ActivityManager(  707): Broadcast sticky: Intent { act=android.intent.action.BATTERY_CHANGED flg=0x60000010 (has extras) } ordered=false userid=-1 callerApp=null
D/PowerManagerService(  707): updateIsPoweredLocked: wasPowered=true, mIsPowered=true, oldPlugType=2, mPlugType=2, mBatteryLevel=100
D/PowerManagerService(  707): handleSandman: canDream=false, mWakefulness=Asleep
D/WifiService(  707): onReceive, action:android.intent.action.BATTERY_CHANGED
D/UsbDeviceManager(  707): onReceive - BATTERY_CHANGED - mPlugType: 2, mSettingUsbCharging: false, mConnected: true, mSettingUsbBicr: false
D/WifiController(  707): DeviceActiveState{ when=0 what=155652 arg1=2 target=com.android.internal.util.StateMachine$SmHandler target=Handler (com.android.internal.util.StateMachine$SmHandler) {422d7a70} }
D/WifiController(  707): StaEnabledState{ when=-1ms what=155652 arg1=2 target=com.android.internal.util.StateMachine$SmHandler target=Handler (com.android.internal.util.StateMachine$SmHandler) {422d7a70} }
D/WifiController(  707): DefaultState{ when=-1ms what=155652 arg1=2 target=com.android.internal.util.StateMachine$SmHandler target=Handler (com.android.internal.util.StateMachine$SmHandler) {422d7a70} }
D/KeyguardUpdateMonitor(  772): received broadcast android.intent.action.BATTERY_CHANGED
D/ADB_SERVICES(  211): adb fdevent_process list (15) (18) 
D/ADB_SERVICES(  211): adb socket read list (18) 
D/ADB_SERVICES(  211): read_data=23542
D/ADB_SERVICES(  211): max_read_time=0.000123 max_send_time=0.000069 
D/PowerUI (  772): action = android.intent.action.BATTERY_CHANGED
D/PowerUI (  772): Intent start() ret = false mHideLowBDialog= true
D/ADB_SERVICES(  211): adb local_socket_ready list (18) 
D/WifiController(  707): battery changed pluggedType: 2
D/WifiController(  707): wifiSleepPolicy:2
D/WifiController(  707): wifiSleepPolicy:2
D/PowerUI (  772): oldBatteryLevel = 100mBatteryLevel = 100
D/PowerUI (  772): dismissLowBatteryWarning
D/StatusBar.BatteryController(  772): BatteryController onReceive action is android.intent.action.BATTERY_CHANGED
D/StatusBar.BatteryController(  772): mBatteryPercentage is 100% mShouldShowBatteryPercentage is true mLabelViews.size() 1
D/StatusBar.BatteryController(  772): [Laptop] isPresent = false
D/KeyguardUpdateMonitor(  772): handleBatteryUpdate index=0 updateInteresting=false
W/ADB_SERVICES(  211): create_local_service_socket() name=shell:export ANDROID_LOG_TAGS="''"; exec logcat '-b' 'all' '-d' '-v' 'threadtime'
W/ADB_SERVICES(  211): service_to_fd() name=shell:export ANDROID_LOG_TAGS="''"; exec logcat '-b' 'all' '-d' '-v' 'threadtime'
W/ADB_SERVICES(  211): read_meminfo() mem_free=5980
W/ADB_SERVICES(  211): create_subprocess() ret_fd=23 pid=4574
W/ADB_SERVICES(  211): LS(178): bound to 'shell:export ANDROID_LOG_TAGS="''"; exec logcat '-b' 'all' '-d' '-v' 'threadtime'' via 23
W/ADB_SERVICES( 4574): adb: unable to open /proc/4574/oom_adj
D/ADB_SERVICES(  211):  closing because is_eof=1 r=-1 s->fde.force_eof=0
W/ADB_SERVICES(  211): entered. LS(178) fd=23
I/ANRManager(  707): updateProcessStats
D/BatteryService(  707): mBatteryVoltage=4162, batteryLevel=50
V/ActivityManager(  707): Broadcast sticky: Intent { act=android.intent.action.BATTERY_CHANGED flg=0x60000010 (has extras) } ordered=false userid=-1 callerApp=null
D/WifiService(  707): onReceive, action:android.intent.action.BATTERY_CHANGED
D/WifiController(  707): DeviceActiveState{ when=-1ms what=155652 arg1=2 target=com.android.internal.util.StateMachine$SmHandler target=Handler (com.android.internal.util.StateMachine$SmHandler) {422d7a70} }
D/WifiController(  707): StaEnabledState{ when=-1ms what=155652 arg1=2 target=com.android.internal.util.StateMachine$SmHandler target=Handler (com.android.internal.util.StateMachine$SmHandler) {422d7a70} }
D/WifiController(  707): DefaultState{ when=-1ms what=155652 arg1=2 target=com.android.internal.util.StateMachine$SmHandler target=Handler (com.android.internal.util.StateMachine$SmHandler) {422d7a70} }
D/WifiController(  707): battery changed pluggedType: 2
D/WifiController(  707): wifiSleepPolicy:2
D/WifiController(  707): wifiSleepPolicy:2
D/PowerManagerService(  707): updateIsPoweredLocked: wasPowered=true, mIsPowered=true, oldPlugType=2, mPlugType=2, mBatteryLevel=100
D/PowerManagerService(  707): handleSandman: canDream=false, mWakefulness=Asleep
D/KeyguardUpdateMonitor(  772): received broadcast android.intent.action.BATTERY_CHANGED
D/KeyguardUpdateMonitor(  772): handleBatteryUpdate index=0 updateInteresting=false
D/UsbDeviceManager(  707): onReceive - BATTERY_CHANGED - mPlugType: 2, mSettingUsbCharging: false, mConnected: true, mSettingUsbBicr: false
D/ADB_SERVICES(  211): adb fdevent_process list (15) (18) (23) 
D/ADB_SERVICES(  211): adb socket read list (18) (23) 
D/ADB_SERVICES(  211): read_data=4282
D/ADB_SERVICES(  211): max_read_time=0.000051 max_send_time=0.000061 
D/ADB_SERVICES(  211): adb local_socket_ready list (18) (23) 
D/PowerUI (  772): action = android.intent.action.BATTERY_CHANGED
D/PowerUI (  772): Intent start() ret = false mHideLowBDialog= true
D/PowerUI (  772): oldBatteryLevel = 100mBatteryLevel = 100
D/PowerUI (  772): dismissLowBatteryWarning
D/StatusBar.BatteryController(  772): BatteryController onReceive action is android.intent.action.BATTERY_CHANGED
D/StatusBar.BatteryController(  772): mBatteryPercentage is 100% mShouldShowBatteryPercentage is true mLabelViews.size() 1
D/StatusBar.BatteryController(  772): [Laptop] isPresent = false
V/ActivityManager(  707): Broadcast: Intent { act=android.intent.action.TIME_TICK flg=0x50000014 (has extras) } ordered=true userid=-1 callerApp=null
D/PowerManagerService(  707): acquireWakeLockInternal: lock=1110002184, flags=0x1, tag="AlarmManager", ws=WorkSource{1000}, uid=1000, pid=707
D/PowerManagerNotifier(  707): onWakeLockAcquired: flags=1, tag="AlarmManager", packageName=android, ownerUid=1000, ownerPid=707, workSource=WorkSource{1000}
D/PowerManagerService(  707): updateWakeLockSummaryLocked: mWakefulness=Asleep, mWakeLockSummary=0x1
D/ActivityThread(  707): BDC-Calling onReceive: intent=Intent { act=android.intent.action.TIME_TICK flg=0x50000014 (has extras) }, ordered=true, receiver=com.android.server.AlarmManagerService$ClockReceiver@42294e08, IIntentReceiver=42294ee0
D/PowerManagerService(  707): newScreenState = 0
D/PowerManagerDisplayController(  707): requestPowerState: screenState=0, useProximitySensor=false, forceProximitySensorEnable=false, forceWakeUpEnable=false, screenBrightness=30, screenAutoBrightnessAdjustment=0.0, useAutoBrightness=false, useEcoBrightness=false, blockScreenOn=false, waitForNegativeProximity=false
I/PowerManagerService(  707): setBrightness mButtonLight 0.
D/PowerManagerService(  707): updateScreenStateLocked: mDisplayReady=true, newScreenState=0, mWakefulness=0, mWakeLockSummary=0x1, mUserActivitySummary=0x0, mBootCompleted=true
D/PowerManagerService(  707): Acquiring suspend blocker "PowerManagerService.WakeLocks".
D/PowerManagerService(  707): handleSandman: canDream=false, mWakefulness=Asleep
D/ActivityThread(  707): BDC-Calling finishReceiver: IIntentReceiver=42294ee0
D/ActivityThread(  772): BDC-Calling onReceive: intent=Intent { act=android.intent.action.TIME_TICK flg=0x50000014 (has extras) }, ordered=true, receiver=com.android.keyguard.KeyguardUpdateMonitor$3@41b8edd8, IIntentReceiver=41b949f8
D/KeyguardUpdateMonitor(  772): received broadcast android.intent.action.TIME_TICK
D/ActivityThread(  772): BDC-Calling finishReceiver: IIntentReceiver=41b949f8
D/KeyguardUpdateMonitor(  772): handleTimeUpdate
D/KeyguardStatusView(  772): refresh mClockView.updateTime()
V/Provider/Settings(  772): get setting for user 0 by user 0 so skipping cache
V/Provider/Settings(  772):  from settings cache , name = date_format , value = dd-MM-yyyy
D/KeyguardStatusView(  772): refresh mClockView.updateTime()
D/KeyguardStatusView(  772): refresh refreshDate()
V/Provider/Settings(  772): get setting for user -2 by user 0 so skipping cache
V/Provider/Settings(  772): get setting for user -2 by user 0 so skipping cache
V/SettingsProvider(  707):    access setting for user 0
V/SettingsProvider(  707): call(system:next_alarm_formatted) for 0
D/SettingsProvider(  707): lookupValue table system cache contains Key next_alarm_formatted , value = Bundle[{value=}]
V/Provider/Settings(  772): from db cache, name = next_alarm_formatted , value = 
I/Provider/Settings(  772): call-query of user -2 by 0 so not updating cache
D/ActivityThread(  772): BDC-Calling onReceive: intent=Intent { act=android.intent.action.TIME_TICK flg=0x50000014 (has extras) }, ordered=true, receiver=com.android.systemui.statusbar.policy.Clock$1@41bd9148, IIntentReceiver=41d9bbe0
D/Clock   (  772): action =android.intent.action.TIME_TICK
V/Provider/Settings(  772): get setting for user 0 by user 0 so skipping cache
V/Provider/Settings(  772):  from settings cache , name = time_12_24 , value = 24
D/ActivityThread(  772): BDC-Calling finishReceiver: IIntentReceiver=41d9bbe0
D/ActivityThread(  772): BDC-Calling onReceive: intent=Intent { act=android.intent.action.TIME_TICK flg=0x50000014 (has extras) }, ordered=true, receiver=com.android.systemui.statusbar.policy.Clock$1@41be55d8, IIntentReceiver=41d9cdc8
D/Clock   (  772): action =android.intent.action.TIME_TICK
V/Provider/Settings(  772): get setting for user 0 by user 0 so skipping cache
V/Provider/Settings(  772):  from settings cache , name = time_12_24 , value = 24
D/ActivityThread(  772): BDC-Calling finishReceiver: IIntentReceiver=41d9cdc8
D/ActivityThread(  772): BDC-Calling onReceive: intent=Intent { act=android.intent.action.TIME_TICK flg=0x50000014 (has extras) }, ordered=true, receiver=com.android.systemui.statusbar.policy.DateView$1@41be6388, IIntentReceiver=41d9da70
D/ActivityThread(  772): BDC-Calling finishReceiver: IIntentReceiver=41d9da70
D/ActivityThread(  926): BDC-Calling onReceive: intent=Intent { act=android.intent.action.TIME_TICK flg=0x50000014 (has extras) }, ordered=true, receiver=android.widget.TextClock$2@41cbf720, IIntentReceiver=41de8b78
D/ActivityThread(  926): BDC-Calling finishReceiver: IIntentReceiver=41de8b78
D/ActivityThread(  926): BDC-Calling onReceive: intent=Intent { act=android.intent.action.TIME_TICK flg=0x50000014 (has extras) }, ordered=true, receiver=android.widget.TextClock$2@41e4d110, IIntentReceiver=41de9970
D/ActivityThread(  926): BDC-Calling finishReceiver: IIntentReceiver=41de9970
D/ActivityThread(  772): BDC-Calling onReceive: intent=Intent { act=android.intent.action.TIME_TICK flg=0x50000014 (has extras) }, ordered=true, receiver=com.android.keyguard.ClockView$TimeChangedReceiver@41b8ace8, IIntentReceiver=41b86428
D/ActivityThread(  772): BDC-Calling finishReceiver: IIntentReceiver=41b86428
D/PowerManagerService(  707): releaseWakeLockInternal: lock=1110002184 [AlarmManager], flags=0x0, total_time=69ms
D/PowerManagerNotifier(  707): onWakeLockReleased: flags=1, tag="AlarmManager", packageName=android, ownerUid=1000, ownerPid=707, workSource=WorkSource{1000}
D/PowerManagerService(  707): updateWakeLockSummaryLocked: mWakefulness=Asleep, mWakeLockSummary=0x0
D/PowerManagerService(  707): newScreenState = 0
D/PowerManagerDisplayController(  707): requestPowerState: screenState=0, useProximitySensor=false, forceProximitySensorEnable=false, forceWakeUpEnable=false, screenBrightness=30, screenAutoBrightnessAdjustment=0.0, useAutoBrightness=false, useEcoBrightness=false, blockScreenOn=false, waitForNegativeProximity=false
I/PowerManagerService(  707): setBrightness mButtonLight 0.
D/PowerManagerService(  707): updateScreenStateLocked: mDisplayReady=true, newScreenState=0, mWakefulness=0, mWakeLockSummary=0x0, mUserActivitySummary=0x0, mBootCompleted=true
D/PowerManagerService(  707): Releasing suspend blocker "PowerManagerService.WakeLocks".
D/PowerManagerService(  707): handleSandman: canDream=false, mWakefulness=Asleep
W/ADB_SERVICES(  211): create_local_service_socket() name=shell:am force-stop com.maleon.yepa
W/ADB_SERVICES(  211): service_to_fd() name=shell:am force-stop com.maleon.yepa
W/ADB_SERVICES(  211): read_meminfo() mem_free=5732
W/ADB_SERVICES(  211): create_subprocess() ret_fd=23 pid=4575
W/ADB_SERVICES(  211): LS(179): bound to 'shell:am force-stop com.maleon.yepa' via 23
W/ADB_SERVICES( 4575): adb: unable to open /proc/4575/oom_adj
D/AndroidRuntime( 4575): 
D/AndroidRuntime( 4575): >>>>>> AndroidRuntime START com.android.internal.os.RuntimeInit <<<<<<
D/AndroidRuntime( 4575): CheckJNI is OFF
D/AndroidRuntime( 4575): language=-Duser.language=es region=-Duser.region=US
D/dalvikvm( 4575): boot class : 
D/dalvikvm( 4575):   (0) core.jar
D/dalvikvm( 4575):   (1) conscrypt.jar
D/dalvikvm( 4575):   (2) okhttp.jar
D/dalvikvm( 4575):   (3) core-junit.jar
D/dalvikvm( 4575):   (4) bouncycastle.jar
D/dalvikvm( 4575):   (5) ext.jar
D/dalvikvm( 4575):   (6) framework.jar
D/dalvikvm( 4575):   (7) framework2.jar
D/dalvikvm( 4575):   (8) telephony-common.jar
D/dalvikvm( 4575):   (9) voip-common.jar
D/dalvikvm( 4575):   (10) mms-common.jar
D/dalvikvm( 4575):   (11) android.policy.jar
D/dalvikvm( 4575):   (12) services.jar
D/dalvikvm( 4575):   (13) apache-xml.jar
D/dalvikvm( 4575):   (14) webviewchromium.jar
D/dalvikvm( 4575):   (15) mediatek-common.jar
D/dalvikvm( 4575):   (16) mediatek-framework.jar
D/dalvikvm( 4575):   (17) CustomProperties.jar
D/dalvikvm( 4575):   (18) mediatek-telephony-common.jar
D/dalvikvm( 4575):   (19) mediatek-tablet.jar
D/dalvikvm( 4575):   (20) am.jar
D/dalvikvm( 4575): threadid=1: interp stack at 0x41e67000
D/dalvikvm( 4575): Trying to load lib libjavacore.so 0x0
D/dalvikvm( 4575): Added shared lib libjavacore.so 0x0
D/dalvikvm( 4575): Trying to load lib libnativehelper.so 0x0
D/dalvikvm( 4575): Added shared lib libnativehelper.so 0x0
D/dalvikvm( 4575): No JNI_OnLoad found in libnativehelper.so 0x0, skipping init
D/dalvikvm( 4575): +++ finishing prep on main VM thread
D/dalvikvm( 4575): create interp thread : stack size=128KB
D/dalvikvm( 4575): create new thread
D/dalvikvm( 4575): new thread created
D/dalvikvm( 4575): update thread list
D/dalvikvm( 4575): threadid=2: interp stack at 0x5b8f2000
D/dalvikvm( 4575): threadid=2: created from interp
D/dalvikvm( 4575): threadid=2: adding to list
D/dalvikvm( 4575): start new thread
D/dalvikvm( 4575): create interp thread : stack size=128KB
D/dalvikvm( 4575): create new thread
D/dalvikvm( 4575): new thread created
D/dalvikvm( 4575): update thread list
D/dalvikvm( 4575): threadid=2: notify debugger
D/dalvikvm( 4575): threadid=2 (ReferenceQueueDaemon): calling run()
D/dalvikvm( 4575): threadid=3: interp stack at 0x5ba12000
D/dalvikvm( 4575): threadid=3: created from interp
D/dalvikvm( 4575): threadid=3: adding to list
D/dalvikvm( 4575): start new thread
D/dalvikvm( 4575): create interp thread : stack size=128KB
D/dalvikvm( 4575): create new thread
D/dalvikvm( 4575): new thread created
D/dalvikvm( 4575): update thread list
D/dalvikvm( 4575): threadid=3: notify debugger
D/dalvikvm( 4575): threadid=4: interp stack at 0x5bb32000
D/dalvikvm( 4575): threadid=4: created from interp
D/dalvikvm( 4575): threadid=4: adding to list
D/dalvikvm( 4575): start new thread
D/dalvikvm( 4575): threadid=4: notify debugger
D/dalvikvm( 4575): threadid=4 (FinalizerWatchdogDaemon): calling run()
D/dalvikvm( 4575): threadid=5: interp stack at 0x5bd52000
D/dalvikvm( 4575): threadid=5: adding to list (attached)
D/dalvikvm( 4575): threadid=5: attached from native, name=GC
D/dalvikvm( 4575): threadid=3 (FinalizerDaemon): calling run()
D/dalvikvm( 4575): threadid=5: internal 'GC'
D/dalvikvm( 4575): threadid=6: interp stack at 0x5be72000
D/dalvikvm( 4575): threadid=6: adding to list (attached)
D/dalvikvm( 4575): threadid=6: attached from native, name=Signal Catcher
D/jdwp    ( 4575): prepping for JDWP over ADB
D/dalvikvm( 4575): threadid=6: internal 'Signal Catcher'
D/dalvikvm( 4575): Elevating priority from 0 to -8
D/dalvikvm( 4575): threadid=7: interp stack at 0x5bf95000
D/dalvikvm( 4575): threadid=7: adding to list (attached)
D/dalvikvm( 4575): threadid=7: attached from native, name=JDWP
D/dalvikvm( 4575): threadid=7: internal 'JDWP'
D/jdwp    ( 4575): JDWP: thread running
D/jdwp    ( 4575): trying to receive file descriptor from ADB
D/ADB_SERVICES(  211): Adding socket 24 pid 4575 to jdwp process list
D/dalvikvm( 4575): threadid=8: interp stack at 0x5c0b6000
D/dalvikvm( 4575): threadid=8: adding to list (attached)
D/dalvikvm( 4575): threadid=8: attached from native, name=Compiler
D/dalvikvm( 4575): threadid=8: internal 'Compiler'
D/dalvikvm( 4575): threadid=8: SuspendAll starting
D/dalvikvm( 4575): threadid=1: self-suspending
E/cutils-trace( 4575): Error opening trace file: No such file or directory (2)
D/dalvikvm( 4575): threadid=8:   threadid=1 status=9 sc=1 dc=0
D/dalvikvm( 4575): threadid=8:   threadid=7 status=8 sc=1 dc=0
D/dalvikvm( 4575): threadid=8:   threadid=6 status=8 sc=1 dc=0
D/dalvikvm( 4575): threadid=8:   threadid=5 status=8 sc=1 dc=0
D/dalvikvm( 4575): threadid=8:   threadid=4 status=4 sc=1 dc=0
D/dalvikvm( 4575): threadid=8:   threadid=3 status=4 sc=1 dc=0
D/dalvikvm( 4575): threadid=8:   threadid=2 status=4 sc=1 dc=0
D/dalvikvm( 4575): threadid=8: SuspendAll complete : 1
D/dalvikvm( 4575): threadid=8: ResumeAll starting
D/dalvikvm( 4575): threadid=8: ResumeAll waking others
D/dalvikvm( 4575): threadid=8: ResumeAll complete
D/dalvikvm( 4575): threadid=1: self-reviving, status=1
D/dalvikvm( 4575): Note: class Landroid/app/ActivityManagerNative; has 188 unimplemented (abstract) methods
E/memtrack( 4575): Couldn't load memtrack module (No such file or directory)
E/android.os.Debug( 4575): failed to load memtrack module: -2
D/AndroidRuntime( 4575): Calling main entry com.android.commands.am.Am
D/dalvikvm( 4575): threadid=9: interp stack at 0x5c598000
D/dalvikvm( 4575): threadid=9: adding to list (attached)
D/dalvikvm( 4575): threadid=9: attached from native, name=Binder_1
D/dalvikvm( 4575): threadid=10: interp stack at 0x5c6b8000
D/dalvikvm( 4575): threadid=10: adding to list (attached)
D/dalvikvm( 4575): threadid=10: attached from native, name=Binder_2
I/ActivityManager(  707): Force stopping com.maleon.yepa appid=10165 user=0: from pid 4575
I/ActivityManager(  707): Killing 4514:com.maleon.yepa/u0a165 (adj 0): stop com.maleon.yepa
W/ActivityManager(  707): Force removing ActivityRecord{41b70618 u0 com.maleon.yepa/crc64d4a39d583cbee055.MainActivity t10}: app died, no saved state
D/IPCThreadState(  707): [DN #5] BR_CLEAR_DEATH_NOTIFICATION_DONE cookie 0x638f6c68
D/ConnectivityService(  707): onUidRulesChanged(uid=10165, uidRules=0)
V/ActivityManager(  707): Broadcast: Intent { act=android.intent.action.PACKAGE_RESTARTED dat=package:com.maleon.yepa flg=0x10 (has extras) } ordered=false userid=0 callerApp=null
D/AndroidRuntime( 4575): Shutting down VM
D/dalvikvm( 4575): threadid=1: detach (group=0x41eb8ce0)
D/dalvikvm( 4575): threadid=10: detach (group=0x41eb8ce0)
D/dalvikvm( 4575): threadid=1: removing from list
D/dalvikvm( 4575): threadid=1: bye!
D/dalvikvm( 4575): DestroyJavaVM waiting for non-daemon threads to exit
D/dalvikvm( 4575): threadid=9: detach (group=0x41eb8ce0)
D/dalvikvm( 4575): threadid=10: removing from list
D/dalvikvm( 4575): threadid=10: bye!
D/NetworkPolicy(  707): onRecv: MSG_FOREGROUND_ACTIVITIES_CHANGED pid:uid:act=926:10012:true
D/dalvikvm( 4575): threadid=9: removing from list
D/dalvikvm( 4575): threadid=9: bye!
D/dalvikvm( 4575): threadid=1: interp stack at 0x5c5b8000
D/dalvikvm( 4575): threadid=1: adding to list (attached)
D/dalvikvm( 4575): threadid=1: attached from native, name=(null)
D/dalvikvm( 4575): DestroyJavaVM shutting VM down
D/dalvikvm( 4575): VM shutting down
D/dalvikvm( 4575): threadid=5: SuspendAll starting
D/dalvikvm( 4575): threadid=5:   threadid=8 status=8 sc=1 dc=0
D/dalvikvm( 4575): threadid=5:   threadid=1 status=8 sc=1 dc=0
D/dalvikvm( 4575): threadid=5:   threadid=7 status=8 sc=1 dc=0
D/dalvikvm( 4575): threadid=5:   threadid=6 status=8 sc=1 dc=0
D/dalvikvm( 4575): threadid=5:   threadid=4 status=4 sc=1 dc=0
D/dalvikvm( 4575): threadid=5:   threadid=3 status=4 sc=1 dc=0
D/dalvikvm( 4575): threadid=5:   threadid=2 status=4 sc=1 dc=0
D/dalvikvm( 4575): threadid=5: SuspendAll complete : 1
D/dalvikvm( 4575): threadid=5: ResumeAll starting
D/dalvikvm( 4575): threadid=5: ResumeAll waking others
D/dalvikvm( 4575): threadid=5: ResumeAll complete
D/dalvikvm( 4575): threadid=5: SuspendAll starting
D/dalvikvm( 4575): threadid=5:   threadid=8 status=8 sc=1 dc=0
D/dalvikvm( 4575): threadid=5:   threadid=1 status=8 sc=1 dc=0
D/dalvikvm( 4575): threadid=5:   threadid=7 status=8 sc=1 dc=0
D/dalvikvm( 4575): threadid=5:   threadid=6 status=8 sc=1 dc=0
D/dalvikvm( 4575): threadid=5:   threadid=4 status=4 sc=1 dc=0
D/dalvikvm( 4575): threadid=5:   threadid=3 status=4 sc=1 dc=0
D/dalvikvm( 4575): threadid=5:   threadid=2 status=4 sc=1 dc=0
D/dalvikvm( 4575): threadid=5: SuspendAll complete : 1
D/dalvikvm( 4575): threadid=5: ResumeAll starting
D/dalvikvm( 4575): threadid=5: ResumeAll waking others
D/dalvikvm( 4575): threadid=5: ResumeAll complete
D/ConnectivityService(  707): onUidRulesChanged(uid=10012, uidRules=0)
D/dalvikvm( 4575): GC_CONCURRENT freed 94K (959), 15% free 580K/676K, paused 0ms+0ms, total 10ms
D/dalvikvm( 4575): threadid=5: detach (group=0x41eb89b8)
D/dalvikvm( 4575): threadid=5: removing from list
D/dalvikvm( 4575): threadid=5: bye!
D/jdwp    ( 4575): JDWP shutting down net...
D/jdwp    ( 4575): +++ writing to wakePipe
E/jdwp    ( 4575): jdwp::setsockopt(SO_SNDTIMEO)
E/jdwp    ( 4575): jdwp::setsockopt(SO_RCVTIMEO)
D/jdwp    ( 4575): JDWP: thread exiting
D/dalvikvm( 4575): threadid=7: detach (group=0x41eb89b8)
D/dalvikvm( 4575): threadid=7: removing from list
D/dalvikvm( 4575): threadid=7: bye!
D/jdwp    ( 4575): JDWP freeing netstate...
W/ADB_SERVICES(  211): terminating JDWP 4575 connection: Try again
D/ADB_SERVICES(  211): remove pid 4575 to jdwp process list
I/dalvikvm( 4575): threadid=6: ignore signal 3
D/dalvikvm( 4575): threadid=6: detach (group=0x41eb89b8)
D/dalvikvm( 4575): threadid=6: removing from list
D/dalvikvm( 4575): threadid=6: bye!
D/dalvikvm( 4575): 120 compilations using 4096 + 13028 bytes
D/dalvikvm( 4575): Compiler arena uses 7 blocks (8100 bytes each)
D/dalvikvm( 4575): Compiler work queue length is 0/9
D/dalvikvm( 4575): JIT: table size is 4096, entries used is 127
D/dalvikvm( 4575): JIT: 127 traces, 4096 slots, 0 chains, 40 thresh, Non-blocking
D/dalvikvm( 4575): JIT: 70 Translation chains, 7 interp stubs
D/dalvikvm( 4575): dalvik.vm.jit.op = 0-2,7,a,c,e-f,11-14,1c-1e,21,23,28,2c,32-39,44,46,48-49,4b,4d,50,52,54-55,59,62,70-71,8e,90,95-96,b0-b1,b5,d5,d8,da,dd,e0-e2,ee,f0-f2,f4-f6,f8,
D/dalvikvm( 4575): Code size stats: 0/466 (compiled/total Dalvik), 0 (native)
D/dalvikvm( 4575): Compiler thread shutting down
D/dalvikvm( 4575): threadid=8: detach (group=0x41eb89b8)
D/dalvikvm( 4575): threadid=8: removing from list
D/dalvikvm( 4575): threadid=8: bye!
D/dalvikvm( 4575): Compiler thread has shut down
D/dalvikvm( 4575): threadid=1: suspending daemon id=4 name='FinalizerWatchdogDaemon'
D/dalvikvm( 4575): threadid=1: suspending daemon id=3 name='FinalizerDaemon'
D/dalvikvm( 4575): threadid=1: suspending daemon id=2 name='ReferenceQueueDaemon'
V/Provider/Settings(  707): get setting for user 0 by user 0 so skipping cache
V/Provider/Settings(  707):  from settings cache , name = default_input_method , value = com.android.inputmethod.latin/.LatinIME
I/NotificationService(  707): queryReplace=false
D/IPCThreadState(  707): [DN #5] BR_DEAD_BINDER cookie 0x638f6d00
D/IPCThreadState(  707): [DN #5] BR_DEAD_BINDER cookie 0x63c84118
D/IPCThreadState(  171): [DN #5] BR_DEAD_BINDER cookie 0xb75f7e30
D/IPCThreadState(  707): [DN #5] BR_DEAD_BINDER cookie 0x62d8ec80
I/SurfaceFlinger(  171): EventThread Client Pid (4514) disconnected by (171)
D/IPCThreadState(  707): [DN #5] BR_DEAD_BINDER cookie 0x63c26548
I/BufferQueue(  171): [com.maleon.yepa/crc64d4a39d583cbee055.MainActivity](this:0xb75e9848,id:124,api:1,p:-1,c:171) disconnect: api=1
I/BufferQueue(  171): [com.maleon.yepa/crc64d4a39d583cbee055.MainActivity](this:0xb75e9848,id:124,api:0,p:-1,c:171) getReleasedBuffers: returning mask 0xffffffff
I/GLConsumer(  171): [com.maleon.yepa/crc64d4a39d583cbee055.MainActivity](this:0xb75f7868,api:0) destroying EGLImage dpy=0x1 img=0x10000004
D/IPCThreadState(  171): [DN #5] BR_CLEAR_DEATH_NOTIFICATION_DONE cookie 0xb75f7e30
W/ADB_SERVICES(  211): terminating JDWP 4514 connection: Try again
D/ADB_SERVICES(  211): remove pid 4514 to jdwp process list
D/ADB_SERVICES(  211):  closing because is_eof=1 r=-1 s->fde.force_eof=0
W/ADB_SERVICES(  211): entered. LS(174) fd=21
D/ADB_SERVICES(  211):  closing because is_eof=1 r=0 s->fde.force_eof=0
W/ADB_SERVICES(  211): entered. LS(173) fd=19
D/ADB_SERVICES(  211):  closing because is_eof=1 r=0 s->fde.force_eof=0
W/ADB_SERVICES(  211): entered. LS(175) fd=22
D/IPCThreadState(  707): [DN #5] BR_CLEAR_DEATH_NOTIFICATION_DONE cookie 0x63c84118
I/WindowState(  707): WIN DEATH: Window{431bafc0 u0 com.maleon.yepa/crc64d4a39d583cbee055.MainActivity}
D/DisplayManagerService(  707): Display listener for pid 4514 died.
D/IPCThreadState(  707): [DN #5] BR_CLEAR_DEATH_NOTIFICATION_DONE cookie 0x638f6d00
E/InputDispatcher(  707): Received spurious receive callback for unknown input channel.  fd=229, events=0x9
I/BufferQueue(  171): [com.maleon.yepa/crc64d4a39d583cbee055.MainActivity](this:0xb75e9848,id:124,api:0,p:-1,c:-1) consumerDisconnect
I/BufferQueue(  171): [com.maleon.yepa/crc64d4a39d583cbee055.MainActivity](this:0xb75e9848,id:124,api:0,p:-1,c:-1) ~BufferQueue
I/GraphicBuffer(  171): free buffer (w:320 h:480 f:1) handle(0xb75db010)
W/hwcomposer(  171): [JOB] set bypass job: dpy(0) since job not created
D/IPCThreadState(  707): [DN #5] BR_CLEAR_DEATH_NOTIFICATION_DONE cookie 0x63c26548
D/IPCThreadState(  707): [DN #5] BR_CLEAR_DEATH_NOTIFICATION_DONE cookie 0x62d8ec80
W/hwcomposer(  171): [JOB] set bypass job: dpy(0) since job not created
D/dalvikvm( 4575): threadid=1: all daemons have suspended
D/dalvikvm( 4575): VM cleaning up
D/dalvikvm( 4575): LinearAlloc 0x0 used 1323612 of 16777216 (7%)
D/dalvikvm( 4575): -class
D/dalvikvm( 4575): -RegisterMap
D/dalvikvm( 4575): -Instanceof
D/dalvikvm( 4575): -InlineNative
D/dalvikvm( 4575): -GC
D/dalvikvm( 4575): -AllocTracker
D/dalvikvm( 4575): -Native
D/dalvikvm( 4575): -InternalNative
D/dalvikvm( 4575): -InlineSubsTable
D/dalvikvm( 4575): -AssertionCtrl
D/dalvikvm( 4575): -QuasiAtomics
D/ADB_SERVICES(  211):  closing because is_eof=1 r=-1 s->fde.force_eof=0
W/ADB_SERVICES(  211): entered. LS(179) fd=23
W/ADB_SERVICES(  211): create_local_service_socket() name=shell:setprop "debug.mono.connect" ""
W/ADB_SERVICES(  211): service_to_fd() name=shell:setprop "debug.mono.connect" ""
W/ADB_SERVICES(  211): read_meminfo() mem_free=36420
W/ADB_SERVICES(  211): create_subprocess() ret_fd=19 pid=4585
W/ADB_SERVICES(  211): LS(180): bound to 'shell:setprop "debug.mono.connect" ""' via 19
W/ADB_SERVICES( 4585): adb: unable to open /proc/4585/oom_adj
D/ADB_SERVICES(  211):  closing because is_eof=1 r=-1 s->fde.force_eof=0
W/ADB_SERVICES(  211): entered. LS(180) fd=19
D/ADB_SERVICES(  211): recv: CLSE 0000097a 000000a5 
W/ADB_SERVICES(  211): entered. LS(165) fd=18
D/ActivityThread( 3330): SVC-Calling onStartCommand: com.google.android.gms.chimera.GmsBoundBrokerService@42340228, flags=0, startId=4
D/ActivityThread( 3330): SVC-SERVICE_ARGS handled : 0 / ServiceArgsData{token=android.os.BinderProxy@41fed910 startId=4 args=Intent { cmp=com.google.android.gms/.chimera.GmsBoundBrokerService (has extras) }}
D/ADB_SERVICES(  211): adb fdevent_process list (15) (18) (5) (24) (20) (21) (19) (22) (23) 
W/ADB_SERVICES(  211): create_local_service_socket() name=shell:export ANDROID_LOG_TAGS="''"; exec logcat '-b' 'all' '-d' '-v' 'threadtime'
W/ADB_SERVICES(  211): service_to_fd() name=shell:export ANDROID_LOG_TAGS="''"; exec logcat '-b' 'all' '-d' '-v' 'threadtime'
W/ADB_SERVICES(  211): read_meminfo() mem_free=37112
W/ADB_SERVICES(  211): create_subprocess() ret_fd=18 pid=4587
W/ADB_SERVICES(  211): LS(181): bound to 'shell:export ANDROID_LOG_TAGS="''"; exec logcat '-b' 'all' '-d' '-v' 'threadtime'' via 18
D/ADB_SERVICES(  211): adb local_socket_ready list (18) (23) (19) 
W/ADB_SERVICES( 4587): adb: unable to open /proc/4587/oom_adj
D/ADB_SERVICES(  211): adb socket read list (18) (21) (19) (22) (23) 
D/ADB_SERVICES(  211): read_data=29262
D/ADB_SERVICES(  211): max_read_time=0.000105 max_send_time=0.000171 
D/ADB_SERVICES(  211):  closing because is_eof=1 r=-1 s->fde.force_eof=0
W/ADB_SERVICES(  211): entered. LS(181) fd=18
V/Provider/Settings(  707): get setting for user 0 by user 0 so skipping cache
V/Provider/Settings(  707):  from settings cache , name = sys_free_storage_log_interval , value = null
V/Provider/Settings(  707): get setting for user 0 by user 0 so skipping cache
V/Provider/Settings(  707):  from settings cache , name = disk_free_change_reporting_threshold , value = null
D/AES     (  707): RT Monitor ERROR: open /dev/RT_Monitor failed.
D/InputReader(  707): InputReader::monitor: lock
D/InputReader(  707): InputReader::monitor: wait 
D/InputReader(  707): InputReader::monitor: unlock
D/InputReader(  707): InputReader::monitor: done
D/BatteryService(  707): mBatteryVoltage=4159, batteryLevel=50
V/ActivityManager(  707): Broadcast sticky: Intent { act=android.intent.action.BATTERY_CHANGED flg=0x60000010 (has extras) } ordered=false userid=-1 callerApp=null
D/WifiService(  707): onReceive, action:android.intent.action.BATTERY_CHANGED
D/UsbDeviceManager(  707): onReceive - BATTERY_CHANGED - mPlugType: 2, mSettingUsbCharging: false, mConnected: true, mSettingUsbBicr: false
D/PowerManagerService(  707): updateIsPoweredLocked: wasPowered=true, mIsPowered=true, oldPlugType=2, mPlugType=2, mBatteryLevel=100
D/PowerManagerService(  707): handleSandman: canDream=false, mWakefulness=Asleep
D/WifiController(  707): DeviceActiveState{ when=-1ms what=155652 arg1=2 target=com.android.internal.util.StateMachine$SmHandler target=Handler (com.android.internal.util.StateMachine$SmHandler) {422d7a70} }
D/WifiController(  707): StaEnabledState{ when=-1ms what=155652 arg1=2 target=com.android.internal.util.StateMachine$SmHandler target=Handler (com.android.internal.util.StateMachine$SmHandler) {422d7a70} }
D/WifiController(  707): DefaultState{ when=-1ms what=155652 arg1=2 target=com.android.internal.util.StateMachine$SmHandler target=Handler (com.android.internal.util.StateMachine$SmHandler) {422d7a70} }
D/WifiController(  707): battery changed pluggedType: 2
D/WifiController(  707): wifiSleepPolicy:2
D/WifiController(  707): wifiSleepPolicy:2
D/KeyguardUpdateMonitor(  772): received broadcast android.intent.action.BATTERY_CHANGED
D/PowerUI (  772): action = android.intent.action.BATTERY_CHANGED
D/PowerUI (  772): Intent start() ret = false mHideLowBDialog= true
