D/WifiService(  707): onReceive, action:android.intent.action.BATTERY_CHANGED
D/UsbDeviceManager(  707): onReceive - BATTERY_CHANGED - mPlugType: 2, mSettingUsbCharging: false, mConnected: true, mSettingUsbBicr: false
D/PowerManagerService(  707): updateIsPoweredLocked: wasPowered=true, mIsPowered=true, oldPlugType=2, mPlugType=2, mBatteryLevel=100
D/PowerManagerService(  707): handleSandman: canDream=false, mWakefulness=Asleep
D/WifiController(  707): DeviceActiveState{ when=-3ms what=155652 arg1=2 target=com.android.internal.util.StateMachine$SmHandler target=Handler (com.android.internal.util.StateMachine$SmHandler) {422d7a70} }
D/WifiController(  707): StaEnabledState{ when=-3ms what=155652 arg1=2 target=com.android.internal.util.StateMachine$SmHandler target=Handler (com.android.internal.util.StateMachine$SmHandler) {422d7a70} }
D/WifiController(  707): DefaultState{ when=-3ms what=155652 arg1=2 target=com.android.internal.util.StateMachine$SmHandler target=Handler (com.android.internal.util.StateMachine$SmHandler) {422d7a70} }
D/WifiController(  707): battery changed pluggedType: 2
D/WifiController(  707): wifiSleepPolicy:2
D/WifiController(  707): wifiSleepPolicy:2
D/KeyguardUpdateMonitor(  772): received broadcast android.intent.action.BATTERY_CHANGED
D/PowerUI (  772): action = android.intent.action.BATTERY_CHANGED
D/PowerUI (  772): Intent start() ret = false mHideLowBDialog= true
D/PowerUI (  772): oldBatteryLevel = 100mBatteryLevel = 100
D/PowerUI (  772): dismissLowBatteryWarning
D/StatusBar.BatteryController(  772): BatteryController onReceive action is android.intent.action.BATTERY_CHANGED
D/StatusBar.BatteryController(  772): mBatteryPercentage is 100% mShouldShowBatteryPercentage is true mLabelViews.size() 1
D/StatusBar.BatteryController(  772): [Laptop] isPresent = false
D/KeyguardUpdateMonitor(  772): handleBatteryUpdate index=0 updateInteresting=false
V/ActivityManager(  707): Broadcast: Intent { act=android.intent.action.TIME_TICK flg=0x50000014 (has extras) } ordered=true userid=-1 callerApp=null
D/PowerManagerService(  707): acquireWakeLockInternal: lock=1110002184, flags=0x1, tag="AlarmManager", ws=WorkSource{1000}, uid=1000, pid=707
D/PowerManagerNotifier(  707): onWakeLockAcquired: flags=1, tag="AlarmManager", packageName=android, ownerUid=1000, ownerPid=707, workSource=WorkSource{1000}
D/PowerManagerService(  707): updateWakeLockSummaryLocked: mWakefulness=Asleep, mWakeLockSummary=0x1
D/PowerManagerService(  707): newScreenState = 0
D/ActivityThread(  707): BDC-Calling onReceive: intent=Intent { act=android.intent.action.TIME_TICK flg=0x50000014 (has extras) }, ordered=true, receiver=com.android.server.AlarmManagerService$ClockReceiver@42294e08, IIntentReceiver=42294ee0
D/PowerManagerDisplayController(  707): requestPowerState: screenState=0, useProximitySensor=false, forceProximitySensorEnable=false, forceWakeUpEnable=false, screenBrightness=30, screenAutoBrightnessAdjustment=0.0, useAutoBrightness=false, useEcoBrightness=false, blockScreenOn=false, waitForNegativeProximity=false
I/PowerManagerService(  707): setBrightness mButtonLight 0.
D/PowerManagerService(  707): updateScreenStateLocked: mDisplayReady=true, newScreenState=0, mWakefulness=0, mWakeLockSummary=0x1, mUserActivitySummary=0x0, mBootCompleted=true
D/PowerManagerService(  707): Acquiring suspend blocker "PowerManagerService.WakeLocks".
D/PowerManagerService(  707): handleSandman: canDream=false, mWakefulness=Asleep
D/ActivityThread(  707): BDC-Calling finishReceiver: IIntentReceiver=42294ee0
D/ActivityThread(  772): BDC-Calling onReceive: intent=Intent { act=android.intent.action.TIME_TICK flg=0x50000014 (has extras) }, ordered=true, receiver=com.android.keyguard.KeyguardUpdateMonitor$3@41b8edd8, IIntentReceiver=41b949f8
D/KeyguardUpdateMonitor(  772): received broadcast android.intent.action.TIME_TICK
D/ActivityThread(  772): BDC-Calling finishReceiver: IIntentReceiver=41b949f8
D/KeyguardUpdateMonitor(  772): handleTimeUpdate
D/KeyguardStatusView(  772): refresh mClockView.updateTime()
V/Provider/Settings(  772): get setting for user 0 by user 0 so skipping cache
V/Provider/Settings(  772):  from settings cache , name = date_format , value = dd-MM-yyyy
D/KeyguardStatusView(  772): refresh mClockView.updateTime()
D/KeyguardStatusView(  772): refresh refreshDate()
V/Provider/Settings(  772): get setting for user -2 by user 0 so skipping cache
V/Provider/Settings(  772): get setting for user -2 by user 0 so skipping cache
V/SettingsProvider(  707):    access setting for user 0
V/SettingsProvider(  707): call(system:next_alarm_formatted) for 0
D/SettingsProvider(  707): lookupValue table system cache contains Key next_alarm_formatted , value = Bundle[{value=}]
V/Provider/Settings(  772): from db cache, name = next_alarm_formatted , value = 
I/Provider/Settings(  772): call-query of user -2 by 0 so not updating cache
D/ActivityThread(  772): BDC-Calling onReceive: intent=Intent { act=android.intent.action.TIME_TICK flg=0x50000014 (has extras) }, ordered=true, receiver=com.android.systemui.statusbar.policy.Clock$1@41bd9148, IIntentReceiver=41d9bbe0
D/Clock   (  772): action =android.intent.action.TIME_TICK
V/Provider/Settings(  772): get setting for user 0 by user 0 so skipping cache
V/Provider/Settings(  772):  from settings cache , name = time_12_24 , value = 24
D/ActivityThread(  772): BDC-Calling finishReceiver: IIntentReceiver=41d9bbe0
D/ActivityThread(  772): BDC-Calling onReceive: intent=Intent { act=android.intent.action.TIME_TICK flg=0x50000014 (has extras) }, ordered=true, receiver=com.android.systemui.statusbar.policy.Clock$1@41be55d8, IIntentReceiver=41d9cdc8
D/Clock   (  772): action =android.intent.action.TIME_TICK
V/Provider/Settings(  772): get setting for user 0 by user 0 so skipping cache
V/Provider/Settings(  772):  from settings cache , name = time_12_24 , value = 24
D/ActivityThread(  772): BDC-Calling finishReceiver: IIntentReceiver=41d9cdc8
D/ActivityThread(  772): BDC-Calling onReceive: intent=Intent { act=android.intent.action.TIME_TICK flg=0x50000014 (has extras) }, ordered=true, receiver=com.android.systemui.statusbar.policy.DateView$1@41be6388, IIntentReceiver=41d9da70
D/ActivityThread(  772): BDC-Calling finishReceiver: IIntentReceiver=41d9da70
D/ActivityThread(  926): BDC-Calling onReceive: intent=Intent { act=android.intent.action.TIME_TICK flg=0x50000014 (has extras) }, ordered=true, receiver=android.widget.TextClock$2@41cbf720, IIntentReceiver=41de8b78
D/ActivityThread(  926): BDC-Calling finishReceiver: IIntentReceiver=41de8b78
D/ActivityThread(  926): BDC-Calling onReceive: intent=Intent { act=android.intent.action.TIME_TICK flg=0x50000014 (has extras) }, ordered=true, receiver=android.widget.TextClock$2@41e4d110, IIntentReceiver=41de9970
D/ActivityThread(  926): BDC-Calling finishReceiver: IIntentReceiver=41de9970
D/ActivityThread(  772): BDC-Calling onReceive: intent=Intent { act=android.intent.action.TIME_TICK flg=0x50000014 (has extras) }, ordered=true, receiver=com.android.keyguard.ClockView$TimeChangedReceiver@41b8ace8, IIntentReceiver=41b86428
D/ActivityThread(  772): BDC-Calling finishReceiver: IIntentReceiver=41b86428
D/PowerManagerService(  707): releaseWakeLockInternal: lock=1110002184 [AlarmManager], flags=0x0, total_time=36ms
D/PowerManagerNotifier(  707): onWakeLockReleased: flags=1, tag="AlarmManager", packageName=android, ownerUid=1000, ownerPid=707, workSource=WorkSource{1000}
D/PowerManagerService(  707): updateWakeLockSummaryLocked: mWakefulness=Asleep, mWakeLockSummary=0x0
D/PowerManagerService(  707): newScreenState = 0
D/PowerManagerDisplayController(  707): requestPowerState: screenState=0, useProximitySensor=false, forceProximitySensorEnable=false, forceWakeUpEnable=false, screenBrightness=30, screenAutoBrightnessAdjustment=0.0, useAutoBrightness=false, useEcoBrightness=false, blockScreenOn=false, waitForNegativeProximity=false
I/PowerManagerService(  707): setBrightness mButtonLight 0.
D/PowerManagerService(  707): updateScreenStateLocked: mDisplayReady=true, newScreenState=0, mWakefulness=0, mWakeLockSummary=0x0, mUserActivitySummary=0x0, mBootCompleted=true
D/PowerManagerService(  707): Releasing suspend blocker "PowerManagerService.WakeLocks".
D/PowerManagerService(  707): handleSandman: canDream=false, mWakefulness=Asleep
D/dalvikvm( 3330): create interp thread : stack size=128KB
D/dalvikvm( 3330): create new thread
D/dalvikvm( 3330): new thread created
D/dalvikvm( 3330): update thread list
D/dalvikvm( 3330): threadid=12: interp stack at 0x62f89000
D/dalvikvm( 3330): threadid=12: created from interp
D/dalvikvm( 3330): threadid=12: adding to list
D/dalvikvm( 3330): start new thread
D/dalvikvm( 3330): threadid=12: notify debugger
D/dalvikvm( 3330): threadid=12 (Thread-809): calling run()
D/dalvikvm( 3330): threadid=12: exiting
D/dalvikvm( 3330): threadid=12: detach (group=0x41889ce0)
D/dalvikvm( 3330): threadid=12: removing from list
D/dalvikvm( 3330): threadid=12: bye!
D/ActivityThread( 3330): SVC-Calling onStartCommand: com.google.android.gms.chimera.GmsBoundBrokerService@42340228, flags=0, startId=8
D/ActivityThread( 3330): SVC-SERVICE_ARGS handled : 0 / ServiceArgsData{token=android.os.BinderProxy@41fed910 startId=8 args=Intent { cmp=com.google.android.gms/.chimera.GmsBoundBrokerService (has extras) }}
I/ANRManager(  707): updateProcessStats
V/Provider/Settings(  707): get setting for user 0 by user 0 so skipping cache
V/Provider/Settings(  707):  from settings cache , name = sys_free_storage_log_interval , value = null
V/Provider/Settings(  707): get setting for user 0 by user 0 so skipping cache
V/Provider/Settings(  707):  from settings cache , name = disk_free_change_reporting_threshold , value = null
D/AES     (  707): RT Monitor ERROR: open /dev/RT_Monitor failed.
D/InputReader(  707): InputReader::monitor: lock
D/InputReader(  707): InputReader::monitor: wait 
D/InputReader(  707): InputReader::monitor: unlock
D/InputReader(  707): InputReader::monitor: done
I/ANRManager(  707): updateProcessStats
D/IPCThreadState( 1161): [DN #5] BR_CLEAR_DEATH_NOTIFICATION_DONE cookie 0x67d1dfe8
D/BatteryService(  707): mBatteryVoltage=4131, batteryLevel=50
V/ActivityManager(  707): Broadcast sticky: Intent { act=android.intent.action.BATTERY_CHANGED flg=0x60000010 (has extras) } ordered=false userid=-1 callerApp=null
D/WifiService(  707): onReceive, action:android.intent.action.BATTERY_CHANGED
D/UsbDeviceManager(  707): onReceive - BATTERY_CHANGED - mPlugType: 2, mSettingUsbCharging: false, mConnected: true, mSettingUsbBicr: false
D/PowerManagerService(  707): updateIsPoweredLocked: wasPowered=true, mIsPowered=true, oldPlugType=2, mPlugType=2, mBatteryLevel=100
D/PowerManagerService(  707): handleSandman: canDream=false, mWakefulness=Asleep
D/WifiController(  707): DeviceActiveState{ when=-1ms what=155652 arg1=2 target=com.android.internal.util.StateMachine$SmHandler target=Handler (com.android.internal.util.StateMachine$SmHandler) {422d7a70} }
D/WifiController(  707): StaEnabledState{ when=-2ms what=155652 arg1=2 target=com.android.internal.util.StateMachine$SmHandler target=Handler (com.android.internal.util.StateMachine$SmHandler) {422d7a70} }
D/WifiController(  707): DefaultState{ when=-2ms what=155652 arg1=2 target=com.android.internal.util.StateMachine$SmHandler target=Handler (com.android.internal.util.StateMachine$SmHandler) {422d7a70} }
D/WifiController(  707): battery changed pluggedType: 2
D/WifiController(  707): wifiSleepPolicy:2
D/WifiController(  707): wifiSleepPolicy:2
D/KeyguardUpdateMonitor(  772): received broadcast android.intent.action.BATTERY_CHANGED
D/PowerUI (  772): action = android.intent.action.BATTERY_CHANGED
D/PowerUI (  772): Intent start() ret = false mHideLowBDialog= true
D/PowerUI (  772): oldBatteryLevel = 100mBatteryLevel = 100
D/PowerUI (  772): dismissLowBatteryWarning
D/StatusBar.BatteryController(  772): BatteryController onReceive action is android.intent.action.BATTERY_CHANGED
D/StatusBar.BatteryController(  772): mBatteryPercentage is 100% mShouldShowBatteryPercentage is true mLabelViews.size() 1
D/StatusBar.BatteryController(  772): [Laptop] isPresent = false
D/KeyguardUpdateMonitor(  772): handleBatteryUpdate index=0 updateInteresting=false
V/ActivityManager(  707): Broadcast: Intent { flg=0x14 cmp=com.google.android.gms/.lockbox.LockboxAlarmReceiver (has extras) } ordered=true userid=0 callerApp=null
D/PowerManagerService(  707): acquireWakeLockInternal: lock=1110002184, flags=0x1, tag="AlarmManager", ws=WorkSource{10008 com.google.android.gms}, uid=1000, pid=707
D/PowerManagerNotifier(  707): onWakeLockAcquired: flags=1, tag="AlarmManager", packageName=android, ownerUid=1000, ownerPid=707, workSource=WorkSource{10008 com.google.android.gms}
D/PowerManagerService(  707): updateWakeLockSummaryLocked: mWakefulness=Asleep, mWakeLockSummary=0x1
D/PowerManagerService(  707): newScreenState = 0
D/PowerManagerDisplayController(  707): requestPowerState: screenState=0, useProximitySensor=false, forceProximitySensorEnable=false, forceWakeUpEnable=false, screenBrightness=30, screenAutoBrightnessAdjustment=0.0, useAutoBrightness=false, useEcoBrightness=false, blockScreenOn=false, waitForNegativeProximity=false
I/PowerManagerService(  707): setBrightness mButtonLight 0.
D/PowerManagerService(  707): updateScreenStateLocked: mDisplayReady=true, newScreenState=0, mWakefulness=0, mWakeLockSummary=0x1, mUserActivitySummary=0x0, mBootCompleted=true
D/PowerManagerService(  707): Acquiring suspend blocker "PowerManagerService.WakeLocks".
D/PowerManagerService(  707): handleSandman: canDream=false, mWakefulness=Asleep
D/ActivityThread(  866): BDC-Calling onReceive: intent=Intent { flg=0x14 cmp=com.google.android.gms/.lockbox.LockboxAlarmReceiver (has extras) }, ordered=true, receiver=com.google.android.gms.lockbox.LockboxAlarmReceiver@4255cab0
D/ActivityThread(  866): BDC-RECEIVER handled : 0 / ReceiverData{intent=Intent { flg=0x14 cmp=com.google.android.gms/.lockbox.LockboxAlarmReceiver (has extras) } packageName=com.google.android.gms resultCode=0 resultData=null resultExtras=null}
D/PowerManagerService(  707): releaseWakeLockInternal: lock=1110002184 [AlarmManager], flags=0x0, total_time=8ms
D/PowerManagerNotifier(  707): onWakeLockReleased: flags=1, tag="AlarmManager", packageName=android, ownerUid=1000, ownerPid=707, workSource=WorkSource{10008 com.google.android.gms}
D/PowerManagerService(  707): updateWakeLockSummaryLocked: mWakefulness=Asleep, mWakeLockSummary=0x0
D/PowerManagerService(  707): newScreenState = 0
D/PowerManagerDisplayController(  707): requestPowerState: screenState=0, useProximitySensor=false, forceProximitySensorEnable=false, forceWakeUpEnable=false, screenBrightness=30, screenAutoBrightnessAdjustment=0.0, useAutoBrightness=false, useEcoBrightness=false, blockScreenOn=false, waitForNegativeProximity=false
I/PowerManagerService(  707): setBrightness mButtonLight 0.
D/PowerManagerService(  707): updateScreenStateLocked: mDisplayReady=true, newScreenState=0, mWakefulness=0, mWakeLockSummary=0x0, mUserActivitySummary=0x0, mBootCompleted=true
D/PowerManagerService(  707): Releasing suspend blocker "PowerManagerService.WakeLocks".
D/ActivityThread(  866): SVC-Creating service: CreateServiceData{token=android.os.BinderProxy@426ce330 className=com.google.android.gms.lockbox.LockboxService packageName=com.google.android.gms intent=null}
D/PowerManagerService(  707): handleSandman: canDream=false, mWakefulness=Asleep
D/dalvikvm(  866): create interp thread : stack size=128KB
D/dalvikvm(  866): create new thread
D/dalvikvm(  866): new thread created
D/dalvikvm(  866): update thread list
D/dalvikvm(  866): threadid=30: interp stack at 0x63409000
D/dalvikvm(  866): threadid=30: created from interp
D/dalvikvm(  866): threadid=30: adding to list
D/dalvikvm(  866): start new thread
D/dalvikvm(  866): threadid=30: notify debugger
D/dalvikvm(  866): threadid=30 (IntentService[LockboxService]): calling run()
D/ActivityThread(  866): SVC-CREATE_SERVICE handled : 0 / CreateServiceData{token=android.os.BinderProxy@426ce330 className=com.google.android.gms.lockbox.LockboxService packageName=com.google.android.gms intent=null}
D/ActivityThread(  866): SVC-Calling onStartCommand: com.google.android.gms.lockbox.LockboxService@425bc358, flags=0, startId=1
D/ActivityThread(  866): SVC-SERVICE_ARGS handled : 0 / ServiceArgsData{token=android.os.BinderProxy@426ce330 startId=1 args=Intent { cmp=com.google.android.gms/.lockbox.LockboxService (has extras) }}
D/ActivityThread(  866): SVC-Destroying service: com.google.android.gms.lockbox.LockboxService@425bc358
D/ActivityThread(  866): SVC-STOP_SERVICE handled : 0 / android.os.BinderProxy@426ce330
D/dalvikvm(  866): threadid=30: exiting
D/dalvikvm(  866): threadid=30: detach (group=0x41889ce0)
D/dalvikvm(  866): threadid=30: removing from list
D/dalvikvm(  866): threadid=30: bye!
I/LockboxService(  866): Completed task: true [CONTEXT service_id=26 ]
D/PhoneInterfaceManagerEx(  889): [PhoneIntfMgrEx] hasIccCard  simId=0
D/PhoneInterfaceManager(  889): getSimOperator simId = 0getSimOperator = 
V/Provider/Settings(  866): get setting for user 0 by user 0 so skipping cache
V/Provider/Settings(  866):  from settings cache , name = enabled_accessibility_services , value = 
V/Provider/Settings(  866): get setting for user 0 by user 0 so skipping cache
V/Provider/Settings(  866):  from settings cache , name = font_scale , value = 1.0
V/Provider/Settings(  866): get setting for user 0 by user 0 so skipping cache
V/Provider/Settings(  866):  from settings cache , name = accessibility_display_magnification_enabled , value = 0
V/Provider/Settings(  866): get setting for user 0 by user 0 so skipping cache
V/Provider/Settings(  866):  from settings cache , name = high_text_contrast_enabled , value = null
D/ConnectivityService(  707): getActiveNetworkInfo:NetworkInfo: type: WIFI[], state: CONNECTED/CONNECTED, reason: (unspecified), extra: "FamiliaPaco", roaming: false, failover: false, isAvailable: true, isConnectedToProvisioningNetwork: false, simId: 0/10008
V/Provider/Settings(  866): get setting for user 0 by user 0 so skipping cache
V/Provider/Settings(  866):  from settings cache , name = enabled_accessibility_services , value = 
V/Provider/Settings(  866): get setting for user 0 by user 0 so skipping cache
V/Provider/Settings(  866):  from settings cache , name = font_scale , value = 1.0
V/Provider/Settings(  866): get setting for user 0 by user 0 so skipping cache
V/Provider/Settings(  866):  from settings cache , name = accessibility_display_magnification_enabled , value = 0
V/Provider/Settings(  866): get setting for user 0 by user 0 so skipping cache
V/Provider/Settings(  866):  from settings cache , name = high_text_contrast_enabled , value = null
D/ActivityThread( 3330): SVC-Calling onStartCommand: com.google.android.gms.chimera.GmsBoundBrokerService@42340228, flags=0, startId=9
D/ActivityThread( 3330): SVC-SERVICE_ARGS handled : 0 / ServiceArgsData{token=android.os.BinderProxy@41fed910 startId=9 args=Intent { cmp=com.google.android.gms/.chimera.GmsBoundBrokerService (has extras) }}
I/ANRManager(  707): updateProcessStats
I/ANRManager(  707): CPU update time < 2.5sec
V/Provider/Settings(  707): get setting for user 0 by user 0 so skipping cache
V/Provider/Settings(  707):  from settings cache , name = sys_free_storage_log_interval , value = null
V/Provider/Settings(  707): get setting for user 0 by user 0 so skipping cache
V/Provider/Settings(  707):  from settings cache , name = disk_free_change_reporting_threshold , value = null
D/AES     (  707): RT Monitor ERROR: open /dev/RT_Monitor failed.
D/InputReader(  707): InputReader::monitor: lock
D/InputReader(  707): InputReader::monitor: wait 
D/InputReader(  707): InputReader::monitor: unlock
D/InputReader(  707): InputReader::monitor: done
D/BatteryService(  707): mBatteryVoltage=4130, batteryLevel=50
V/ActivityManager(  707): Broadcast sticky: Intent { act=android.intent.action.BATTERY_CHANGED flg=0x60000010 (has extras) } ordered=false userid=-1 callerApp=null
D/PowerManagerService(  707): updateIsPoweredLocked: wasPowered=true, mIsPowered=true, oldPlugType=2, mPlugType=2, mBatteryLevel=100
D/PowerManagerService(  707): handleSandman: canDream=false, mWakefulness=Asleep
D/KeyguardUpdateMonitor(  772): received broadcast android.intent.action.BATTERY_CHANGED
D/PowerUI (  772): action = android.intent.action.BATTERY_CHANGED
D/PowerUI (  772): Intent start() ret = false mHideLowBDialog= true
D/PowerUI (  772): oldBatteryLevel = 100mBatteryLevel = 100
D/PowerUI (  772): dismissLowBatteryWarning
D/StatusBar.BatteryController(  772): BatteryController onReceive action is android.intent.action.BATTERY_CHANGED
D/WifiService(  707): onReceive, action:android.intent.action.BATTERY_CHANGED
D/UsbDeviceManager(  707): onReceive - BATTERY_CHANGED - mPlugType: 2, mSettingUsbCharging: false, mConnected: true, mSettingUsbBicr: false
D/StatusBar.BatteryController(  772): mBatteryPercentage is 100% mShouldShowBatteryPercentage is true mLabelViews.size() 1
D/StatusBar.BatteryController(  772): [Laptop] isPresent = false
D/WifiController(  707): DeviceActiveState{ when=0 what=155652 arg1=2 target=com.android.internal.util.StateMachine$SmHandler target=Handler (com.android.internal.util.StateMachine$SmHandler) {422d7a70} }
D/WifiController(  707): StaEnabledState{ when=-1ms what=155652 arg1=2 target=com.android.internal.util.StateMachine$SmHandler target=Handler (com.android.internal.util.StateMachine$SmHandler) {422d7a70} }
D/WifiController(  707): DefaultState{ when=-1ms what=155652 arg1=2 target=com.android.internal.util.StateMachine$SmHandler target=Handler (com.android.internal.util.StateMachine$SmHandler) {422d7a70} }
D/WifiController(  707): battery changed pluggedType: 2
D/WifiController(  707): wifiSleepPolicy:2
D/WifiController(  707): wifiSleepPolicy:2
D/KeyguardUpdateMonitor(  772): handleBatteryUpdate index=0 updateInteresting=false
I/ANRManager(  707): updateProcessStats
D/IPCThreadState( 1161): [DN #5] BR_CLEAR_DEATH_NOTIFICATION_DONE cookie 0x67d1dfe8
I/ANRManager(  707): updateProcessStats
I/Finsky  ( 3340): [664] lin.run(3): Stats for Executor: BlockingExecutor ljz@41ddc628[Running, pool size = 0, active threads = 0, queued tasks = 0, completed tasks = 16]
I/Finsky  ( 3340): [664] lin.run(3): Stats for Executor: LightweightExecutor ljz@41ddd420[Running, pool size = 2, active threads = 0, queued tasks = 0, completed tasks = 173]
D/BatteryService(  707): mBatteryVoltage=4129, batteryLevel=50
V/ActivityManager(  707): Broadcast sticky: Intent { act=android.intent.action.BATTERY_CHANGED flg=0x60000010 (has extras) } ordered=false userid=-1 callerApp=null
D/PowerManagerService(  707): updateIsPoweredLocked: wasPowered=true, mIsPowered=true, oldPlugType=2, mPlugType=2, mBatteryLevel=100
D/KeyguardUpdateMonitor(  772): received broadcast android.intent.action.BATTERY_CHANGED
D/PowerUI (  772): action = android.intent.action.BATTERY_CHANGED
D/PowerUI (  772): Intent start() ret = false mHideLowBDialog= true
D/PowerUI (  772): oldBatteryLevel = 100mBatteryLevel = 100
D/PowerManagerService(  707): handleSandman: canDream=false, mWakefulness=Asleep
D/PowerUI (  772): dismissLowBatteryWarning
D/StatusBar.BatteryController(  772): BatteryController onReceive action is android.intent.action.BATTERY_CHANGED
D/WifiService(  707): onReceive, action:android.intent.action.BATTERY_CHANGED
D/UsbDeviceManager(  707): onReceive - BATTERY_CHANGED - mPlugType: 2, mSettingUsbCharging: false, mConnected: true, mSettingUsbBicr: false
D/WifiController(  707): DeviceActiveState{ when=0 what=155652 arg1=2 target=com.android.internal.util.StateMachine$SmHandler target=Handler (com.android.internal.util.StateMachine$SmHandler) {422d7a70} }
D/WifiController(  707): StaEnabledState{ when=-1ms what=155652 arg1=2 target=com.android.internal.util.StateMachine$SmHandler target=Handler (com.android.internal.util.StateMachine$SmHandler) {422d7a70} }
D/WifiController(  707): DefaultState{ when=-1ms what=155652 arg1=2 target=com.android.internal.util.StateMachine$SmHandler target=Handler (com.android.internal.util.StateMachine$SmHandler) {422d7a70} }
D/WifiController(  707): battery changed pluggedType: 2
D/WifiController(  707): wifiSleepPolicy:2
D/WifiController(  707): wifiSleepPolicy:2
D/StatusBar.BatteryController(  772): mBatteryPercentage is 100% mShouldShowBatteryPercentage is true mLabelViews.size() 1
D/StatusBar.BatteryController(  772): [Laptop] isPresent = false
D/KeyguardUpdateMonitor(  772): handleBatteryUpdate index=0 updateInteresting=false
V/ActivityManager(  707): Broadcast: Intent { act=android.intent.action.TIME_TICK flg=0x50000014 (has extras) } ordered=true userid=-1 callerApp=null
D/PowerManagerService(  707): acquireWakeLockInternal: lock=1110002184, flags=0x1, tag="AlarmManager", ws=WorkSource{1000}, uid=1000, pid=707
D/PowerManagerNotifier(  707): onWakeLockAcquired: flags=1, tag="AlarmManager", packageName=android, ownerUid=1000, ownerPid=707, workSource=WorkSource{1000}
D/PowerManagerService(  707): updateWakeLockSummaryLocked: mWakefulness=Asleep, mWakeLockSummary=0x1
D/PowerManagerService(  707): newScreenState = 0
D/ActivityThread(  707): BDC-Calling onReceive: intent=Intent { act=android.intent.action.TIME_TICK flg=0x50000014 (has extras) }, ordered=true, receiver=com.android.server.AlarmManagerService$ClockReceiver@42294e08, IIntentReceiver=42294ee0
D/PowerManagerDisplayController(  707): requestPowerState: screenState=0, useProximitySensor=false, forceProximitySensorEnable=false, forceWakeUpEnable=false, screenBrightness=30, screenAutoBrightnessAdjustment=0.0, useAutoBrightness=false, useEcoBrightness=false, blockScreenOn=false, waitForNegativeProximity=false
I/PowerManagerService(  707): setBrightness mButtonLight 0.
D/PowerManagerService(  707): updateScreenStateLocked: mDisplayReady=true, newScreenState=0, mWakefulness=0, mWakeLockSummary=0x1, mUserActivitySummary=0x0, mBootCompleted=true
D/PowerManagerService(  707): Acquiring suspend blocker "PowerManagerService.WakeLocks".
D/PowerManagerService(  707): handleSandman: canDream=false, mWakefulness=Asleep
D/ActivityThread(  707): BDC-Calling finishReceiver: IIntentReceiver=42294ee0
D/ActivityThread(  772): BDC-Calling onReceive: intent=Intent { act=android.intent.action.TIME_TICK flg=0x50000014 (has extras) }, ordered=true, receiver=com.android.keyguard.KeyguardUpdateMonitor$3@41b8edd8, IIntentReceiver=41b949f8
D/KeyguardUpdateMonitor(  772): received broadcast android.intent.action.TIME_TICK
D/ActivityThread(  772): BDC-Calling finishReceiver: IIntentReceiver=41b949f8
D/KeyguardUpdateMonitor(  772): handleTimeUpdate
D/KeyguardStatusView(  772): refresh mClockView.updateTime()
V/Provider/Settings(  772): get setting for user 0 by user 0 so skipping cache
V/Provider/Settings(  772):  from settings cache , name = date_format , value = dd-MM-yyyy
D/KeyguardStatusView(  772): refresh mClockView.updateTime()
D/KeyguardStatusView(  772): refresh refreshDate()
V/Provider/Settings(  772): get setting for user -2 by user 0 so skipping cache
V/Provider/Settings(  772): get setting for user -2 by user 0 so skipping cache
V/SettingsProvider(  707):    access setting for user 0
V/SettingsProvider(  707): call(system:next_alarm_formatted) for 0
D/SettingsProvider(  707): lookupValue table system cache contains Key next_alarm_formatted , value = Bundle[{value=}]
V/Provider/Settings(  772): from db cache, name = next_alarm_formatted , value = 
I/Provider/Settings(  772): call-query of user -2 by 0 so not updating cache
D/ActivityThread(  772): BDC-Calling onReceive: intent=Intent { act=android.intent.action.TIME_TICK flg=0x50000014 (has extras) }, ordered=true, receiver=com.android.systemui.statusbar.policy.Clock$1@41bd9148, IIntentReceiver=41d9bbe0
D/Clock   (  772): action =android.intent.action.TIME_TICK
V/Provider/Settings(  772): get setting for user 0 by user 0 so skipping cache
V/Provider/Settings(  772):  from settings cache , name = time_12_24 , value = 24
D/ActivityThread(  772): BDC-Calling finishReceiver: IIntentReceiver=41d9bbe0
D/ActivityThread(  772): BDC-Calling onReceive: intent=Intent { act=android.intent.action.TIME_TICK flg=0x50000014 (has extras) }, ordered=true, receiver=com.android.systemui.statusbar.policy.Clock$1@41be55d8, IIntentReceiver=41d9cdc8
D/Clock   (  772): action =android.intent.action.TIME_TICK
V/Provider/Settings(  772): get setting for user 0 by user 0 so skipping cache
V/Provider/Settings(  772):  from settings cache , name = time_12_24 , value = 24
D/ActivityThread(  772): BDC-Calling finishReceiver: IIntentReceiver=41d9cdc8
D/ActivityThread(  772): BDC-Calling onReceive: intent=Intent { act=android.intent.action.TIME_TICK flg=0x50000014 (has extras) }, ordered=true, receiver=com.android.systemui.statusbar.policy.DateView$1@41be6388, IIntentReceiver=41d9da70
D/ActivityThread(  772): BDC-Calling finishReceiver: IIntentReceiver=41d9da70
D/ActivityThread(  926): BDC-Calling onReceive: intent=Intent { act=android.intent.action.TIME_TICK flg=0x50000014 (has extras) }, ordered=true, receiver=android.widget.TextClock$2@41cbf720, IIntentReceiver=41de8b78
D/ActivityThread(  926): BDC-Calling finishReceiver: IIntentReceiver=41de8b78
D/ActivityThread(  926): BDC-Calling onReceive: intent=Intent { act=android.intent.action.TIME_TICK flg=0x50000014 (has extras) }, ordered=true, receiver=android.widget.TextClock$2@41e4d110, IIntentReceiver=41de9970
D/ActivityThread(  926): BDC-Calling finishReceiver: IIntentReceiver=41de9970
D/ActivityThread(  772): BDC-Calling onReceive: intent=Intent { act=android.intent.action.TIME_TICK flg=0x50000014 (has extras) }, ordered=true, receiver=com.android.keyguard.ClockView$TimeChangedReceiver@41b8ace8, IIntentReceiver=41b86428
D/ActivityThread(  772): BDC-Calling finishReceiver: IIntentReceiver=41b86428
D/PowerManagerService(  707): releaseWakeLockInternal: lock=1110002184 [AlarmManager], flags=0x0, total_time=34ms
D/PowerManagerNotifier(  707): onWakeLockReleased: flags=1, tag="AlarmManager", packageName=android, ownerUid=1000, ownerPid=707, workSource=WorkSource{1000}
D/PowerManagerService(  707): updateWakeLockSummaryLocked: mWakefulness=Asleep, mWakeLockSummary=0x0
D/PowerManagerService(  707): newScreenState = 0
D/PowerManagerDisplayController(  707): requestPowerState: screenState=0, useProximitySensor=false, forceProximitySensorEnable=false, forceWakeUpEnable=false, screenBrightness=30, screenAutoBrightnessAdjustment=0.0, useAutoBrightness=false, useEcoBrightness=false, blockScreenOn=false, waitForNegativeProximity=false
I/PowerManagerService(  707): setBrightness mButtonLight 0.
D/PowerManagerService(  707): updateScreenStateLocked: mDisplayReady=true, newScreenState=0, mWakefulness=0, mWakeLockSummary=0x0, mUserActivitySummary=0x0, mBootCompleted=true
D/PowerManagerService(  707): Releasing suspend blocker "PowerManagerService.WakeLocks".
D/PowerManagerService(  707): handleSandman: canDream=false, mWakefulness=Asleep
D/ActivityThread( 3330): SVC-Calling onStartCommand: com.google.android.gms.chimera.GmsBoundBrokerService@42340228, flags=0, startId=10
D/ActivityThread( 3330): SVC-SERVICE_ARGS handled : 0 / ServiceArgsData{token=android.os.BinderProxy@41fed910 startId=10 args=Intent { cmp=com.google.android.gms/.chimera.GmsBoundBrokerService (has extras) }}
I/ANRManager(  707): updateProcessStats
V/Provider/Settings(  707): get setting for user 0 by user 0 so skipping cache
V/Provider/Settings(  707):  from settings cache , name = sys_free_storage_log_interval , value = null
V/Provider/Settings(  707): get setting for user 0 by user 0 so skipping cache
V/Provider/Settings(  707):  from settings cache , name = disk_free_change_reporting_threshold , value = null
D/AES     (  707): RT Monitor ERROR: open /dev/RT_Monitor failed.
D/InputReader(  707): InputReader::monitor: lock
D/InputReader(  707): InputReader::monitor: wait 
D/InputReader(  707): InputReader::monitor: unlock
D/InputReader(  707): InputReader::monitor: done
I/Finsky  ( 3340): [664] lin.run(3): Stats for Executor: bgExecutor ljz@41c02100[Running, pool size = 4, active threads = 0, queued tasks = 0, completed tasks = 497]
I/ANRManager(  707): updateProcessStats
D/IPCThreadState( 1161): [DN #5] BR_CLEAR_DEATH_NOTIFICATION_DONE cookie 0x67d1dfe8
V/ActivityManager(  707): Broadcast: Intent { flg=0x14 cmp=com.google.android.gms/.lockbox.LockboxAlarmReceiver (has extras) } ordered=true userid=0 callerApp=null
D/PowerManagerService(  707): acquireWakeLockInternal: lock=1110002184, flags=0x1, tag="AlarmManager", ws=WorkSource{10008 com.google.android.gms}, uid=1000, pid=707
D/PowerManagerNotifier(  707): onWakeLockAcquired: flags=1, tag="AlarmManager", packageName=android, ownerUid=1000, ownerPid=707, workSource=WorkSource{10008 com.google.android.gms}
D/PowerManagerService(  707): updateWakeLockSummaryLocked: mWakefulness=Asleep, mWakeLockSummary=0x1
D/PowerManagerService(  707): newScreenState = 0
D/PowerManagerDisplayController(  707): requestPowerState: screenState=0, useProximitySensor=false, forceProximitySensorEnable=false, forceWakeUpEnable=false, screenBrightness=30, screenAutoBrightnessAdjustment=0.0, useAutoBrightness=false, useEcoBrightness=false, blockScreenOn=false, waitForNegativeProximity=false
I/PowerManagerService(  707): setBrightness mButtonLight 0.
D/PowerManagerService(  707): updateScreenStateLocked: mDisplayReady=true, newScreenState=0, mWakefulness=0, mWakeLockSummary=0x1, mUserActivitySummary=0x0, mBootCompleted=true
D/PowerManagerService(  707): Acquiring suspend blocker "PowerManagerService.WakeLocks".
D/PowerManagerService(  707): handleSandman: canDream=false, mWakefulness=Asleep
D/ActivityThread(  866): BDC-Calling onReceive: intent=Intent { flg=0x14 cmp=com.google.android.gms/.lockbox.LockboxAlarmReceiver (has extras) }, ordered=true, receiver=com.google.android.gms.lockbox.LockboxAlarmReceiver@42467ad0
D/ActivityThread(  866): BDC-RECEIVER handled : 0 / ReceiverData{intent=Intent { flg=0x14 cmp=com.google.android.gms/.lockbox.LockboxAlarmReceiver (has extras) } packageName=com.google.android.gms resultCode=0 resultData=null resultExtras=null}
D/PowerManagerService(  707): releaseWakeLockInternal: lock=1110002184 [AlarmManager], flags=0x0, total_time=8ms
D/PowerManagerNotifier(  707): onWakeLockReleased: flags=1, tag="AlarmManager", packageName=android, ownerUid=1000, ownerPid=707, workSource=WorkSource{10008 com.google.android.gms}
D/PowerManagerService(  707): updateWakeLockSummaryLocked: mWakefulness=Asleep, mWakeLockSummary=0x0
D/PowerManagerService(  707): newScreenState = 0
D/PowerManagerDisplayController(  707): requestPowerState: screenState=0, useProximitySensor=false, forceProximitySensorEnable=false, forceWakeUpEnable=false, screenBrightness=30, screenAutoBrightnessAdjustment=0.0, useAutoBrightness=false, useEcoBrightness=false, blockScreenOn=false, waitForNegativeProximity=false
I/PowerManagerService(  707): setBrightness mButtonLight 0.
D/PowerManagerService(  707): updateScreenStateLocked: mDisplayReady=true, newScreenState=0, mWakefulness=0, mWakeLockSummary=0x0, mUserActivitySummary=0x0, mBootCompleted=true
D/PowerManagerService(  707): Releasing suspend blocker "PowerManagerService.WakeLocks".
D/ActivityThread(  866): SVC-Creating service: CreateServiceData{token=android.os.BinderProxy@4272a048 className=com.google.android.gms.lockbox.LockboxService packageName=com.google.android.gms intent=null}
D/PowerManagerService(  707): handleSandman: canDream=false, mWakefulness=Asleep
D/dalvikvm(  866): create interp thread : stack size=128KB
D/dalvikvm(  866): create new thread
D/dalvikvm(  866): new thread created
D/dalvikvm(  866): update thread list
D/dalvikvm(  866): threadid=30: interp stack at 0x63409000
D/dalvikvm(  866): threadid=30: created from interp
D/dalvikvm(  866): threadid=30: adding to list
D/dalvikvm(  866): start new thread
D/dalvikvm(  866): threadid=30: notify debugger
D/dalvikvm(  866): threadid=30 (IntentService[LockboxService]): calling run()
D/ActivityThread(  866): SVC-CREATE_SERVICE handled : 0 / CreateServiceData{token=android.os.BinderProxy@4272a048 className=com.google.android.gms.lockbox.LockboxService packageName=com.google.android.gms intent=null}
D/ActivityThread(  866): SVC-Calling onStartCommand: com.google.android.gms.lockbox.LockboxService@423b73a0, flags=0, startId=1
D/ActivityThread(  866): SVC-SERVICE_ARGS handled : 0 / ServiceArgsData{token=android.os.BinderProxy@4272a048 startId=1 args=Intent { cmp=com.google.android.gms/.lockbox.LockboxService (has extras) }}
D/ActivityThread(  866): SVC-Destroying service: com.google.android.gms.lockbox.LockboxService@423b73a0
D/dalvikvm(  866): threadid=30: exiting
D/dalvikvm(  866): threadid=30: detach (group=0x41889ce0)
D/ActivityThread(  866): SVC-STOP_SERVICE handled : 0 / android.os.BinderProxy@4272a048
D/dalvikvm(  866): threadid=30: removing from list
D/dalvikvm(  866): threadid=30: bye!
I/LockboxService(  866): Completed task: true [CONTEXT service_id=26 ]
D/PhoneInterfaceManagerEx(  889): [PhoneIntfMgrEx] hasIccCard  simId=0
D/PhoneInterfaceManager(  889): getSimOperator simId = 0getSimOperator = 
V/Provider/Settings(  866): get setting for user 0 by user 0 so skipping cache
V/Provider/Settings(  866):  from settings cache , name = enabled_accessibility_services , value = 
V/Provider/Settings(  866): get setting for user 0 by user 0 so skipping cache
V/Provider/Settings(  866):  from settings cache , name = font_scale , value = 1.0
V/Provider/Settings(  866): get setting for user 0 by user 0 so skipping cache
V/Provider/Settings(  866):  from settings cache , name = accessibility_display_magnification_enabled , value = 0
V/Provider/Settings(  866): get setting for user 0 by user 0 so skipping cache
V/Provider/Settings(  866):  from settings cache , name = high_text_contrast_enabled , value = null
D/ConnectivityService(  707): getActiveNetworkInfo:NetworkInfo: type: WIFI[], state: CONNECTED/CONNECTED, reason: (unspecified), extra: "FamiliaPaco", roaming: false, failover: false, isAvailable: true, isConnectedToProvisioningNetwork: false, simId: 0/10008
V/Provider/Settings(  866): get setting for user 0 by user 0 so skipping cache
V/Provider/Settings(  866):  from settings cache , name = enabled_accessibility_services , value = 
V/Provider/Settings(  866): get setting for user 0 by user 0 so skipping cache
V/Provider/Settings(  866):  from settings cache , name = font_scale , value = 1.0
V/Provider/Settings(  866): get setting for user 0 by user 0 so skipping cache
V/Provider/Settings(  866):  from settings cache , name = accessibility_display_magnification_enabled , value = 0
V/Provider/Settings(  866): get setting for user 0 by user 0 so skipping cache
V/Provider/Settings(  866):  from settings cache , name = high_text_contrast_enabled , value = null
D/ActivityThread( 3330): SVC-Calling onStartCommand: com.google.android.gms.chimera.GmsBoundBrokerService@42340228, flags=0, startId=11
D/ActivityThread( 3330): SVC-SERVICE_ARGS handled : 0 / ServiceArgsData{token=android.os.BinderProxy@41fed910 startId=11 args=Intent { cmp=com.google.android.gms/.chimera.GmsBoundBrokerService (has extras) }}
V/Provider/Settings(  707): get setting for user 0 by user 0 so skipping cache
V/Provider/Settings(  707):  from settings cache , name = sys_free_storage_log_interval , value = null
V/Provider/Settings(  707): get setting for user 0 by user 0 so skipping cache
V/Provider/Settings(  707):  from settings cache , name = disk_free_change_reporting_threshold , value = null
I/ANRManager(  707): updateProcessStats
I/ANRManager(  707): CPU update time < 2.5sec
I/Finsky:background( 3580): [682] lin.run(3): Stats for Executor: bgExecutor ljz@41d24070[Running, pool size = 0, active threads = 0, queued tasks = 0, completed tasks = 0]
D/AES     (  707): RT Monitor ERROR: open /dev/RT_Monitor failed.
D/InputReader(  707): InputReader::monitor: lock
D/InputReader(  707): InputReader::monitor: wait 
D/InputReader(  707): InputReader::monitor: unlock
D/InputReader(  707): InputReader::monitor: done
D/IPCThreadState(  866): [DN #5] BR_CLEAR_DEATH_NOTIFICATION_DONE cookie 0x65efcaf0
D/BoundBrokerSvc( 3330): onUnbind: Intent { act=com.google.android.gms.feedback.internal.IFeedbackService cmp=com.google.android.gms/.chimera.GmsBoundBrokerService }
D/ActivityThread(  866): SVC-UNBIND_SERVICE handled : 0 / BindServiceData{token=android.os.BinderProxy@42469a68 intent=Intent { act=com.google.android.gms.lockbox.service.START pkg=com.google.android.gms }}
D/ActivityThread(  866): SVC-Destroying service: com.google.android.gms.lockbox.service.LockboxBrokerService@4237ce18
D/ActivityThread(  866): SVC-STOP_SERVICE handled : 0 / android.os.BinderProxy@42469a68
D/ActivityThread( 3330): SVC-UNBIND_SERVICE handled : 0 / BindServiceData{token=android.os.BinderProxy@41fed910 intent=Intent { act=com.google.android.gms.feedback.internal.IFeedbackService cmp=com.google.android.gms/.chimera.GmsBoundBrokerService }}
D/IPCThreadState(  866): [DN #5] BR_CLEAR_DEATH_NOTIFICATION_DONE cookie 0x63190130
D/ActivityThread( 3330): SVC-UNBIND_SERVICE handled : 0 / BindServiceData{token=android.os.BinderProxy@422d5eb0 intent=Intent { act=com.google.android.gms.icing.APP_INDEXING_SERVICE pkg=com.google.android.gms }}
D/ActivityThread( 3330): SVC-Destroying service: com.google.android.gms.icing.service.AppIndexingService@41fdd128
D/ActivityThread( 3330): SVC-STOP_SERVICE handled : 0 / android.os.BinderProxy@422d5eb0
D/IPCThreadState(  866): [DN #5] BR_CLEAR_DEATH_NOTIFICATION_DONE cookie 0x63ebb038
D/ActivityThread( 3330): SVC-UNBIND_SERVICE handled : 0 / BindServiceData{token=android.os.BinderProxy@42092040 intent=Intent { act=com.google.android.gms.icing.INDEX_SERVICE pkg=com.google.android.gms }}
D/ActivityThread( 3330): SVC-Destroying service: com.google.android.gms.icing.service.IndexService@420ed350
D/ActivityThread( 3330): SVC-STOP_SERVICE handled : 0 / android.os.BinderProxy@42092040
D/MDnsDS  (  167): MDnsSdListener::Monitor poll timed out
D/MDnsDS  (  167): Going to poll with pollCount 1
I/ANRManager(  707): updateProcessStats
D/IPCThreadState( 1161): [DN #5] BR_CLEAR_DEATH_NOTIFICATION_DONE cookie 0x67d1dfe8
D/ActivityThread( 3330): SVC-Destroying service: com.google.android.gms.chimera.GmsBoundBrokerService@42340228
D/ActivityThread( 3330): SVC-STOP_SERVICE handled : 0 / android.os.BinderProxy@41fed910
I/ANRManager(  707): updateProcessStats
I/ANRManager(  707): CPU update time < 2.5sec
I/ANRManager(  707): CPU update time < 2.5sec
I/ANRManager(  707): CPU update time < 2.5sec
I/ANRManager(  707): CPU update time < 2.5sec
V/ActivityManager(  707): Broadcast: Intent { act=android.intent.action.TIME_TICK flg=0x50000014 (has extras) } ordered=true userid=-1 callerApp=null
D/PowerManagerService(  707): acquireWakeLockInternal: lock=1110002184, flags=0x1, tag="AlarmManager", ws=WorkSource{1000}, uid=1000, pid=707
D/PowerManagerNotifier(  707): onWakeLockAcquired: flags=1, tag="AlarmManager", packageName=android, ownerUid=1000, ownerPid=707, workSource=WorkSource{1000}
D/ActivityThread(  707): BDC-Calling onReceive: intent=Intent { act=android.intent.action.TIME_TICK flg=0x50000014 (has extras) }, ordered=true, receiver=com.android.server.AlarmManagerService$ClockReceiver@42294e08, IIntentReceiver=42294ee0
D/PowerManagerService(  707): updateWakeLockSummaryLocked: mWakefulness=Asleep, mWakeLockSummary=0x1
D/PowerManagerService(  707): newScreenState = 0
D/PowerManagerDisplayController(  707): requestPowerState: screenState=0, useProximitySensor=false, forceProximitySensorEnable=false, forceWakeUpEnable=false, screenBrightness=30, screenAutoBrightnessAdjustment=0.0, useAutoBrightness=false, useEcoBrightness=false, blockScreenOn=false, waitForNegativeProximity=false
I/PowerManagerService(  707): setBrightness mButtonLight 0.
D/PowerManagerService(  707): updateScreenStateLocked: mDisplayReady=true, newScreenState=0, mWakefulness=0, mWakeLockSummary=0x1, mUserActivitySummary=0x0, mBootCompleted=true
D/PowerManagerService(  707): Acquiring suspend blocker "PowerManagerService.WakeLocks".
D/PowerManagerService(  707): handleSandman: canDream=false, mWakefulness=Asleep
D/ActivityThread(  707): BDC-Calling finishReceiver: IIntentReceiver=42294ee0
D/ActivityThread(  772): BDC-Calling onReceive: intent=Intent { act=android.intent.action.TIME_TICK flg=0x50000014 (has extras) }, ordered=true, receiver=com.android.keyguard.KeyguardUpdateMonitor$3@41b8edd8, IIntentReceiver=41b949f8
D/KeyguardUpdateMonitor(  772): received broadcast android.intent.action.TIME_TICK
D/ActivityThread(  772): BDC-Calling finishReceiver: IIntentReceiver=41b949f8
D/KeyguardUpdateMonitor(  772): handleTimeUpdate
D/KeyguardStatusView(  772): refresh mClockView.updateTime()
V/Provider/Settings(  772): get setting for user 0 by user 0 so skipping cache
V/Provider/Settings(  772):  from settings cache , name = date_format , value = dd-MM-yyyy
D/KeyguardStatusView(  772): refresh mClockView.updateTime()
D/KeyguardStatusView(  772): refresh refreshDate()
V/Provider/Settings(  772): get setting for user -2 by user 0 so skipping cache
V/Provider/Settings(  772): get setting for user -2 by user 0 so skipping cache
V/SettingsProvider(  707):    access setting for user 0
V/SettingsProvider(  707): call(system:next_alarm_formatted) for 0
D/SettingsProvider(  707): lookupValue table system cache contains Key next_alarm_formatted , value = Bundle[{value=}]
V/Provider/Settings(  772): from db cache, name = next_alarm_formatted , value = 
I/Provider/Settings(  772): call-query of user -2 by 0 so not updating cache
D/ActivityThread(  772): BDC-Calling onReceive: intent=Intent { act=android.intent.action.TIME_TICK flg=0x50000014 (has extras) }, ordered=true, receiver=com.android.systemui.statusbar.policy.Clock$1@41bd9148, IIntentReceiver=41d9bbe0
D/Clock   (  772): action =android.intent.action.TIME_TICK
V/Provider/Settings(  772): get setting for user 0 by user 0 so skipping cache
V/Provider/Settings(  772):  from settings cache , name = time_12_24 , value = 24
D/ActivityThread(  772): BDC-Calling finishReceiver: IIntentReceiver=41d9bbe0
D/ActivityThread(  772): BDC-Calling onReceive: intent=Intent { act=android.intent.action.TIME_TICK flg=0x50000014 (has extras) }, ordered=true, receiver=com.android.systemui.statusbar.policy.Clock$1@41be55d8, IIntentReceiver=41d9cdc8
D/Clock   (  772): action =android.intent.action.TIME_TICK
V/Provider/Settings(  772): get setting for user 0 by user 0 so skipping cache
V/Provider/Settings(  772):  from settings cache , name = time_12_24 , value = 24
D/ActivityThread(  772): BDC-Calling finishReceiver: IIntentReceiver=41d9cdc8
D/ActivityThread(  772): BDC-Calling onReceive: intent=Intent { act=android.intent.action.TIME_TICK flg=0x50000014 (has extras) }, ordered=true, receiver=com.android.systemui.statusbar.policy.DateView$1@41be6388, IIntentReceiver=41d9da70
D/ActivityThread(  772): BDC-Calling finishReceiver: IIntentReceiver=41d9da70
D/ActivityThread(  926): BDC-Calling onReceive: intent=Intent { act=android.intent.action.TIME_TICK flg=0x50000014 (has extras) }, ordered=true, receiver=android.widget.TextClock$2@41cbf720, IIntentReceiver=41de8b78
D/ActivityThread(  926): BDC-Calling finishReceiver: IIntentReceiver=41de8b78
D/ActivityThread(  926): BDC-Calling onReceive: intent=Intent { act=android.intent.action.TIME_TICK flg=0x50000014 (has extras) }, ordered=true, receiver=android.widget.TextClock$2@41e4d110, IIntentReceiver=41de9970
D/ActivityThread(  926): BDC-Calling finishReceiver: IIntentReceiver=41de9970
D/ActivityThread(  772): BDC-Calling onReceive: intent=Intent { act=android.intent.action.TIME_TICK flg=0x50000014 (has extras) }, ordered=true, receiver=com.android.keyguard.ClockView$TimeChangedReceiver@41b8ace8, IIntentReceiver=41b86428
D/ActivityThread(  772): BDC-Calling finishReceiver: IIntentReceiver=41b86428
D/PowerManagerService(  707): releaseWakeLockInternal: lock=1110002184 [AlarmManager], flags=0x0, total_time=33ms
D/PowerManagerNotifier(  707): onWakeLockReleased: flags=1, tag="AlarmManager", packageName=android, ownerUid=1000, ownerPid=707, workSource=WorkSource{1000}
D/PowerManagerService(  707): updateWakeLockSummaryLocked: mWakefulness=Asleep, mWakeLockSummary=0x0
D/PowerManagerService(  707): newScreenState = 0
D/PowerManagerDisplayController(  707): requestPowerState: screenState=0, useProximitySensor=false, forceProximitySensorEnable=false, forceWakeUpEnable=false, screenBrightness=30, screenAutoBrightnessAdjustment=0.0, useAutoBrightness=false, useEcoBrightness=false, blockScreenOn=false, waitForNegativeProximity=false
I/PowerManagerService(  707): setBrightness mButtonLight 0.
D/PowerManagerService(  707): updateScreenStateLocked: mDisplayReady=true, newScreenState=0, mWakefulness=0, mWakeLockSummary=0x0, mUserActivitySummary=0x0, mBootCompleted=true
D/PowerManagerService(  707): Releasing suspend blocker "PowerManagerService.WakeLocks".
D/PowerManagerService(  707): handleSandman: canDream=false, mWakefulness=Asleep
I/ANRManager(  707): updateProcessStats
D/ActivityThread( 3330): SVC-Creating service: CreateServiceData{token=android.os.BinderProxy@4202ff20 className=com.google.android.gms.chimera.GmsBoundBrokerService packageName=com.google.android.gms intent=null}
