V/AppWidgetServiceImpl(  707): widget package name: com.android.calendar Permission: -1
V/AppWidgetServiceImpl(  707): p.zombie = false
V/AppWidgetServiceImpl(  707): widget package name: com.android.deskclock Permission: -1
V/AppWidgetServiceImpl(  707): p.zombie = false
V/AppWidgetServiceImpl(  707): widget package name: com.android.deskclock Permission: -1
V/AppWidgetServiceImpl(  707): p.zombie = false
V/AppWidgetServiceImpl(  707): widget package name: com.android.email Permission: -1
V/AppWidgetServiceImpl(  707): p.zombie = false
V/AppWidgetServiceImpl(  707): widget package name: com.android.gallery3d Permission: -1
V/AppWidgetServiceImpl(  707): p.zombie = false
V/AppWidgetServiceImpl(  707): widget package name: com.google.android.gm Permission: -1
V/AppWidgetServiceImpl(  707): p.zombie = false
V/AppWidgetServiceImpl(  707): widget package name: com.android.music Permission: -1
V/AppWidgetServiceImpl(  707): p.zombie = false
V/AppWidgetServiceImpl(  707): widget package name: com.android.protips Permission: -1
V/AppWidgetServiceImpl(  707): p.zombie = false
V/AppWidgetServiceImpl(  707): widget package name: com.android.chrome Permission: -1
V/AppWidgetServiceImpl(  707): p.zombie = false
V/AppWidgetServiceImpl(  707): widget package name: com.android.chrome Permission: -1
V/AppWidgetServiceImpl(  707): p.zombie = false
V/AppWidgetServiceImpl(  707): widget package name: com.google.android.apps.docs Permission: -1
V/AppWidgetServiceImpl(  707): p.zombie = false
I/ANRManager(  707): CPU update time < 2.5sec
I/PackageManager(  707): Adding preferred activity ComponentInfo{com.android.mms/com.android.mms.ui.ComposeMessageActivity} for user 0 :
D/ActivityThread( 3653): BDC-RECEIVER handled : 0 / ReceiverData{intent=Intent { act=android.intent.action.PACKAGE_ADDED dat=package:com.maleon.yepa flg=0x4000010 cmp=com.google.android.partnersetup/.RlzPingBroadcastReceiver (has extras) } packageName=com.google.android.partnersetup resultCode=0 resultData=null resultExtras=null}
D/ActivityThread( 3653): SVC-Creating service: CreateServiceData{token=android.os.BinderProxy@41bd2440 className=com.google.android.partnersetup.RlzPingIntentService packageName=com.google.android.partnersetup intent=null}
D/ActivityThread( 3653): SVC-CREATE_SERVICE handled : 0 / CreateServiceData{token=android.os.BinderProxy@41bd2440 className=com.google.android.partnersetup.RlzPingIntentService packageName=com.google.android.partnersetup intent=null}
D/ActivityThread( 3653): SVC-SERVICE_ARGS handled : 0 / ServiceArgsData{token=android.os.BinderProxy@41bd2440 startId=1 args=Intent { act=android.intent.action.PACKAGE_ADDED dat=package:com.maleon.yepa flg=0x4000010 cmp=com.google.android.partnersetup/.RlzPingIntentService (has extras) }}
I/PackageManager(  707): Adding preferred activity ComponentInfo{com.android.mms/com.android.mms.ui.ComposeMessageActivity} for user 0 :
I/NotificationService(  707): queryReplace=false
D/ActivityThread( 3653): BDC-Calling onReceive: intent=Intent { act=android.intent.action.PACKAGE_ADDED dat=package:com.maleon.yepa flg=0x4000010 cmp=com.google.android.partnersetup/.AppInstalledReceiver (has extras) }, ordered=true, receiver=com.google.android.partnersetup.AppInstalledReceiver@41bd7678
I/ANRManager(  707): CPU update time < 2.5sec
D/BackupManagerService(  707): Received broadcast Intent { act=android.intent.action.PACKAGE_ADDED dat=package:com.maleon.yepa flg=0x4000010 (has extras) }
V/BackupManagerService(  707): addPackageParticipantsLocked: #1
D/ActivityThread( 3653): BDC-RECEIVER handled : 0 / ReceiverData{intent=Intent { act=android.intent.action.PACKAGE_ADDED dat=package:com.maleon.yepa flg=0x4000010 cmp=com.google.android.partnersetup/.AppInstalledReceiver (has extras) } packageName=com.google.android.partnersetup resultCode=0 resultData=null resultExtras=null}
D/ActivityThread( 3653): SVC-Creating service: CreateServiceData{token=android.os.BinderProxy@41bd8978 className=com.google.android.partnersetup.AppInstalledService packageName=com.google.android.partnersetup intent=null}
D/ActivityThread( 3291): BDC-Calling onReceive: intent=Intent { act=android.intent.action.PACKAGE_ADDED dat=package:com.maleon.yepa flg=0x4000010 cmp=com.android.settings/com.mediatek.thememanager.ThemeReceiver (has extras) }, ordered=true, receiver=com.mediatek.thememanager.ThemeReceiver@41bb12f8
D/ActivityThread( 3653): SVC-CREATE_SERVICE handled : 0 / CreateServiceData{token=android.os.BinderProxy@41bd8978 className=com.google.android.partnersetup.AppInstalledService packageName=com.google.android.partnersetup intent=null}
D/ActivityThread( 3653): SVC-SERVICE_ARGS handled : 0 / ServiceArgsData{token=android.os.BinderProxy@41bd8978 startId=1 args=Intent { dat=package:com.maleon.yepa cmp=com.google.android.partnersetup/.AppInstalledService }}
D/ActivityThread( 3653): SVC-Destroying service: com.google.android.partnersetup.RlzPingIntentService@41bd3d90
D/ActivityThread( 3653): SVC-STOP_SERVICE handled : 0 / android.os.BinderProxy@41bd2440
I/PackageManager(  707): Adding preferred activity ComponentInfo{com.android.mms/com.android.mms.ui.ComposeMessageActivity} for user 0 :
D/ActivityThread( 3291): BDC-RECEIVER handled : 0 / ReceiverData{intent=Intent { act=android.intent.action.PACKAGE_ADDED dat=package:com.maleon.yepa flg=0x4000010 cmp=com.android.settings/com.mediatek.thememanager.ThemeReceiver (has extras) } packageName=com.android.settings resultCode=0 resultData=null resultExtras=null}
I/PackageManager(  707): Adding preferred activity ComponentInfo{com.android.mms/com.android.mms.ui.ComposeMessageActivity} for user 0 :
D/ActivityThread( 3303): BDC-Calling onReceive: intent=Intent { act=android.intent.action.PACKAGE_ADDED dat=package:com.maleon.yepa flg=0x4000010 cmp=com.android.gallery3d/.app.PackagesMonitor (has extras) }, ordered=true, receiver=com.android.gallery3d.app.PackagesMonitor@41c307b8
D/ActivityThread( 3653): SVC-Destroying service: com.google.android.partnersetup.AppInstalledService@41bda1f8
D/ActivityThread( 3653): SVC-STOP_SERVICE handled : 0 / android.os.BinderProxy@41bd8978
I/ANRManager(  707): updateProcessStats
I/ANRManager(  707): CPU update time < 2.5sec
I/ANRManager(  707): CPU update time < 2.5sec
I/ANRManager(  707): CPU update time < 2.5sec
I/ANRManager(  707): CPU update time < 2.5sec
I/ANRManager(  707): CPU update time < 2.5sec
I/PackageManager(  707): Adding preferred activity ComponentInfo{com.android.mms/com.android.mms.ui.ComposeMessageActivity} for user 0 :
D/ActivityThread( 3303): BDC-RECEIVER handled : 0 / ReceiverData{intent=Intent { act=android.intent.action.PACKAGE_ADDED dat=package:com.maleon.yepa flg=0x4000010 cmp=com.android.gallery3d/.app.PackagesMonitor$AsyncService (has extras) } packageName=com.android.gallery3d resultCode=0 resultData=null resultExtras=null}
D/ActivityThread( 3303): SVC-Creating service: CreateServiceData{token=android.os.BinderProxy@41c31370 className=com.android.gallery3d.app.PackagesMonitor$AsyncService packageName=com.android.gallery3d intent=null}
D/ActivityThread( 3303): SVC-CREATE_SERVICE handled : 0 / CreateServiceData{token=android.os.BinderProxy@41c31370 className=com.android.gallery3d.app.PackagesMonitor$AsyncService packageName=com.android.gallery3d intent=null}
D/ActivityThread( 3303): SVC-SERVICE_ARGS handled : 0 / ServiceArgsData{token=android.os.BinderProxy@41c31370 startId=1 args=Intent { act=android.intent.action.PACKAGE_ADDED dat=package:com.maleon.yepa flg=0x4000010 cmp=com.android.gallery3d/.app.PackagesMonitor$AsyncService (has extras) }}
I/PackageManager(  707): Adding preferred activity ComponentInfo{com.android.mms/com.android.mms.ui.ComposeMessageActivity} for user 0 :
D/ActivityThread( 3303): SVC-Destroying service: com.android.gallery3d.app.PackagesMonitor$AsyncService@41c32c70
D/ActivityThread( 3303): SVC-STOP_SERVICE handled : 0 / android.os.BinderProxy@41c31370
D/ActivityThread( 3670): BDC-Calling onReceive: intent=Intent { act=android.intent.action.PACKAGE_ADDED dat=package:com.maleon.yepa flg=0x4000010 cmp=com.svox.pico/.VoiceDataInstallerReceiver (has extras) }, ordered=true, receiver=com.svox.pico.VoiceDataInstallerReceiver@41b8c778
D/ActivityThread( 3670): BDC-RECEIVER handled : 0 / ReceiverData{intent=Intent { act=android.intent.action.PACKAGE_ADDED dat=package:com.maleon.yepa flg=0x4000010 cmp=com.svox.pico/.VoiceDataInstallerReceiver (has extras) } packageName=com.svox.pico resultCode=0 resultData=null resultExtras=null}
I/ANRManager(  707): CPU update time < 2.5sec
I/ANRManager(  707): CPU update time < 2.5sec
D/ActivityThread( 3330): BDC-Calling onReceive: intent=Intent { act=android.intent.action.PACKAGE_ADDED dat=package:com.maleon.yepa flg=0x4000010 cmp=com.google.android.gms/.games.chimera.GamesSystemBroadcastReceiverProxy (has extras) }, ordered=true, receiver=com.google.android.gms.games.chimera.GamesSystemBroadcastReceiverProxy@41d13310
D/ActivityThread( 3330): BDC-RECEIVER handled : 0 / ReceiverData{intent=Intent { act=android.intent.action.PACKAGE_ADDED dat=package:com.maleon.yepa flg=0x4000010 cmp=com.google.android.gms/.games.chimera.GamesSystemBroadcastReceiverProxy (has extras) } packageName=com.google.android.gms resultCode=0 resultData=null resultExtras=null}
D/ActivityThread( 3330): BDC-Calling onReceive: intent=Intent { act=android.intent.action.PACKAGE_ADDED dat=package:com.maleon.yepa flg=0x4000010 cmp=com.google.android.gms/.gass.chimera.PackageChangeBroadcastReceiver (has extras) }, ordered=true, receiver=com.google.android.gms.gass.chimera.PackageChangeBroadcastReceiver@41cd5148
D/ActivityThread( 3330): BDC-RECEIVER handled : 0 / ReceiverData{intent=Intent { act=android.intent.action.PACKAGE_ADDED dat=package:com.maleon.yepa flg=0x4000010 cmp=com.google.android.gms/.gass.chimera.PackageChangeBroadcastReceiver (has extras) } packageName=com.google.android.gms resultCode=0 resultData=null resultExtras=null}
D/ActivityThread( 3330): SVC-Creating service: CreateServiceData{token=android.os.BinderProxy@41d7d088 className=com.google.android.gms.chimera.GmsIntentOperationService packageName=com.google.android.gms intent=null}
I/ANRManager(  707): CPU update time < 2.5sec
D/ActivityThread(  866): BDC-Calling onReceive: intent=Intent { act=android.intent.action.PACKAGE_ADDED dat=package:com.maleon.yepa flg=0x4000010 cmp=com.google.android.gms/.chimera.GmsIntentOperationService$PersistentTrustedReceiver (has extras) }, ordered=true, receiver=com.google.android.gms.chimera.GmsIntentOperationService$PersistentTrustedReceiver@42570118
D/ActivityThread( 3330): SVC-CREATE_SERVICE handled : 0 / CreateServiceData{token=android.os.BinderProxy@41d7d088 className=com.google.android.gms.chimera.GmsIntentOperationService packageName=com.google.android.gms intent=null}
D/ActivityThread( 3330): SVC-SERVICE_ARGS handled : 0 / ServiceArgsData{token=android.os.BinderProxy@41d7d088 startId=1 args=Intent { act=com.google.android.gms.gass.ACTION_EXECUTE_TASK cat=[targeted_intent_op_prefix:.gass.GassIntentOperation] cmp=com.google.android.gms/.chimera.GmsIntentOperationService (has extras) }}
D/ActivityThread(  866): BDC-RECEIVER handled : 0 / ReceiverData{intent=Intent { act=android.intent.action.PACKAGE_ADDED dat=package:com.maleon.yepa flg=0x4000010 cmp=com.google.android.gms/.chimera.GmsIntentOperationService$PersistentTrustedReceiver (has extras) } packageName=com.google.android.gms resultCode=0 resultData=null resultExtras=null}
D/ActivityThread(  866): SVC-Creating service: CreateServiceData{token=android.os.BinderProxy@42294480 className=com.google.android.gms.chimera.PersistentIntentOperationService packageName=com.google.android.gms intent=null}
D/ActivityThread( 3330): SVC-SERVICE_ARGS handled : 0 / ServiceArgsData{token=android.os.BinderProxy@41d7d088 startId=2 args=Intent { act=android.intent.action.PACKAGE_ADDED dat=package:com.maleon.yepa flg=0x4000010 pkg=com.google.android.gms cmp=com.google.android.gms/.chimera.GmsIntentOperationService (has extras) }}
D/ActivityThread(  866): SVC-CREATE_SERVICE handled : 0 / CreateServiceData{token=android.os.BinderProxy@42294480 className=com.google.android.gms.chimera.PersistentIntentOperationService packageName=com.google.android.gms intent=null}
D/ActivityThread(  866): SVC-SERVICE_ARGS handled : 0 / ServiceArgsData{token=android.os.BinderProxy@42294480 startId=1 args=Intent { act=android.intent.action.PACKAGE_ADDED dat=package:com.maleon.yepa flg=0x4000010 pkg=com.google.android.gms cmp=com.google.android.gms/.chimera.PersistentIntentOperationService (has extras) }}
I/ANRManager(  707): CPU update time < 2.5sec
I/ANRManager(  707): CPU update time < 2.5sec
D/ActivityThread( 3340): BDC-Calling onReceive: intent=Intent { act=android.intent.action.PACKAGE_ADDED dat=package:com.maleon.yepa flg=0x4000010 cmp=com.android.vending/com.google.android.finsky.packagemanager.impl.PackageMonitorReceiverImpl$RegisteredReceiver (has extras) }, ordered=true, receiver=com.google.android.finsky.packagemanager.impl.PackageMonitorReceiverImpl$RegisteredReceiver@4239b0f8
I/ANRManager(  707): CPU update time < 2.5sec
I/ANRManager(  707): CPU update time < 2.5sec
I/ANRManager(  707): CPU update time < 2.5sec
I/ANRManager(  707): CPU update time < 2.5sec
D/ActivityThread( 3330): SVC-Creating service: CreateServiceData{token=android.os.BinderProxy@41c31a10 className=com.google.android.gms.chimera.GmsInternalBoundBrokerService packageName=com.google.android.gms intent=null}
I/ANRManager(  707): CPU update time < 2.5sec
D/ActivityThread( 3330): SVC-CREATE_SERVICE handled : 0 / CreateServiceData{token=android.os.BinderProxy@41c31a10 className=com.google.android.gms.chimera.GmsInternalBoundBrokerService packageName=com.google.android.gms intent=null}
I/ANRManager(  707): CPU update time < 2.5sec
D/ActivityThread( 3330): SVC-BIND_SERVICE handled : 0 / BindServiceData{token=android.os.BinderProxy@41c31a10 intent=Intent { act=com.google.android.gms.common.BIND_SHARED_PREFS pkg=com.google.android.gms }}
D/ActivityThread( 3330): SVC-UNBIND_SERVICE handled : 0 / BindServiceData{token=android.os.BinderProxy@41c31a10 intent=Intent { act=com.google.android.gms.common.BIND_SHARED_PREFS pkg=com.google.android.gms }}
D/ActivityThread( 3330): SVC-Destroying service: com.google.android.gms.chimera.GmsInternalBoundBrokerService@420c6f40
D/ActivityThread( 3330): SVC-STOP_SERVICE handled : 0 / android.os.BinderProxy@41c31a10
I/ANRManager(  707): CPU update time < 2.5sec
I/ANRManager(  707): CPU update time < 2.5sec
I/ANRManager(  707): CPU update time < 2.5sec
D/ActivityThread( 3330): SVC-Creating service: CreateServiceData{token=android.os.BinderProxy@420c7c20 className=com.google.android.gms.icing.service.IndexWorkerService packageName=com.google.android.gms intent=null}
D/ActivityThread( 3330): SVC-CREATE_SERVICE handled : 0 / CreateServiceData{token=android.os.BinderProxy@420c7c20 className=com.google.android.gms.icing.service.IndexWorkerService packageName=com.google.android.gms intent=null}
D/PowerManagerService(  707): acquireWakeLockInternal: lock=1111741984, flags=0x1, tag="Icing", ws=WorkSource{10008 com.google.android.gms}, uid=10008, pid=3330
D/PowerManagerNotifier(  707): onWakeLockAcquired: flags=1, tag="Icing", packageName=com.google.android.gms, ownerUid=10008, ownerPid=3330, workSource=WorkSource{10008 com.google.android.gms}
D/PowerManagerService(  707): updateWakeLockSummaryLocked: mWakefulness=Asleep, mWakeLockSummary=0x1
D/PowerManagerService(  707): newScreenState = 0
D/PowerManagerDisplayController(  707): requestPowerState: screenState=0, useProximitySensor=false, forceProximitySensorEnable=false, forceWakeUpEnable=false, screenBrightness=30, screenAutoBrightnessAdjustment=0.0, useAutoBrightness=false, useEcoBrightness=false, blockScreenOn=false, waitForNegativeProximity=false
I/PowerManagerService(  707): setBrightness mButtonLight 0.
D/PowerManagerService(  707): updateScreenStateLocked: mDisplayReady=true, newScreenState=0, mWakefulness=0, mWakeLockSummary=0x1, mUserActivitySummary=0x0, mBootCompleted=true
D/PowerManagerService(  707): Acquiring suspend blocker "PowerManagerService.WakeLocks".
D/PowerManagerService(  707): handleSandman: canDream=false, mWakefulness=Asleep
D/ActivityThread( 3330): SVC-SERVICE_ARGS handled : 0 / ServiceArgsData{token=android.os.BinderProxy@420c7c20 startId=1 args=Intent { act=android.intent.action.PACKAGE_ADDED dat=package:com.maleon.yepa flg=0x4000010 pkg=com.google.android.gms cmp=com.google.android.gms/.icing.service.IndexWorkerService (has extras) }}
D/ActivityThread( 3330): SVC-SERVICE_ARGS handled : 0 / ServiceArgsData{token=android.os.BinderProxy@41d7d088 startId=3 args=Intent { act=com.google.android.gms.icing.proxy.ACTION_UPDATE cat=[targeted_intent_op_prefix:.icing.proxy.UpdateIcingCorporaIntentOperation] cmp=com.google.android.gms/.chimera.GmsIntentOperationService (has extras) }}
D/ActivityThread( 3330): SVC-SERVICE_ARGS handled : 0 / ServiceArgsData{token=android.os.BinderProxy@420c7c20 startId=2 args=Intent { act=com.google.android.gms.icing.START_STICKY cmp=com.google.android.gms/.icing.service.IndexWorkerService (has extras) }}
I/ANRManager(  707): CPU update time < 2.5sec
I/ANRManager(  707): CPU update time < 2.5sec
I/ANRManager(  707): CPU update time < 2.5sec
V/ActivityManager(  707): Broadcast: Intent { act=com.google.android.vending.verifier.ACTION_CHECK_VERIFY_INSTALL flg=0x10 pkg=com.android.vending (has extras) } ordered=false userid=0 callerApp=ProcessRecord{424d0bd8 3330:com.google.android.gms/u0a8}
D/ActivityThread(  866): SVC-Creating service: CreateServiceData{token=android.os.BinderProxy@424dede8 className=com.google.android.gms.wearable.service.WearableControlService packageName=com.google.android.gms intent=null}
I/PackageManager(  707): mcs_unbind
I/PackageManager(  707): calling disconnectService()
D/ActivityThread(  866): SVC-CREATE_SERVICE handled : 0 / CreateServiceData{token=android.os.BinderProxy@424dede8 className=com.google.android.gms.wearable.service.WearableControlService packageName=com.google.android.gms intent=null}
D/ActivityThread(  866): SVC-SERVICE_ARGS handled : 0 / ServiceArgsData{token=android.os.BinderProxy@424dede8 startId=1 args=Intent { act=com.google.android.gms.wearable.ACTION_PACKAGE_ADDED dat=package:com.maleon.yepa cmp=com.google.android.gms/.wearable.service.WearableControlService }}
D/ActivityThread(  866): SVC-Destroying service: com.google.android.gms.wearable.service.WearableControlService@42355988
D/PowerManagerService(  707): updateWakeLockWorkSourceInternal: lock=1111741984 [Icing], ws=null
D/PowerManagerNotifier(  707): onWakeLockReleased: flags=1, tag="Icing", packageName=com.google.android.gms, ownerUid=10008, ownerPid=3330, workSource=WorkSource{10008 com.google.android.gms}
D/PowerManagerNotifier(  707): onWakeLockAcquired: flags=1, tag="Icing", packageName=com.google.android.gms, ownerUid=10008, ownerPid=3330, workSource=null
D/ActivityThread(  866): SVC-STOP_SERVICE handled : 0 / android.os.BinderProxy@424dede8
D/ActivityThread( 3375): SVC-UNBIND_SERVICE handled : 0 / BindServiceData{token=android.os.BinderProxy@41bc1040 intent=Intent { cmp=com.android.defcontainer/.DefaultContainerService }}
D/ActivityThread( 3375): SVC-Destroying service: com.android.defcontainer.DefaultContainerService@41bc18a8
D/ActivityThread( 3375): SVC-STOP_SERVICE handled : 0 / android.os.BinderProxy@41bc1040
D/PowerManagerService(  707): updateWakeLockWorkSourceInternal: lock=1111741984 [Icing], ws=WorkSource{10008 com.google.android.gms}
D/PowerManagerNotifier(  707): onWakeLockReleased: flags=1, tag="Icing", packageName=com.google.android.gms, ownerUid=10008, ownerPid=3330, workSource=null
D/PowerManagerNotifier(  707): onWakeLockAcquired: flags=1, tag="Icing", packageName=com.google.android.gms, ownerUid=10008, ownerPid=3330, workSource=WorkSource{10008 com.google.android.gms}
D/PowerManagerService(  707): updateWakeLockWorkSourceInternal: lock=1111741984 [Icing], ws=null
D/PowerManagerNotifier(  707): onWakeLockReleased: flags=1, tag="Icing", packageName=com.google.android.gms, ownerUid=10008, ownerPid=3330, workSource=WorkSource{10008 com.google.android.gms}
D/PowerManagerNotifier(  707): onWakeLockAcquired: flags=1, tag="Icing", packageName=com.google.android.gms, ownerUid=10008, ownerPid=3330, workSource=null
D/PowerManagerService(  707): updateWakeLockWorkSourceInternal: lock=1111741984 [Icing], ws=WorkSource{10008 com.google.android.gms}
D/PowerManagerNotifier(  707): onWakeLockReleased: flags=1, tag="Icing", packageName=com.google.android.gms, ownerUid=10008, ownerPid=3330, workSource=null
D/PowerManagerNotifier(  707): onWakeLockAcquired: flags=1, tag="Icing", packageName=com.google.android.gms, ownerUid=10008, ownerPid=3330, workSource=WorkSource{10008 com.google.android.gms}
V/ActivityManager(  707): Broadcast: Intent { act=android.search.action.SEARCHABLES_CHANGED flg=0x24000010 } ordered=false userid=0 callerApp=ProcessRecord{41fdcef8 707:system/1000}
W/RecognitionManagerService(  707): no available voice recognition services found for user 0
I/ANRManager(  707): CPU update time < 2.5sec
I/ANRManager(  707): CPU update time < 2.5sec
I/ANRManager(  707): CPU update time < 2.5sec
I/ANRManager(  707): CPU update time < 2.5sec
I/ANRManager(  707): CPU update time < 2.5sec
I/PackageManager(  707): init_copy idx=0: MeasureParams{422f2310 com.maleon.yepa}
D/ActivityThread( 3375): SVC-Creating service: CreateServiceData{token=android.os.BinderProxy@41bcd480 className=com.android.defcontainer.DefaultContainerService packageName=com.android.defcontainer intent=null}
D/ActivityThread( 3375): SVC-CREATE_SERVICE handled : 0 / CreateServiceData{token=android.os.BinderProxy@41bcd480 className=com.android.defcontainer.DefaultContainerService packageName=com.android.defcontainer intent=null}
I/PackageManager(  707): mcs_bound
I/PackageManager(  707): startCopy UserHandle{0}: MeasureParams{422f2310 com.maleon.yepa}
D/ActivityThread( 3375): SVC-BIND_SERVICE handled : 0 / BindServiceData{token=android.os.BinderProxy@41bcd480 intent=Intent { cmp=com.android.defcontainer/.DefaultContainerService }}
D/ActivityThread( 3340): BDC-RECEIVER handled : 0 / ReceiverData{intent=Intent { act=android.intent.action.PACKAGE_ADDED dat=package:com.maleon.yepa flg=0x4000010 cmp=com.android.vending/com.google.android.finsky.packagemanager.impl.PackageMonitorReceiverImpl$RegisteredReceiver (has extras) } packageName=com.android.vending resultCode=0 resultData=null resultExtras=null}
D/ActivityThread( 2180): BDC-Calling onReceive: intent=Intent { act=android.intent.action.PACKAGE_ADDED dat=package:com.maleon.yepa flg=0x4000010 cmp=com.facebook.katana/com.facebook.feed.platformads.AppInstallReceiver (has extras) }, ordered=true, receiver=com.facebook.feed.platformads.AppInstallReceiver@420afa18
D/PowerManagerService(  707): acquireWakeLockInternal: lock=1108119280, flags=0x1, tag="com.facebook.feed.platformads.AppInstallService:launch", ws=null, uid=10081, pid=2180
D/PowerManagerNotifier(  707): onWakeLockAcquired: flags=1, tag="com.facebook.feed.platformads.AppInstallService:launch", packageName=com.facebook.katana, ownerUid=10081, ownerPid=2180, workSource=null
D/PowerManagerService(  707): updateWakeLockSummaryLocked: mWakefulness=Asleep, mWakeLockSummary=0x1
D/PowerManagerService(  707): newScreenState = 0
D/PowerManagerDisplayController(  707): requestPowerState: screenState=0, useProximitySensor=false, forceProximitySensorEnable=false, forceWakeUpEnable=false, screenBrightness=30, screenAutoBrightnessAdjustment=0.0, useAutoBrightness=false, useEcoBrightness=false, blockScreenOn=false, waitForNegativeProximity=false
I/PowerManagerService(  707): setBrightness mButtonLight 0.
D/PowerManagerService(  707): updateScreenStateLocked: mDisplayReady=true, newScreenState=0, mWakefulness=0, mWakeLockSummary=0x1, mUserActivitySummary=0x0, mBootCompleted=true
D/PowerManagerService(  707): handleSandman: canDream=false, mWakefulness=Asleep
D/ActivityThread( 2180): BDC-RECEIVER handled : 0 / ReceiverData{intent=Intent { act=android.intent.action.PACKAGE_ADDED dat=package:com.maleon.yepa flg=0x4000010 cmp=com.facebook.katana/com.facebook.feed.platformads.AppInstallReceiver (has extras) } packageName=com.facebook.katana resultCode=0 resultData=null resultExtras=null}
D/ActivityThread( 2180): SVC-Creating service: CreateServiceData{token=android.os.BinderProxy@41fe0e08 className=com.facebook.feed.platformads.AppInstallService packageName=com.facebook.katana intent=null}
D/ActivityThread( 2180): SVC-CREATE_SERVICE handled : 0 / CreateServiceData{token=android.os.BinderProxy@41fe0e08 className=com.facebook.feed.platformads.AppInstallService packageName=com.facebook.katana intent=null}
D/PowerManagerService(  707): acquireWakeLockInternal: lock=1108017752, flags=0x1, tag="com.facebook.feed.platformads.AppInstallService:run", ws=null, uid=10081, pid=2180
D/PowerManagerNotifier(  707): onWakeLockAcquired: flags=1, tag="com.facebook.feed.platformads.AppInstallService:run", packageName=com.facebook.katana, ownerUid=10081, ownerPid=2180, workSource=null
D/PowerManagerService(  707): updateWakeLockSummaryLocked: mWakefulness=Asleep, mWakeLockSummary=0x1
D/PowerManagerService(  707): newScreenState = 0
D/PowerManagerDisplayController(  707): requestPowerState: screenState=0, useProximitySensor=false, forceProximitySensorEnable=false, forceWakeUpEnable=false, screenBrightness=30, screenAutoBrightnessAdjustment=0.0, useAutoBrightness=false, useEcoBrightness=false, blockScreenOn=false, waitForNegativeProximity=false
I/PowerManagerService(  707): setBrightness mButtonLight 0.
D/PowerManagerService(  707): updateScreenStateLocked: mDisplayReady=true, newScreenState=0, mWakefulness=0, mWakeLockSummary=0x1, mUserActivitySummary=0x0, mBootCompleted=true
D/PowerManagerService(  707): handleSandman: canDream=false, mWakefulness=Asleep
D/PowerManagerService(  707): releaseWakeLockInternal: lock=1108119280 [com.facebook.feed.platformads.AppInstallService:launch], flags=0x0, total_time=21ms
D/PowerManagerNotifier(  707): onWakeLockReleased: flags=1, tag="com.facebook.feed.platformads.AppInstallService:launch", packageName=com.facebook.katana, ownerUid=10081, ownerPid=2180, workSource=null
D/PowerManagerService(  707): updateWakeLockSummaryLocked: mWakefulness=Asleep, mWakeLockSummary=0x1
D/PowerManagerService(  707): newScreenState = 0
D/PowerManagerDisplayController(  707): requestPowerState: screenState=0, useProximitySensor=false, forceProximitySensorEnable=false, forceWakeUpEnable=false, screenBrightness=30, screenAutoBrightnessAdjustment=0.0, useAutoBrightness=false, useEcoBrightness=false, blockScreenOn=false, waitForNegativeProximity=false
I/PowerManagerService(  707): setBrightness mButtonLight 0.
D/PowerManagerService(  707): updateScreenStateLocked: mDisplayReady=true, newScreenState=0, mWakefulness=0, mWakeLockSummary=0x1, mUserActivitySummary=0x0, mBootCompleted=true
D/PowerManagerService(  707): handleSandman: canDream=false, mWakefulness=Asleep
D/ActivityThread( 2180): SVC-SERVICE_ARGS handled : 0 / ServiceArgsData{token=android.os.BinderProxy@41fe0e08 startId=1 args=Intent { cmp=com.facebook.katana/com.facebook.feed.platformads.AppInstallService (has extras) }}
I/PackageManager(  707): Apk copy done
D/ActivityThread( 2180): SVC-Destroying service: com.facebook.feed.platformads.AppInstallService@41d2c408
D/PowerManagerService(  707): releaseWakeLockInternal: lock=1108017752 [com.facebook.feed.platformads.AppInstallService:run], flags=0x0, total_time=27ms
D/PowerManagerNotifier(  707): onWakeLockReleased: flags=1, tag="com.facebook.feed.platformads.AppInstallService:run", packageName=com.facebook.katana, ownerUid=10081, ownerPid=2180, workSource=null
D/PowerManagerService(  707): updateWakeLockSummaryLocked: mWakefulness=Asleep, mWakeLockSummary=0x1
D/PowerManagerService(  707): newScreenState = 0
D/PowerManagerDisplayController(  707): requestPowerState: screenState=0, useProximitySensor=false, forceProximitySensorEnable=false, forceWakeUpEnable=false, screenBrightness=30, screenAutoBrightnessAdjustment=0.0, useAutoBrightness=false, useEcoBrightness=false, blockScreenOn=false, waitForNegativeProximity=false
I/PowerManagerService(  707): setBrightness mButtonLight 0.
D/PowerManagerService(  707): updateScreenStateLocked: mDisplayReady=true, newScreenState=0, mWakefulness=0, mWakeLockSummary=0x1, mUserActivitySummary=0x0, mBootCompleted=true
D/PowerManagerService(  707): handleSandman: canDream=false, mWakefulness=Asleep
D/ActivityThread( 2180): SVC-STOP_SERVICE handled : 0 / android.os.BinderProxy@41fe0e08
I/ANRManager(  707): updateProcessStats
I/ANRManager(  707): CPU update time < 2.5sec
D/ActivityThread( 3330): SVC-UNBIND_SERVICE handled : 0 / BindServiceData{token=android.os.BinderProxy@41fed910 intent=Intent { act=com.google.android.gms.safetynet.service.START pkg=com.google.android.gms }}
I/ANRManager(  707): CPU update time < 2.5sec
I/PackageManager(  707): mcs_check
I/PackageManager(  707): mcs_check(true, 1)
V/ActivityManager(  707): Broadcast sticky: Intent { act=android.intent.action.BATTERY_CHANGED flg=0x60000010 (has extras) } ordered=false userid=-1 callerApp=null
D/WifiService(  707): onReceive, action:android.intent.action.BATTERY_CHANGED
D/UsbDeviceManager(  707): onReceive - BATTERY_CHANGED - mPlugType: 2, mSettingUsbCharging: false, mConnected: true, mSettingUsbBicr: false
D/WifiController(  707): DeviceActiveState{ when=-1ms what=155652 arg1=2 target=com.android.internal.util.StateMachine$SmHandler target=Handler (com.android.internal.util.StateMachine$SmHandler) {422d7a70} }
D/WifiController(  707): StaEnabledState{ when=-8ms what=155652 arg1=2 target=com.android.internal.util.StateMachine$SmHandler target=Handler (com.android.internal.util.StateMachine$SmHandler) {422d7a70} }
D/WifiController(  707): DefaultState{ when=-8ms what=155652 arg1=2 target=com.android.internal.util.StateMachine$SmHandler target=Handler (com.android.internal.util.StateMachine$SmHandler) {422d7a70} }
D/WifiController(  707): battery changed pluggedType: 2
D/WifiController(  707): wifiSleepPolicy:2
D/WifiController(  707): wifiSleepPolicy:2
D/PowerManagerService(  707): updateIsPoweredLocked: wasPowered=true, mIsPowered=true, oldPlugType=2, mPlugType=2, mBatteryLevel=100
D/PowerManagerService(  707): handleSandman: canDream=false, mWakefulness=Asleep
D/ConnectivityService(  707): getActiveNetworkInfo:NetworkInfo: type: WIFI[], state: CONNECTED/CONNECTED, reason: (unspecified), extra: "FamiliaPaco", roaming: false, failover: false, isAvailable: true, isConnectedToProvisioningNetwork: false, simId: 0/10008
D/PowerManagerService(  707): releaseWakeLockInternal: lock=1111741984 [Icing], flags=0x0, total_time=4234ms
D/PowerManagerNotifier(  707): onWakeLockReleased: flags=1, tag="Icing", packageName=com.google.android.gms, ownerUid=10008, ownerPid=3330, workSource=WorkSource{10008 com.google.android.gms}
D/PowerManagerService(  707): updateWakeLockSummaryLocked: mWakefulness=Asleep, mWakeLockSummary=0x0
D/PowerManagerService(  707): newScreenState = 0
D/PowerManagerDisplayController(  707): requestPowerState: screenState=0, useProximitySensor=false, forceProximitySensorEnable=false, forceWakeUpEnable=false, screenBrightness=30, screenAutoBrightnessAdjustment=0.0, useAutoBrightness=false, useEcoBrightness=false, blockScreenOn=false, waitForNegativeProximity=false
I/PowerManagerService(  707): setBrightness mButtonLight 0.
D/PowerManagerService(  707): updateScreenStateLocked: mDisplayReady=true, newScreenState=0, mWakefulness=0, mWakeLockSummary=0x0, mUserActivitySummary=0x0, mBootCompleted=true
D/PowerManagerService(  707): Releasing suspend blocker "PowerManagerService.WakeLocks".
D/PowerManagerService(  707): handleSandman: canDream=false, mWakefulness=Asleep
D/ActivityThread( 3330): SVC-Destroying service: com.google.android.gms.icing.service.IndexWorkerService@41eb4a38
D/ActivityThread( 3330): SVC-STOP_SERVICE handled : 0 / android.os.BinderProxy@420c7c20
I/ANRManager(  707): updateProcessStats
D/ActivityThread(  866): SVC-Destroying service: com.google.android.gms.chimera.PersistentIntentOperationService@4209a0f8
D/ActivityThread(  866): SVC-STOP_SERVICE handled : 0 / android.os.BinderProxy@42294480
I/ANRManager(  707): CPU update time < 2.5sec
D/ActivityThread( 3330): SVC-Destroying service: com.google.android.gms.chimera.GmsIntentOperationService@41fabdb0
D/ActivityThread( 3330): SVC-STOP_SERVICE handled : 0 / android.os.BinderProxy@41d7d088
I/ANRManager(  707): CPU update time < 2.5sec
V/ActivityManager(  707): Broadcast: Intent { act=mono.android.intent.action.EXTERNAL_STORAGE_DIRECTORY flg=0x10 cmp=Mono.Android.DebugRuntime/com.xamarin.mono.android.ExternalStorageDirectory } ordered=true userid=-1 callerApp=null
D/ActivityThread( 3687): BDC-Calling onReceive: intent=Intent { act=mono.android.intent.action.EXTERNAL_STORAGE_DIRECTORY flg=0x10 cmp=Mono.Android.DebugRuntime/com.xamarin.mono.android.ExternalStorageDirectory }, ordered=true, receiver=com.xamarin.mono.android.ExternalStorageDirectory@41b8c3e0
D/ActivityThread( 3687): BDC-RECEIVER handled : 0 / ReceiverData{intent=Intent { act=mono.android.intent.action.EXTERNAL_STORAGE_DIRECTORY flg=0x10 cmp=Mono.Android.DebugRuntime/com.xamarin.mono.android.ExternalStorageDirectory } packageName=Mono.Android.DebugRuntime resultCode=0 resultData=/storage/emulated/0 resultExtras=null}
I/ActivityManager(  707): START u0 {act=android.intent.action.MAIN cat=[android.intent.category.LAUNCHER] flg=0x10000000 cmp=com.maleon.yepa/crc64d4a39d583cbee055.MainActivity} from pid 4504
I/ActivityManager(  707): Start proc com.maleon.yepa for activity com.maleon.yepa/crc64d4a39d583cbee055.MainActivity: pid=4514 uid=10165 gids={50165, 3003, 1028, 1015}
I/PackageManager(  707): mcs_unbind
I/PackageManager(  707): calling disconnectService()
D/ActivityThread( 3375): SVC-UNBIND_SERVICE handled : 0 / BindServiceData{token=android.os.BinderProxy@41bcd480 intent=Intent { cmp=com.android.defcontainer/.DefaultContainerService }}
D/ActivityThread( 3375): SVC-Destroying service: com.android.defcontainer.DefaultContainerService@41bcdce8
D/ActivityThread( 3375): SVC-STOP_SERVICE handled : 0 / android.os.BinderProxy@41bcd480
D/ConnectivityService(  707): onUidRulesChanged(uid=10012, uidRules=0)
D/ConnectivityService(  707): onUidRulesChanged(uid=10165, uidRules=0)
D/ActivityManager(  707): getContentProviderImpl: from caller=android.app.ApplicationThreadProxy@4243f8a8 (pid=4514, userId=0) to get content provider settings cpr=ContentProviderRecord{42194fb0 u0 com.android.providers.settings/.SettingsProvider}
D/ActivityManager(  707): getContentProviderImpl: updateLruProcessLocked cpr.proc=ProcessRecord{41fdcef8 707:system/1000}
D/ActivityThread( 4514): hoder:android.app.IActivityManager$ContentProviderHolder@41b7e110,provider,holder.Provider:android.content.ContentProviderProxy@41b7e888
V/SettingsProvider(  707): call(system:anr_debugging_mechanism) for 0
W/ActivityThread( 4514): Application com.maleon.yepa can be debugged on port 8100...
D/ActivityThread( 4514): installProvider: context.getPackageName()=com.maleon.yepa
I/ANRManager(  707): updateProcessStats
I/ANRManager(  707): CPU update time < 2.5sec
I/ANRManager(  707): CPU update time < 2.5sec
W/ActivityManager(  707): Activity pause timeout for ActivityRecord{41b70618 u0 com.maleon.yepa/crc64d4a39d583cbee055.MainActivity t10}
V/ActivityManager(  707): Broadcast sticky: Intent { act=android.intent.action.BATTERY_CHANGED flg=0x60000010 (has extras) } ordered=false userid=-1 callerApp=null
D/WifiService(  707): onReceive, action:android.intent.action.BATTERY_CHANGED
D/UsbDeviceManager(  707): onReceive - BATTERY_CHANGED - mPlugType: 2, mSettingUsbCharging: false, mConnected: true, mSettingUsbBicr: false
D/WifiController(  707): DeviceActiveState{ when=-1ms what=155652 arg1=2 target=com.android.internal.util.StateMachine$SmHandler target=Handler (com.android.internal.util.StateMachine$SmHandler) {422d7a70} }
D/PowerManagerService(  707): updateIsPoweredLocked: wasPowered=true, mIsPowered=true, oldPlugType=2, mPlugType=2, mBatteryLevel=100
D/PowerManagerService(  707): handleSandman: canDream=false, mWakefulness=Asleep
D/WifiController(  707): StaEnabledState{ when=-1ms what=155652 arg1=2 target=com.android.internal.util.StateMachine$SmHandler target=Handler (com.android.internal.util.StateMachine$SmHandler) {422d7a70} }
D/WifiController(  707): DefaultState{ when=-3ms what=155652 arg1=2 target=com.android.internal.util.StateMachine$SmHandler target=Handler (com.android.internal.util.StateMachine$SmHandler) {422d7a70} }
D/WifiController(  707): battery changed pluggedType: 2
D/WifiController(  707): wifiSleepPolicy:2
D/WifiController(  707): wifiSleepPolicy:2
I/ANRManager(  707): CPU update time < 2.5sec
I/ANRManager(  707): CPU update time < 2.5sec
V/ActivityManager(  707): Broadcast: Intent { act=android.intent.action.TIME_TICK flg=0x50000014 (has extras) } ordered=true userid=-1 callerApp=null
D/PowerManagerService(  707): acquireWakeLockInternal: lock=1110002184, flags=0x1, tag="AlarmManager", ws=WorkSource{1000}, uid=1000, pid=707
D/PowerManagerNotifier(  707): onWakeLockAcquired: flags=1, tag="AlarmManager", packageName=android, ownerUid=1000, ownerPid=707, workSource=WorkSource{1000}
D/ActivityThread(  707): BDC-Calling onReceive: intent=Intent { act=android.intent.action.TIME_TICK flg=0x50000014 (has extras) }, ordered=true, receiver=com.android.server.AlarmManagerService$ClockReceiver@42294e08, IIntentReceiver=42294ee0
D/PowerManagerService(  707): updateWakeLockSummaryLocked: mWakefulness=Asleep, mWakeLockSummary=0x1
D/PowerManagerService(  707): newScreenState = 0
D/PowerManagerDisplayController(  707): requestPowerState: screenState=0, useProximitySensor=false, forceProximitySensorEnable=false, forceWakeUpEnable=false, screenBrightness=30, screenAutoBrightnessAdjustment=0.0, useAutoBrightness=false, useEcoBrightness=false, blockScreenOn=false, waitForNegativeProximity=false
I/PowerManagerService(  707): setBrightness mButtonLight 0.
D/PowerManagerService(  707): updateScreenStateLocked: mDisplayReady=true, newScreenState=0, mWakefulness=0, mWakeLockSummary=0x1, mUserActivitySummary=0x0, mBootCompleted=true
D/PowerManagerService(  707): Acquiring suspend blocker "PowerManagerService.WakeLocks".
D/PowerManagerService(  707): handleSandman: canDream=false, mWakefulness=Asleep
D/ActivityThread(  707): BDC-Calling finishReceiver: IIntentReceiver=42294ee0
D/ActivityThread(  772): BDC-Calling onReceive: intent=Intent { act=android.intent.action.TIME_TICK flg=0x50000014 (has extras) }, ordered=true, receiver=com.android.keyguard.KeyguardUpdateMonitor$3@41b8edd8, IIntentReceiver=41b949f8
D/ActivityThread(  772): BDC-Calling finishReceiver: IIntentReceiver=41b949f8
V/SettingsProvider(  707):    access setting for user 0
V/SettingsProvider(  707): call(system:next_alarm_formatted) for 0
D/ActivityThread(  772): BDC-Calling onReceive: intent=Intent { act=android.intent.action.TIME_TICK flg=0x50000014 (has extras) }, ordered=true, receiver=com.android.systemui.statusbar.policy.Clock$1@41bd9148, IIntentReceiver=41d9bbe0
D/ActivityThread(  772): BDC-Calling finishReceiver: IIntentReceiver=41d9bbe0
D/ActivityThread(  772): BDC-Calling onReceive: intent=Intent { act=android.intent.action.TIME_TICK flg=0x50000014 (has extras) }, ordered=true, receiver=com.android.systemui.statusbar.policy.Clock$1@41be55d8, IIntentReceiver=41d9cdc8
D/ActivityThread(  772): BDC-Calling finishReceiver: IIntentReceiver=41d9cdc8
D/ActivityThread(  772): BDC-Calling onReceive: intent=Intent { act=android.intent.action.TIME_TICK flg=0x50000014 (has extras) }, ordered=true, receiver=com.android.systemui.statusbar.policy.DateView$1@41be6388, IIntentReceiver=41d9da70
D/ActivityThread(  772): BDC-Calling finishReceiver: IIntentReceiver=41d9da70
D/ActivityThread(  926): BDC-Calling onReceive: intent=Intent { act=android.intent.action.TIME_TICK flg=0x50000014 (has extras) }, ordered=true, receiver=android.widget.TextClock$2@41cbf720, IIntentReceiver=41de8b78
D/ActivityThread(  926): BDC-Calling finishReceiver: IIntentReceiver=41de8b78
D/ActivityThread(  926): BDC-Calling onReceive: intent=Intent { act=android.intent.action.TIME_TICK flg=0x50000014 (has extras) }, ordered=true, receiver=android.widget.TextClock$2@41e4d110, IIntentReceiver=41de9970
D/ActivityThread(  926): BDC-Calling finishReceiver: IIntentReceiver=41de9970
D/ActivityThread(  772): BDC-Calling onReceive: intent=Intent { act=android.intent.action.TIME_TICK flg=0x50000014 (has extras) }, ordered=true, receiver=com.android.keyguard.ClockView$TimeChangedReceiver@41b8ace8, IIntentReceiver=41b86428
D/ActivityThread(  772): BDC-Calling finishReceiver: IIntentReceiver=41b86428
D/PowerManagerService(  707): releaseWakeLockInternal: lock=1110002184 [AlarmManager], flags=0x0, total_time=76ms
D/PowerManagerNotifier(  707): onWakeLockReleased: flags=1, tag="AlarmManager", packageName=android, ownerUid=1000, ownerPid=707, workSource=WorkSource{1000}
D/PowerManagerService(  707): updateWakeLockSummaryLocked: mWakefulness=Asleep, mWakeLockSummary=0x0
D/PowerManagerService(  707): newScreenState = 0
D/PowerManagerDisplayController(  707): requestPowerState: screenState=0, useProximitySensor=false, forceProximitySensorEnable=false, forceWakeUpEnable=false, screenBrightness=30, screenAutoBrightnessAdjustment=0.0, useAutoBrightness=false, useEcoBrightness=false, blockScreenOn=false, waitForNegativeProximity=false
I/PowerManagerService(  707): setBrightness mButtonLight 0.
D/PowerManagerService(  707): updateScreenStateLocked: mDisplayReady=true, newScreenState=0, mWakefulness=0, mWakeLockSummary=0x0, mUserActivitySummary=0x0, mBootCompleted=true
D/PowerManagerService(  707): Releasing suspend blocker "PowerManagerService.WakeLocks".
D/PowerManagerService(  707): handleSandman: canDream=false, mWakefulness=Asleep
I/ANRManager(  707): CPU update time < 2.5sec
I/ANRManager(  707): CPU update time < 2.5sec
I/ANRManager(  707): CPU update time < 2.5sec
I/ANRManager(  707): CPU update time < 2.5sec
I/ANRManager(  707): CPU update time < 2.5sec
I/ANRManager(  707): CPU update time < 2.5sec
I/ANRManager(  707): CPU update time < 2.5sec
I/ANRManager(  707): CPU update time < 2.5sec
I/ANRManager(  707): updateProcessStats
I/ANRManager(  707): CPU update time < 2.5sec
I/ANRManager(  707): CPU update time < 2.5sec
I/ANRManager(  707): CPU update time < 2.5sec
I/ANRManager(  707): CPU update time < 2.5sec
D/ActivityThread( 4514): installProvider: context.getPackageName()=com.maleon.yepa
D/ActivityThread( 4514): installProvider: context.getPackageName()=com.maleon.yepa
D/ActivityThread( 3330): SVC-SERVICE_ARGS handled : 0 / ServiceArgsData{token=android.os.BinderProxy@41fed910 startId=2 args=Intent { cmp=com.google.android.gms/.chimera.GmsBoundBrokerService (has extras) }}
I/ANRManager(  707): CPU update time < 2.5sec
I/ANRManager(  707): CPU update time < 2.5sec
I/ANRManager(  707): updateProcessStats
I/ANRManager(  707): CPU update time < 2.5sec
--------- beginning of /dev/log/main
D/Mono    ( 4514): Loading reference 11 of netstandard.dll asmctx DEFAULT, looking for System.Runtime.Serialization, Version=2.0.5.0, Culture=neutral, PublicKeyToken=7cec85d7bea7798e
D/Mono    ( 4514): Image addref System.Runtime.Serialization[0x66736898] (asmctx DEFAULT) -> System.Runtime.Serialization.dll[0x6672e388]: 2
D/Mono    ( 4514): Prepared to set up assembly 'System.Runtime.Serialization' (System.Runtime.Serialization.dll)
D/Mono    ( 4514): Assembly System.Runtime.Serialization[0x66736898] added to domain RootDomain, ref_count=1
D/Mono    ( 4514): Config attempting to parse: 'System.Runtime.Serialization.dll.config'.
D/Mono    ( 4514): Assembly Ref addref netstandard[0x660ed5f8] -> System.Runtime.Serialization[0x66736898]: 2
D/Mono    ( 4514): Requesting loading reference 1 (of 5) of System.Runtime.Serialization.dll
D/Mono    ( 4514): Loading reference 1 of System.Runtime.Serialization.dll asmctx DEFAULT, looking for System.Xml, Version=2.0.5.0, Culture=neutral, PublicKeyToken=7cec85d7bea7798e
D/Mono    ( 4514): Image addref System.Xml[0x6673add0] (asmctx DEFAULT) -> System.Xml.dll[0x6673a050]: 2
D/Mono    ( 4514): Prepared to set up assembly 'System.Xml' (System.Xml.dll)
D/Mono    ( 4514): Assembly System.Xml[0x6673add0] added to domain RootDomain, ref_count=1
D/Mono    ( 4514): Config attempting to parse: 'System.Xml.dll.config'.
D/Mono    ( 4514): Assembly Ref addref System.Runtime.Serialization[0x66736898] -> System.Xml[0x6673add0]: 2
D/Mono    ( 4514): Requesting loading reference 0 (of 2) of System.Xml.dll
D/Mono    ( 4514): Loading reference 0 of System.Xml.dll asmctx DEFAULT, looking for mscorlib, Version=2.0.5.0, Culture=neutral, PublicKeyToken=7cec85d7bea7798e
D/Mono    ( 4514): Assembly Ref addref System.Xml[0x6673add0] -> mscorlib[0x63704268]: 77
D/Mono    ( 4514): Requesting loading reference 0 (of 5) of System.Runtime.Serialization.dll
D/Mono    ( 4514): Loading reference 0 of System.Runtime.Serialization.dll asmctx DEFAULT, looking for mscorlib, Version=2.0.5.0, Culture=neutral, PublicKeyToken=7cec85d7bea7798e
D/Mono    ( 4514): Assembly Ref addref System.Runtime.Serialization[0x66736898] -> mscorlib[0x63704268]: 78
D/Mono    ( 4514): Requesting loading reference 14 (of 16) of netstandard.dll
D/Mono    ( 4514): Loading reference 14 of netstandard.dll asmctx DEFAULT, looking for System.Xml, Version=2.0.5.0, Culture=neutral, PublicKeyToken=7cec85d7bea7798e
D/Mono    ( 4514): Assembly Ref addref netstandard[0x660ed5f8] -> System.Xml[0x6673add0]: 3
D/Mono    ( 4514): Requesting loading reference 2 (of 5) of System.Runtime.Serialization.dll
D/Mono    ( 4514): Loading reference 2 of System.Runtime.Serialization.dll asmctx DEFAULT, looking for System.ServiceModel.Internals, Version=0.0.0.0, Culture=neutral, PublicKeyToken=31bf3856ad364e35
D/Mono    ( 4514): Image addref System.ServiceModel.Internals[0x66ce2c28] (asmctx DEFAULT) -> System.ServiceModel.Internals.dll[0x66cdf0e0]: 2
D/Mono    ( 4514): Prepared to set up assembly 'System.ServiceModel.Internals' (System.ServiceModel.Internals.dll)
D/Mono    ( 4514): Assembly System.ServiceModel.Internals[0x66ce2c28] added to domain RootDomain, ref_count=1
D/Mono    ( 4514): Config attempting to parse: 'System.ServiceModel.Internals.dll.config'.
D/Mono    ( 4514): Assembly Ref addref System.Runtime.Serialization[0x66736898] -> System.ServiceModel.Internals[0x66ce2c28]: 2
D/Mono    ( 4514): Requesting loading reference 0 (of 3) of System.ServiceModel.Internals.dll
D/Mono    ( 4514): Loading reference 0 of System.ServiceModel.Internals.dll asmctx DEFAULT, looking for mscorlib, Version=2.0.5.0, Culture=neutral, PublicKeyToken=7cec85d7bea7798e
D/Mono    ( 4514): Assembly Ref addref System.ServiceModel.Internals[0x66ce2c28] -> mscorlib[0x63704268]: 79
V/Provider/Settings(  707): get setting for user 0 by user 0 so skipping cache
V/Provider/Settings(  707):  from settings cache , name = sys_free_storage_log_interval , value = null
V/Provider/Settings(  707): get setting for user 0 by user 0 so skipping cache
V/Provider/Settings(  707):  from settings cache , name = disk_free_change_reporting_threshold , value = null
I/ANRManager(  707): updateProcessStats
D/Mono    ( 4514): Requesting loading reference 2 (of 3) of System.ServiceModel.Internals.dll
D/Mono    ( 4514): Loading reference 2 of System.ServiceModel.Internals.dll asmctx DEFAULT, looking for System.Xml, Version=2.0.5.0, Culture=neutral, PublicKeyToken=7cec85d7bea7798e
D/Mono    ( 4514): Assembly Ref addref System.ServiceModel.Internals[0x66ce2c28] -> System.Xml[0x6673add0]: 4
D/Mono    ( 4514): Requesting loading reference 3 (of 5) of System.Runtime.Serialization.dll
D/Mono    ( 4514): Loading reference 3 of System.Runtime.Serialization.dll asmctx DEFAULT, looking for System, Version=2.0.5.0, Culture=neutral, PublicKeyToken=7cec85d7bea7798e
D/Mono    ( 4514): Assembly Ref addref System.Runtime.Serialization[0x66736898] -> System[0x65e61588]: 5
D/Mono    ( 4514): Requesting loading reference 1 (of 2) of System.Xml.dll
D/Mono    ( 4514): Loading reference 1 of System.Xml.dll asmctx DEFAULT, looking for System, Version=2.0.5.0, Culture=neutral, PublicKeyToken=7cec85d7bea7798e
D/Mono    ( 4514): Assembly Ref addref System.Xml[0x6673add0] -> System[0x65e61588]: 6
D/Mono    ( 4514): Requesting loading reference 1 (of 3) of System.ServiceModel.Internals.dll
D/Mono    ( 4514): Loading reference 1 of System.ServiceModel.Internals.dll asmctx DEFAULT, looking for System, Version=2.0.5.0, Culture=neutral, PublicKeyToken=7cec85d7bea7798e
D/Mono    ( 4514): Assembly Ref addref System.ServiceModel.Internals[0x66ce2c28] -> System[0x65e61588]: 7
D/AES     (  707): RT Monitor ERROR: open /dev/RT_Monitor failed.
D/InputReader(  707): InputReader::monitor: lock
D/InputReader(  707): InputReader::monitor: wait 
D/InputReader(  707): InputReader::monitor: unlock
D/InputReader(  707): InputReader::monitor: done
I/ANRManager(  707): CPU update time < 2.5sec
D/Mono    ( 4514): DllImport searching in: '__Internal' ('(null)').
D/Mono    ( 4514): Searching for 'java_interop_jnienv_get_static_method_id'.
D/Mono    ( 4514): Probing 'java_interop_jnienv_get_static_method_id'.
D/Mono    ( 4514): Found as 'java_interop_jnienv_get_static_method_id'.
D/Mono    ( 4514): DllImport searching in: '__Internal' ('(null)').
D/Mono    ( 4514): Searching for 'java_interop_jnienv_call_static_object_method_a'.
