D/OneSignal( 4514): Trackers after update attempt: [OSChannelTracker{tag=notification_id, influenceType=UNATTRIBUTED, indirectIds=null, directId='null'}, OSChannelTracker{tag=iam_id, influenceType=UNATTRIBUTED, indirectIds=null, directId='null'}]
D/OneSignal( 4514): OneSignal SessionManager sendSessionEndingWithInfluences with influences: []
D/OneSignal( 4514): initWithCachedInAppMessages: null
E/dalvikvm( 4514): Could not find class 'android.app.job.JobInfo$Builder', referenced from method com.onesignal.NotificationRestorer.startDelayedRestoreTaskFromReceiver
W/dalvikvm( 4514): VFY: unable to resolve new-instance 107 (Landroid/app/job/JobInfo$Builder;) in Lcom/onesignal/NotificationRestorer;
D/dalvikvm( 4514): VFY: replacing opcode 0x22 at 0x0012
D/dalvikvm( 4514): DexOpt: unable to opt direct call 0x0220 at 0x1b in Lcom/onesignal/NotificationRestorer;.startDelayedRestoreTaskFromReceiver
D/dalvikvm( 4514): create interp thread : stack size=128KB
D/dalvikvm( 4514): create new thread
D/dalvikvm( 4514): new thread created
D/dalvikvm( 4514): update thread list
D/dalvikvm( 4514): threadid=24: interp stack at 0x67a73000
D/dalvikvm( 4514): threadid=24: created from interp
D/dalvikvm( 4514): threadid=24: adding to list
D/dalvikvm( 4514): start new thread
D/dalvikvm( 4514): threadid=24: notify debugger
D/dalvikvm( 4514): threadid=24 (OS_RESTORE_NOTIFS): calling run()
I/OneSignal( 4514): Restoring notifications
I/OneSignal( 4514): Querying DB for notifs to restore: created_time > 1633926013 AND dismissed = 0 AND opened = 0 AND is_summary = 0 AND expire_time > 1634530813
E/dalvikvm( 4514): Could not find class 'android.app.job.JobScheduler', referenced from method com.onesignal.OneSignalSyncServiceUtils.cancelSyncTask
W/dalvikvm( 4514): VFY: unable to resolve check-cast 110 (Landroid/app/job/JobScheduler;) in Lcom/onesignal/OneSignalSyncServiceUtils;
D/dalvikvm( 4514): VFY: replacing opcode 0x1f at 0x001f
E/dalvikvm( 4514): Could not find class 'android.app.job.JobScheduler', referenced from method com.onesignal.OneSignalSyncServiceUtils.isJobIdRunning
W/dalvikvm( 4514): VFY: unable to resolve check-cast 110 (Landroid/app/job/JobScheduler;) in Lcom/onesignal/OneSignalSyncServiceUtils;
D/dalvikvm( 4514): VFY: replacing opcode 0x1f at 0x0006
E/dalvikvm( 4514): Could not find class 'android.app.job.JobInfo$Builder', referenced from method com.onesignal.OneSignalSyncServiceUtils.scheduleSyncServiceAsJob
W/dalvikvm( 4514): VFY: unable to resolve new-instance 107 (Landroid/app/job/JobInfo$Builder;) in Lcom/onesignal/OneSignalSyncServiceUtils;
D/dalvikvm( 4514): VFY: replacing opcode 0x22 at 0x0027
D/dalvikvm( 4514): DexOpt: unable to opt direct call 0x0220 at 0x33 in Lcom/onesignal/OneSignalSyncServiceUtils;.scheduleSyncServiceAsJob
V/OneSignal( 4514): scheduleLocationUpdateTask:delayMs: 299494
V/OneSignal( 4514): scheduleServiceSyncTask:atTime: 299494
D/ActivityThread( 4514): ACT-AM_ON_RESUME_CALLED ActivityRecord{41b7cd48 token=android.os.BinderProxy@41b7c490 {com.maleon.yepa/crc64d4a39d583cbee055.MainActivity}}
V/ActivityThread( 4514): Resume ActivityRecord{41b7cd48 token=android.os.BinderProxy@41b7c490 {com.maleon.yepa/crc64d4a39d583cbee055.MainActivity}} started activity: false, hideForNow: false, finished: false
V/PhoneWindow( 4514): DecorView setVisiblity: visibility = 4 ,Parent =null, this =com.android.internal.policy.impl.PhoneWindow$DecorView{41c36578 I.E..... R.....I. 0,0-0,0}
D/dalvikvm( 4514): threadid=24: exiting
D/dalvikvm( 4514): threadid=24: detach (group=0x41889ce0)
D/dalvikvm( 4514): threadid=24: removing from list
D/dalvikvm( 4514): threadid=24: bye!
I/SurfaceFlinger(  171): EventThread Client Pid (4514) created
D/NativeCrypto( 4514): doing handshake ++
D/NativeCrypto( 4514): ssl=0x67a4a8a8 info_callback where=0x4004 ret=582
D/NativeCrypto( 4514): ssl=0x67a4a8a8 SSL3 alert read:F:PV fatal protocol version
D/NativeCrypto( 4514): ssl=0x67a4a8a8 info_callback ignored
D/OpenSSLLib( 4514): OpensslErr:Module:20(119:1070); file:external/openssl/ssl/s23_clnt.c ;Line:741;Function:ssl23_get_server_hello
D/NativeCrypto( 4514): ssl=0x67a4a8a8 info_callback where=0x1002 ret=-1
D/NativeCrypto( 4514): ssl=0x67a4a8a8 SSL_connect:error exit in 23RSHA SSLv2/v3 read server hello A
D/NativeCrypto( 4514): ssl=0x67a4a8a8 info_callback ignored
D/NativeCrypto( 4514): doing handshake -- ret=-1
D/NativeCrypto( 4514): ssl=0x67a4a8a8 NativeCrypto_SSL_do_handshake ret=-1 errno=0 sslError=1 timeout_millis=60000
E/NativeCrypto( 4514): Unknown error during handshake
D/NativeCrypto( 4514): ssl=0x67a4a8a8 NativeCrypto_SSL_do_handshake unclean error => 0
D/NativeCrypto( 4514): ssl=0x67a4a8a8 NativeCrypto_SSL_interrupt
D/NativeCrypto( 4514):  sslNotify, appData=0x67a509d0 ret=1
D/NativeCrypto( 4514):  sslNotify, appData=0x67a509d0 ret=1
I/System.out( 4514): [CDS]close[34810]
I/System.out( 4514): close [socket][/0.0.0.0:34810]
D/NativeCrypto( 4514): ssl=0x0 NativeCrypto_SSL_interrupt
V/ViewRootImpl( 4514): mApplyParallel = false, this = ViewRoot{41d5a3f8 ,ident = 0}
I/System.out( 4514): [socket][1] connection api.onesignal.com/104.18.225.52:443;LocalPort=35773(60000)
I/System.out( 4514): [CDS]connect[api.onesignal.com/104.18.225.52:443] tm:60
D/Posix   ( 4514): [Posix_connect Debug]Process com.maleon.yepa :443 
V/ActivityThread( 4514): Resuming ActivityRecord{41b7cd48 token=android.os.BinderProxy@41b7c490 {com.maleon.yepa/crc64d4a39d583cbee055.MainActivity}} with isForward=false
V/PhoneWindow( 4514): DecorView setVisiblity: visibility = 0 ,Parent =ViewRoot{41d5a3f8 com.maleon.yepa/crc64d4a39d583cbee055.MainActivity,ident = 0}, this =com.android.internal.policy.impl.PhoneWindow$DecorView{41c36578 V.E..... R.....I. 0,0-0,0}
V/ActivityThread( 4514): Scheduling idle handler for ActivityRecord{41b7cd48 token=android.os.BinderProxy@41b7c490 {com.maleon.yepa/crc64d4a39d583cbee055.MainActivity}}
D/ActivityThread( 4514): ACT-LAUNCH_ACTIVITY handled : 0 / ActivityRecord{41b7cd48 token=android.os.BinderProxy@41b7c490 {com.maleon.yepa/crc64d4a39d583cbee055.MainActivity}}
D/OneSignal( 4514): onActivityPaused: crc64d4a39d583cbee055.MainActivity@41bd4580
D/OneSignal( 4514): curActivity is NOW: null
D/ActivityThread( 4514): ACT-AM_ON_PAUSE_CALLED ActivityRecord{41b7cd48 token=android.os.BinderProxy@41b7c490 {com.maleon.yepa/crc64d4a39d583cbee055.MainActivity}}
D/ActivityThread( 4514): ACT-PAUSE_ACTIVITY handled : 0 / android.os.BinderProxy@41b7c490
V/ActivityThread( 4514): Finishing stop of ActivityRecord{41b7cd48 token=android.os.BinderProxy@41b7c490 {com.maleon.yepa/crc64d4a39d583cbee055.MainActivity}}: show=true win=com.android.internal.policy.impl.PhoneWindow@41bf4710
D/ActivityThread( 4514): ACT-STOP_ACTIVITY_SHOW handled : 0 / android.os.BinderProxy@41b7c490
D/OneSignal( 4514): onActivityStopped: crc64d4a39d583cbee055.MainActivity@41bd4580
D/OneSignal( 4514): curActivity is NOW: null
I/System.out( 4514): [socket][/192.168.1.10:35773] connected
I/System.out( 4514): [CDS]rx timeout:60000
D/NativeCrypto( 4514): ssl=0x67a474f8 NativeCrypto_SSL_do_handshake fd=0x52100005 shc=0x3d800009 timeout_millis=60000 client_mode=1 npn=0x0
D/NativeCrypto( 4514): doing handshake ++
D/NativeCrypto( 4514): ssl=0x67a474f8 info_callback where=0x10 ret=1
D/NativeCrypto( 4514): ssl=0x67a474f8 handshake start in UNKWN  before/connect initialization
D/NativeCrypto( 4514): ssl=0x67a474f8 info_callback ignored
D/NativeCrypto( 4514): ssl=0x67a474f8 info_callback where=0x1001 ret=1
D/NativeCrypto( 4514): ssl=0x67a474f8 SSL_connect:UNKWN  before/connect initialization
D/NativeCrypto( 4514): ssl=0x67a474f8 info_callback ignored
D/NativeCrypto( 4514): ssl=0x67a474f8 info_callback where=0x1001 ret=1
D/NativeCrypto( 4514): ssl=0x67a474f8 SSL_connect:23WCHA SSLv2/v3 write client hello A
D/NativeCrypto( 4514): ssl=0x67a474f8 info_callback ignored
D/NativeCrypto( 4514): ssl=0x67a474f8 info_callback where=0x1002 ret=-1
D/NativeCrypto( 4514): ssl=0x67a474f8 SSL_connect:error exit in 23RSHA SSLv2/v3 read server hello A
D/NativeCrypto( 4514): ssl=0x67a474f8 info_callback ignored
D/NativeCrypto( 4514): doing handshake -- ret=-1
D/NativeCrypto( 4514): ssl=0x67a474f8 NativeCrypto_SSL_do_handshake ret=-1 errno=11 sslError=2 timeout_millis=60000
D/dalvikvm( 4514): threadid=24: interp stack at 0x67fc5000
D/dalvikvm( 4514): threadid=24: adding to list (attached)
D/dalvikvm( 4514): threadid=24: attached from native, name=(null)
D/dalvikvm( 4514): threadid=25: interp stack at 0x680f0000
D/dalvikvm( 4514): threadid=25: adding to list (attached)
D/dalvikvm( 4514): threadid=26: interp stack at 0x68110000
D/dalvikvm( 4514): threadid=25: attached from native, name=(null)
D/dalvikvm( 4514): threadid=26: adding to list (attached)
D/dalvikvm( 4514): threadid=26: attached from native, name=(null)
D/NativeCrypto( 4514): doing handshake ++
D/OpenSSLLib( 4514): OpensslErr:Module:20(119:258); file:external/openssl/ssl/s23_clnt.c ;Line:714;Function:ssl23_get_server_hello
D/NativeCrypto( 4514): ssl=0x67a474f8 info_callback where=0x1002 ret=-1
D/NativeCrypto( 4514): ssl=0x67a474f8 SSL_connect:error exit in 23RSHA SSLv2/v3 read server hello A
D/NativeCrypto( 4514): ssl=0x67a474f8 info_callback ignored
D/NativeCrypto( 4514): doing handshake -- ret=-1
D/NativeCrypto( 4514): ssl=0x67a474f8 NativeCrypto_SSL_do_handshake ret=-1 errno=0 sslError=1 timeout_millis=60000
E/NativeCrypto( 4514): Unknown error during handshake
D/NativeCrypto( 4514): ssl=0x67a474f8 NativeCrypto_SSL_do_handshake unclean error => 0
D/NativeCrypto( 4514): ssl=0x67a474f8 NativeCrypto_SSL_interrupt
D/NativeCrypto( 4514):  sslNotify, appData=0x67a5aeb8 ret=1
D/NativeCrypto( 4514):  sslNotify, appData=0x67a5aeb8 ret=1
I/System.out( 4514): [CDS]close[35773]
I/System.out( 4514): close [socket][/0.0.0.0:35773]
D/NativeCrypto( 4514): ssl=0x0 NativeCrypto_SSL_interrupt
D/dalvikvm( 4514): threadid=27: interp stack at 0x68139000
D/dalvikvm( 4514): threadid=27: adding to list (attached)
D/dalvikvm( 4514): threadid=27: attached from native, name=(null)
I/System.out( 4514): [socket][2] connection api.onesignal.com/104.18.226.52:443;LocalPort=42042(60000)
I/System.out( 4514): [CDS]connect[api.onesignal.com/104.18.226.52:443] tm:60
D/Posix   ( 4514): [Posix_connect Debug]Process com.maleon.yepa :443 
D/Mono    ( 4514): Requesting loading reference 11 (of 22) of /storage/emulated/0/Android/data/com.maleon.yepa/files/.__override__/Xamarin.Forms.Platform.Android.dll
D/Mono    ( 4514): Loading reference 11 of /storage/emulated/0/Android/data/com.maleon.yepa/files/.__override__/Xamarin.Forms.Platform.Android.dll asmctx DEFAULT, looking for System.Runtime.Serialization, Version=2.0.5.0, Culture=neutral, PublicKeyToken=7cec85d7bea7798e
D/Mono    ( 4514): Assembly Ref addref Xamarin.Forms.Platform.Android[0x65911e80] -> System.Runtime.Serialization[0x66736898]: 3
I/System.out( 4514): [socket][/192.168.1.10:42042] connected
I/System.out( 4514): [CDS]rx timeout:60000
D/NativeCrypto( 4514): ssl=0x67fed320 NativeCrypto_SSL_do_handshake fd=0x54500005 shc=0x41a00009 timeout_millis=60000 client_mode=1 npn=0x0
D/NativeCrypto( 4514): doing handshake ++
D/NativeCrypto( 4514): ssl=0x67fed320 info_callback where=0x10 ret=1
D/NativeCrypto( 4514): ssl=0x67fed320 handshake start in UNKWN  before/connect initialization
D/NativeCrypto( 4514): ssl=0x67fed320 info_callback ignored
D/NativeCrypto( 4514): ssl=0x67fed320 info_callback where=0x1001 ret=1
D/NativeCrypto( 4514): ssl=0x67fed320 SSL_connect:UNKWN  before/connect initialization
D/NativeCrypto( 4514): ssl=0x67fed320 info_callback ignored
D/NativeCrypto( 4514): ssl=0x67fed320 info_callback where=0x1001 ret=1
D/NativeCrypto( 4514): ssl=0x67fed320 SSL_connect:23WCHA SSLv2/v3 write client hello A
D/NativeCrypto( 4514): ssl=0x67fed320 info_callback ignored
D/NativeCrypto( 4514): ssl=0x67fed320 info_callback where=0x1002 ret=-1
D/NativeCrypto( 4514): ssl=0x67fed320 SSL_connect:error exit in 23RSHA SSLv2/v3 read server hello A
D/NativeCrypto( 4514): ssl=0x67fed320 info_callback ignored
D/NativeCrypto( 4514): doing handshake -- ret=-1
D/NativeCrypto( 4514): ssl=0x67fed320 NativeCrypto_SSL_do_handshake ret=-1 errno=11 sslError=2 timeout_millis=60000
D/Mono    ( 4514): Requesting loading reference 1 (of 2) of Java.Interop.dll
D/Mono    ( 4514): Loading reference 1 of Java.Interop.dll asmctx DEFAULT, looking for System.Core, Version=2.0.5.0, Culture=neutral, PublicKeyToken=7cec85d7bea7798e
D/Mono    ( 4514): Assembly Ref addref Java.Interop[0x65e2b1d8] -> System.Core[0x6625d4d8]: 5
D/Mono    ( 4514): Requesting loading reference 21 (of 22) of /storage/emulated/0/Android/data/com.maleon.yepa/files/.__override__/Xamarin.Forms.Platform.Android.dll
D/Mono    ( 4514): Loading reference 21 of /storage/emulated/0/Android/data/com.maleon.yepa/files/.__override__/Xamarin.Forms.Platform.Android.dll asmctx DEFAULT, looking for System.Xml, Version=2.0.5.0, Culture=neutral, PublicKeyToken=7cec85d7bea7798e
D/Mono    ( 4514): Assembly Ref addref Xamarin.Forms.Platform.Android[0x65911e80] -> System.Xml[0x6673add0]: 5
D/NativeCrypto( 4514): doing handshake ++
D/NativeCrypto( 4514): ssl=0x67fed320 info_callback where=0x4004 ret=582
D/NativeCrypto( 4514): ssl=0x67fed320 SSL3 alert read:F:PV fatal protocol version
D/NativeCrypto( 4514): ssl=0x67fed320 info_callback ignored
D/OpenSSLLib( 4514): OpensslErr:Module:20(119:1070); file:external/openssl/ssl/s23_clnt.c ;Line:741;Function:ssl23_get_server_hello
D/NativeCrypto( 4514): ssl=0x67fed320 info_callback where=0x1002 ret=-1
D/NativeCrypto( 4514): ssl=0x67fed320 SSL_connect:error exit in 23RSHA SSLv2/v3 read server hello A
D/NativeCrypto( 4514): ssl=0x67fed320 info_callback ignored
D/NativeCrypto( 4514): doing handshake -- ret=-1
D/NativeCrypto( 4514): ssl=0x67fed320 NativeCrypto_SSL_do_handshake ret=-1 errno=0 sslError=1 timeout_millis=60000
E/NativeCrypto( 4514): Unknown error during handshake
D/NativeCrypto( 4514): ssl=0x67fed320 NativeCrypto_SSL_do_handshake unclean error => 0
D/NativeCrypto( 4514): ssl=0x67fed320 NativeCrypto_SSL_interrupt
D/NativeCrypto( 4514):  sslNotify, appData=0x67a7d4b8 ret=1
D/NativeCrypto( 4514):  sslNotify, appData=0x67a7d4b8 ret=1
I/System.out( 4514): [CDS]close[42042]
I/System.out( 4514): close [socket][/0.0.0.0:42042]
D/NativeCrypto( 4514): ssl=0x0 NativeCrypto_SSL_interrupt
I/System.out( 4514): [socket][3] connection api.onesignal.com/104.18.226.52:443;LocalPort=37819(60000)
I/System.out( 4514): [CDS]connect[api.onesignal.com/104.18.226.52:443] tm:60
D/Posix   ( 4514): [Posix_connect Debug]Process com.maleon.yepa :443 
D/dalvikvm( 4514): threadid=28: interp stack at 0x68298000
D/dalvikvm( 4514): threadid=28: adding to list (attached)
D/dalvikvm( 4514): threadid=28: attached from native, name=(null)
I/System.out( 4514): [socket][/192.168.1.10:37819] connected
I/System.out( 4514): [CDS]rx timeout:60000
D/NativeCrypto( 4514): ssl=0x6815cdc8 NativeCrypto_SSL_do_handshake fd=0x56800005 shc=0x45c00009 timeout_millis=60000 client_mode=1 npn=0x0
D/NativeCrypto( 4514): doing handshake ++
D/NativeCrypto( 4514): ssl=0x6815cdc8 info_callback where=0x10 ret=1
D/NativeCrypto( 4514): ssl=0x6815cdc8 handshake start in UNKWN  before/connect initialization
D/NativeCrypto( 4514): ssl=0x6815cdc8 info_callback ignored
D/NativeCrypto( 4514): ssl=0x6815cdc8 info_callback where=0x1001 ret=1
D/NativeCrypto( 4514): ssl=0x6815cdc8 SSL_connect:UNKWN  before/connect initialization
D/NativeCrypto( 4514): ssl=0x6815cdc8 info_callback ignored
D/NativeCrypto( 4514): ssl=0x6815cdc8 info_callback where=0x1001 ret=1
D/NativeCrypto( 4514): ssl=0x6815cdc8 SSL_connect:23WCHA SSLv2/v3 write client hello A
D/NativeCrypto( 4514): ssl=0x6815cdc8 info_callback ignored
D/NativeCrypto( 4514): ssl=0x6815cdc8 info_callback where=0x1002 ret=-1
D/NativeCrypto( 4514): ssl=0x6815cdc8 SSL_connect:error exit in 23RSHA SSLv2/v3 read server hello A
D/NativeCrypto( 4514): ssl=0x6815cdc8 info_callback ignored
D/NativeCrypto( 4514): doing handshake -- ret=-1
D/NativeCrypto( 4514): ssl=0x6815cdc8 NativeCrypto_SSL_do_handshake ret=-1 errno=11 sslError=2 timeout_millis=60000
I/BufferQueue(  171): [unnamed-171-124](this:0xb75e9848,id:124,api:0,p:-1,c:-1) BufferQueue
I/BufferQueue(  171): [unnamed-171-124](this:0xb75e9848,id:124,api:0,p:-1,c:171) consumerConnect consumer=(171:/system/bin/surfaceflinger) controlledByApp=false
I/BufferQueue(  171): [unnamed-171-124](this:0xb75e9848,id:124,api:0,p:-1,c:171) setConsumerName: unnamed-171-124
I/GLConsumer(  171): [unnamed-171-124](this:0xb75f7868,api:0) GLConsumer
I/BufferQueue(  171): [com.maleon.yepa/crc64d4a39d583cbee055.MainActivity](this:0xb75e9848,id:124,api:0,p:-1,c:171) setConsumerName: com.maleon.yepa/crc64d4a39d583cbee055.MainActivity
I/BufferQueue(  171): [com.maleon.yepa/crc64d4a39d583cbee055.MainActivity](this:0xb75e9848,id:124,api:0,p:-1,c:171) setDefaultBufferSize: w=1, h=1
I/BufferQueue(  171): [com.maleon.yepa/crc64d4a39d583cbee055.MainActivity](this:0xb75e9848,id:124,api:0,p:-1,c:171) setDefaultBufferSize: w=320, h=480
W/hwcomposer(  171): [JOB] set bypass job: dpy(0) since job not created
W/hwcomposer(  171): [JOB] set bypass job: dpy(0) since job not created
D/NativeCrypto( 4514): doing handshake ++
D/OpenSSLLib( 4514): OpensslErr:Module:20(119:258); file:external/openssl/ssl/s23_clnt.c ;Line:714;Function:ssl23_get_server_hello
D/NativeCrypto( 4514): ssl=0x6815cdc8 info_callback where=0x1002 ret=-1
D/NativeCrypto( 4514): ssl=0x6815cdc8 SSL_connect:error exit in 23RSHA SSLv2/v3 read server hello A
D/NativeCrypto( 4514): ssl=0x6815cdc8 info_callback ignored
D/NativeCrypto( 4514): doing handshake -- ret=-1
D/NativeCrypto( 4514): ssl=0x6815cdc8 NativeCrypto_SSL_do_handshake ret=-1 errno=0 sslError=1 timeout_millis=60000
E/NativeCrypto( 4514): Unknown error during handshake
D/NativeCrypto( 4514): ssl=0x6815cdc8 NativeCrypto_SSL_do_handshake unclean error => 0
D/NativeCrypto( 4514): ssl=0x6815cdc8 NativeCrypto_SSL_interrupt
D/NativeCrypto( 4514):  sslNotify, appData=0x681647f0 ret=1
D/NativeCrypto( 4514):  sslNotify, appData=0x681647f0 ret=1
I/System.out( 4514): [CDS]close[37819]
I/System.out( 4514): close [socket][/0.0.0.0:37819]
W/OneSignal( 4514): OneSignalRestClient: null Error thrown from network stack. 
W/OneSignal( 4514): javax.net.ssl.SSLHandshakeException: javax.net.ssl.SSLProtocolException: SSL handshake aborted: ssl=0x6815cdc8: Failure in SSL library, usually a protocol error
W/OneSignal( 4514): error:14077102:SSL routines:SSL23_GET_SERVER_HELLO:unsupported protocol (external/openssl/ssl/s23_clnt.c:714 0x5d5a26fd:0x00000000)
W/OneSignal( 4514): 	at com.android.org.conscrypt.OpenSSLSocketImpl.startHandshake(OpenSSLSocketImpl.java:448)
W/OneSignal( 4514): 	at com.android.okhttp.Connection.upgradeToTls(Connection.java:146)
W/OneSignal( 4514): 	at com.android.okhttp.Connection.connect(Connection.java:107)
W/OneSignal( 4514): 	at com.android.okhttp.internal.http.HttpEngine.connect(HttpEngine.java:294)
W/OneSignal( 4514): 	at com.android.okhttp.internal.http.HttpEngine.sendSocketRequest(HttpEngine.java:255)
W/OneSignal( 4514): 	at com.android.okhttp.internal.http.HttpEngine.sendRequest(HttpEngine.java:206)
W/OneSignal( 4514): 	at com.android.okhttp.internal.http.HttpURLConnectionImpl.execute(HttpURLConnectionImpl.java:345)
W/OneSignal( 4514): 	at com.android.okhttp.internal.http.HttpURLConnectionImpl.getResponse(HttpURLConnectionImpl.java:296)
W/OneSignal( 4514): 	at com.android.okhttp.internal.http.HttpURLConnectionImpl.getResponseCode(HttpURLConnectionImpl.java:503)
W/OneSignal( 4514): 	at com.android.okhttp.internal.http.HttpsURLConnectionImpl.getResponseCode(HttpsURLConnectionImpl.java:136)
W/OneSignal( 4514): 	at com.onesignal.OneSignalRestClient.startHTTPConnection(OneSignalRestClient.java:184)
W/OneSignal( 4514): 	at com.onesignal.OneSignalRestClient.access$100(OneSignalRestClient.java:44)
W/OneSignal( 4514): 	at com.onesignal.OneSignalRestClient$4.run(OneSignalRestClient.java:113)
W/OneSignal( 4514): 	at java.lang.Thread.run(Thread.java:848)
W/OneSignal( 4514): Caused by: javax.net.ssl.SSLProtocolException: SSL handshake aborted: ssl=0x6815cdc8: Failure in SSL library, usually a protocol error
W/OneSignal( 4514): error:14077102:SSL routines:SSL23_GET_SERVER_HELLO:unsupported protocol (external/openssl/ssl/s23_clnt.c:714 0x5d5a26fd:0x00000000)
W/OneSignal( 4514): 	at com.android.org.conscrypt.NativeCrypto.SSL_do_handshake(Native Method)
W/OneSignal( 4514): 	at com.android.org.conscrypt.OpenSSLSocketImpl.startHandshake(OpenSSLSocketImpl.java:405)
W/OneSignal( 4514): 	... 13 more
D/dalvikvm( 4514): create interp thread : stack size=128KB
D/dalvikvm( 4514): create new thread
D/dalvikvm( 4514): new thread created
D/dalvikvm( 4514): update thread list
D/dalvikvm( 4514): threadid=29: interp stack at 0x6850b000
D/dalvikvm( 4514): threadid=29: created from interp
D/dalvikvm( 4514): threadid=29: adding to list
D/dalvikvm( 4514): start new thread
D/NativeCrypto( 4514): ssl=0x0 NativeCrypto_SSL_interrupt
D/dalvikvm( 4514): threadid=21: exiting
D/dalvikvm( 4514): threadid=21: detach (group=0x41889ce0)
D/dalvikvm( 4514): threadid=21: removing from list
D/dalvikvm( 4514): threadid=21: bye!
D/dalvikvm( 4514): threadid=29: notify debugger
D/dalvikvm( 4514): threadid=29 (OS_REST_FAILURE_CALLBACK): calling run()
D/dalvikvm( 4514): create interp thread : stack size=128KB
D/dalvikvm( 4514): create new thread
D/dalvikvm( 4514): new thread created
D/dalvikvm( 4514): update thread list
D/dalvikvm( 4514): threadid=21: interp stack at 0x67858000
D/dalvikvm( 4514): threadid=21: created from interp
D/dalvikvm( 4514): threadid=21: adding to list
D/dalvikvm( 4514): start new thread
D/dalvikvm( 4514): threadid=29: exiting
D/dalvikvm( 4514): threadid=29: detach (group=0x41889ce0)
D/dalvikvm( 4514): threadid=29: removing from list
D/dalvikvm( 4514): threadid=29: bye!
D/dalvikvm( 4514): threadid=21: notify debugger
D/dalvikvm( 4514): threadid=21 (OS_PARAMS_REQUEST): calling run()
D/dalvikvm( 4514): threadid=19: exiting
D/dalvikvm( 4514): threadid=19: detach (group=0x41889ce0)
D/dalvikvm( 4514): threadid=19: removing from list
D/dalvikvm( 4514): threadid=19: bye!
E/        ( 4514): appName=com.maleon.yepa, acAppName=/system/bin/surfaceflinger
E/        ( 4514): 0
I/OneSignal( 4514): Failed to get Android parameters, trying again in 30 seconds.
I/BufferQueue(  171): [com.maleon.yepa/crc64d4a39d583cbee055.MainActivity](this:0xb75e9848,id:124,api:0,p:4514,c:171) connect: api=1 producer=(4514:com.maleon.yepa) producerControlledByApp=true
I/BufferQueue(  171): [com.maleon.yepa/crc64d4a39d583cbee055.MainActivity](this:0xb75e9848,id:124,api:1,p:4514,c:171) new GraphicBuffer needed
D/BufferQueue(  171):     [OLD] gb:NULL
I/GraphicBuffer(  171): allocate buffer (w:320 h:480 f:1) handle(0xb75db010) err(0)
W/GraphicBufferExtra_hal(  171): gralloc extra device setBufInfo(...) is not supported
I/BufferQueue(  171):     [NEW] gb=0xb75eaba0, handle=0xb75db010, w=320, h=480, s=320, fmt=1
D/GraphicBuffer( 4514): create handle(0x6815cb00) (w:320, h:480, f:1)
D/BufferQueue(  171): [com.maleon.yepa/crc64d4a39d583cbee055.MainActivity](this:0xb75e9848,id:124,api:1,p:4514,c:171) cancelBuffer: slot=0
I/MaliEGL ( 4514): [Mali]window_type=1, is_framebuffer=0, errnum = 0
I/MaliEGL ( 4514): [Mali]surface->num_buffers=4, surface->num_frames=3, win_min_undequeued=1
I/MaliEGL ( 4514): [Mali]max_allowed_dequeued_buffers=3
I/BufferQueue(  171): [com.maleon.yepa/crc64d4a39d583cbee055.MainActivity](this:0xb75e9848,id:124,api:1,p:4514,c:171) setBufferCount: count=4
I/GraphicBuffer(  171): free buffer (w:320 h:480 f:1) handle(0xb75db010)
I/BufferQueue(  171): [com.maleon.yepa/crc64d4a39d583cbee055.MainActivity](this:0xb75e9848,id:124,api:1,p:4514,c:171) getReleasedBuffers: returning mask 0xffffffff
D/GraphicBuffer( 4514): close handle(0x6815cb00) (w:320 h:480 f:1)
I/BufferQueue(  171): [com.maleon.yepa/crc64d4a39d583cbee055.MainActivity](this:0xb75e9848,id:124,api:1,p:4514,c:171) new GraphicBuffer needed
D/BufferQueue(  171):     [OLD] gb:NULL
I/GraphicBuffer(  171): allocate buffer (w:320 h:480 f:1) handle(0xb75db010) err(0)
W/GraphicBufferExtra_hal(  171): gralloc extra device setBufInfo(...) is not supported
I/BufferQueue(  171):     [NEW] gb=0xb75eaba0, handle=0xb75db010, w=320, h=480, s=320, fmt=1
D/GraphicBuffer( 4514): create handle(0x6815cb00) (w:320, h:480, f:1)
D/OpenGLRenderer( 4514): Enabling debug mode 0
D/GraphicBuffer( 4514): create handle(0x682d65f8) (w:768, h:768, f:1)
D/OpenGLRenderer( 4514): setViewport 320x480 <0x682d46b0>
I/ActivityManager(  707): Activity reported stop, but no longer stopping: ActivityRecord{41b70618 u0 com.maleon.yepa/crc64d4a39d583cbee055.MainActivity t10}
I/dalvikvm( 4514): Could not find method android.view.View.setTooltipText, referenced from method androidx.appcompat.widget.TooltipCompat.setTooltipText
W/dalvikvm( 4514): VFY: unable to resolve virtual method 4329: Landroid/view/View;.setTooltipText (Ljava/lang/CharSequence;)V
D/dalvikvm( 4514): VFY: replacing opcode 0x6e at 0x0006
I/dalvikvm( 4514): Could not find method android.view.ViewConfiguration.getScaledHorizontalScrollFactor, referenced from method androidx.core.view.ViewConfigurationCompat.getScaledHorizontalScrollFactor
W/dalvikvm( 4514): VFY: unable to resolve virtual method 4354: Landroid/view/ViewConfiguration;.getScaledHorizontalScrollFactor ()F
D/dalvikvm( 4514): VFY: replacing opcode 0x6e at 0x0006
I/dalvikvm( 4514): Could not find method android.view.ViewConfiguration.getScaledHoverSlop, referenced from method androidx.core.view.ViewConfigurationCompat.getScaledHoverSlop
W/dalvikvm( 4514): VFY: unable to resolve virtual method 4355: Landroid/view/ViewConfiguration;.getScaledHoverSlop ()I
D/dalvikvm( 4514): VFY: replacing opcode 0x6e at 0x0006
I/dalvikvm( 4514): Could not find method android.view.ViewConfiguration.getScaledVerticalScrollFactor, referenced from method androidx.core.view.ViewConfigurationCompat.getScaledVerticalScrollFactor
W/dalvikvm( 4514): VFY: unable to resolve virtual method 4360: Landroid/view/ViewConfiguration;.getScaledVerticalScrollFactor ()F
D/dalvikvm( 4514): VFY: replacing opcode 0x6e at 0x0006
I/dalvikvm( 4514): Could not find method android.view.ViewConfiguration.shouldShowMenuShortcutsWhenKeyboardPresent, referenced from method androidx.core.view.ViewConfigurationCompat.shouldShowMenuShortcutsWhenKeyboardPresent
W/dalvikvm( 4514): VFY: unable to resolve virtual method 4363: Landroid/view/ViewConfiguration;.shouldShowMenuShortcutsWhenKeyboardPresent ()Z
D/dalvikvm( 4514): VFY: replacing opcode 0x6e at 0x0006
D/Mono    ( 4514): DllImport searching in: '__Internal' ('(null)').
D/Mono    ( 4514): Searching for 'java_interop_jnienv_call_static_int_method_a'.
D/Mono    ( 4514): Probing 'java_interop_jnienv_call_static_int_method_a'.
D/Mono    ( 4514): Found as 'java_interop_jnienv_call_static_int_method_a'.
D/Mono    ( 4514): DllImport searching in: '__Internal' ('(null)').
D/Mono    ( 4514): Searching for 'java_interop_jnienv_call_nonvirtual_int_method_a'.
D/Mono    ( 4514): Probing 'java_interop_jnienv_call_nonvirtual_int_method_a'.
D/Mono    ( 4514): Found as 'java_interop_jnienv_call_nonvirtual_int_method_a'.
W/hwcomposer(  171): [JOB] set bypass job: dpy(0) since job not created
I/ActivityManager(  707): [AppLaunch] Displayed Displayed com.maleon.yepa/crc64d4a39d583cbee055.MainActivity: +15s284ms (total +15s402ms)
D/ActivityManager(  707): AP_PROF:AppLaunch_LaunchTime:com.maleon.yepa/crc64d4a39d583cbee055.MainActivity:15284:29748263
D/OneSignal( 4514): Application lost focus
D/OneSignal( 4514): FocusTimeProcessorUnattributed:timeTypeApplies for influences: [SessionInfluence{influenceChannel=notification, influenceType=DISABLED, ids=null}] true
D/OneSignal( 4514): FocusTimeProcessorUnattributed:addTime with lastFocusTimeInfluences: [SessionInfluence{influenceChannel=notification, influenceType=DISABLED, ids=null}]
D/OneSignal( 4514): FocusTimeProcessorUnattributed:getUnsentActiveTime: 216
D/OneSignal( 4514): FocusTimeProcessorUnattributed:saveUnsentActiveTime: 218
V/OneSignal( 4514): scheduleSyncTask:SYNC_AFTER_BG_DELAY_MS: 30000
V/OneSignal( 4514): scheduleServiceSyncTask:atTime: 30000
V/ActivityManager(  707): Broadcast: Intent { act=com.google.android.gms.gcm.TRIGGER_IDLE flg=0x14 (has extras) } ordered=true userid=0 callerApp=null
V/OneSignal( 4514): scheduleLocationUpdateTask:delayMs: 597360
D/PowerManagerService(  707): acquireWakeLockInternal: lock=1110002184, flags=0x1, tag="AlarmManager", ws=WorkSource{10008 com.google.android.gms}, uid=1000, pid=707
D/PowerManagerNotifier(  707): onWakeLockAcquired: flags=1, tag="AlarmManager", packageName=android, ownerUid=1000, ownerPid=707, workSource=WorkSource{10008 com.google.android.gms}
D/PowerManagerService(  707): updateWakeLockSummaryLocked: mWakefulness=Asleep, mWakeLockSummary=0x1
D/PowerManagerService(  707): newScreenState = 0
D/PowerManagerDisplayController(  707): requestPowerState: screenState=0, useProximitySensor=false, forceProximitySensorEnable=false, forceWakeUpEnable=false, screenBrightness=30, screenAutoBrightnessAdjustment=0.0, useAutoBrightness=false, useEcoBrightness=false, blockScreenOn=false, waitForNegativeProximity=false
I/PowerManagerService(  707): setBrightness mButtonLight 0.
D/PowerManagerService(  707): updateScreenStateLocked: mDisplayReady=true, newScreenState=0, mWakefulness=0, mWakeLockSummary=0x1, mUserActivitySummary=0x0, mBootCompleted=true
D/PowerManagerService(  707): Acquiring suspend blocker "PowerManagerService.WakeLocks".
D/PowerManagerService(  707): handleSandman: canDream=false, mWakefulness=Asleep
D/ActivityThread(  866): BDC-Calling onReceive: intent=Intent { act=com.google.android.gms.gcm.TRIGGER_IDLE flg=0x14 (has extras) }, ordered=true, receiver=com.google.android.gms.scheduler.DeviceStateReceiver@41f7cf88, IIntentReceiver=420da6a8
D/ActivityThread(  866): BDC-Calling finishReceiver: IIntentReceiver=420da6a8
D/PowerManagerService(  707): releaseWakeLockInternal: lock=1110002184 [AlarmManager], flags=0x0, total_time=9ms
D/PowerManagerNotifier(  707): onWakeLockReleased: flags=1, tag="AlarmManager", packageName=android, ownerUid=1000, ownerPid=707, workSource=WorkSource{10008 com.google.android.gms}
D/PowerManagerService(  707): updateWakeLockSummaryLocked: mWakefulness=Asleep, mWakeLockSummary=0x0
D/PowerManagerService(  707): newScreenState = 0
D/PowerManagerDisplayController(  707): requestPowerState: screenState=0, useProximitySensor=false, forceProximitySensorEnable=false, forceWakeUpEnable=false, screenBrightness=30, screenAutoBrightnessAdjustment=0.0, useAutoBrightness=false, useEcoBrightness=false, blockScreenOn=false, waitForNegativeProximity=false
I/PowerManagerService(  707): setBrightness mButtonLight 0.
D/PowerManagerService(  707): updateScreenStateLocked: mDisplayReady=true, newScreenState=0, mWakefulness=0, mWakeLockSummary=0x0, mUserActivitySummary=0x0, mBootCompleted=true
D/PowerManagerService(  707): Releasing suspend blocker "PowerManagerService.WakeLocks".
D/PowerManagerService(  707): handleSandman: canDream=false, mWakefulness=Asleep
I/ANRManager(  707): updateProcessStats
I/ANRManager(  707): CPU update time < 2.5sec
D/ADB_SERVICES(  211): adb fdevent_process list (15) (18) (22) 
D/ADB_SERVICES(  211): adb socket read list (18) (22) 
D/ADB_SERVICES(  211): read_data=81909
D/ADB_SERVICES(  211): max_read_time=0.000386 max_send_time=0.000131 
D/ADB_SERVICES(  211): adb local_socket_ready list (18) (22) 
D/dalvikvm( 3340): threadid=14: exiting
D/dalvikvm( 3340): threadid=14: detach (group=0x41889ce0)
D/dalvikvm( 3340): threadid=14: removing from list
D/dalvikvm( 3340): threadid=14: bye!
D/dalvikvm( 3340): threadid=43: exiting
D/dalvikvm( 3340): threadid=43: detach (group=0x41889ce0)
D/dalvikvm( 3340): threadid=43: removing from list
D/dalvikvm( 3340): threadid=43: bye!
D/dalvikvm( 3340): threadid=41: exiting
D/dalvikvm( 3340): threadid=41: detach (group=0x41889ce0)
D/dalvikvm( 3340): threadid=41: removing from list
D/dalvikvm( 3340): threadid=41: bye!
D/dalvikvm( 3340): threadid=46: exiting
D/dalvikvm( 3340): threadid=46: detach (group=0x41889ce0)
D/dalvikvm( 3340): threadid=46: removing from list
D/dalvikvm( 3340): threadid=46: bye!
D/dalvikvm( 3340): threadid=19: exiting
D/dalvikvm( 3340): threadid=19: detach (group=0x41889ce0)
D/dalvikvm( 3340): threadid=19: removing from list
D/dalvikvm( 3340): threadid=19: bye!
D/dalvikvm( 3340): threadid=44: exiting
D/dalvikvm( 3340): threadid=44: detach (group=0x41889ce0)
D/dalvikvm( 3340): threadid=44: removing from list
D/dalvikvm( 3340): threadid=44: bye!
D/dalvikvm( 3340): threadid=47: exiting
D/dalvikvm( 3340): threadid=47: detach (group=0x41889ce0)
D/dalvikvm( 3340): threadid=47: removing from list
D/dalvikvm( 3340): threadid=47: bye!
D/dalvikvm( 3340): threadid=48: exiting
D/dalvikvm( 3340): threadid=48: detach (group=0x41889ce0)
D/dalvikvm( 3340): threadid=48: removing from list
D/dalvikvm( 3340): threadid=48: bye!
D/dalvikvm( 3340): threadid=49: exiting
D/dalvikvm( 3340): threadid=49: detach (group=0x41889ce0)
D/dalvikvm( 3340): threadid=49: removing from list
D/dalvikvm( 3340): threadid=49: bye!
D/dalvikvm( 3340): threadid=13: exiting
D/dalvikvm( 3340): threadid=13: detach (group=0x41889ce0)
D/dalvikvm( 3340): threadid=13: removing from list
D/dalvikvm( 3340): threadid=13: bye!
D/IPCThreadState( 1161): [DN #5] BR_CLEAR_DEATH_NOTIFICATION_DONE cookie 0x67d1dfe8
D/BatteryService(  707): mBatteryVoltage=4176, batteryLevel=50
V/ActivityManager(  707): Broadcast sticky: Intent { act=android.intent.action.BATTERY_CHANGED flg=0x60000010 (has extras) } ordered=false userid=-1 callerApp=null
D/WifiService(  707): onReceive, action:android.intent.action.BATTERY_CHANGED
D/UsbDeviceManager(  707): onReceive - BATTERY_CHANGED - mPlugType: 2, mSettingUsbCharging: false, mConnected: true, mSettingUsbBicr: false
D/WifiController(  707): DeviceActiveState{ when=0 what=155652 arg1=2 target=com.android.internal.util.StateMachine$SmHandler target=Handler (com.android.internal.util.StateMachine$SmHandler) {422d7a70} }
D/WifiController(  707): StaEnabledState{ when=0 what=155652 arg1=2 target=com.android.internal.util.StateMachine$SmHandler target=Handler (com.android.internal.util.StateMachine$SmHandler) {422d7a70} }
D/WifiController(  707): DefaultState{ when=0 what=155652 arg1=2 target=com.android.internal.util.StateMachine$SmHandler target=Handler (com.android.internal.util.StateMachine$SmHandler) {422d7a70} }
D/WifiController(  707): battery changed pluggedType: 2
D/WifiController(  707): wifiSleepPolicy:2
D/WifiController(  707): wifiSleepPolicy:2
D/PowerManagerService(  707): updateIsPoweredLocked: wasPowered=true, mIsPowered=true, oldPlugType=2, mPlugType=2, mBatteryLevel=100
D/PowerManagerService(  707): handleSandman: canDream=false, mWakefulness=Asleep
D/KeyguardUpdateMonitor(  772): received broadcast android.intent.action.BATTERY_CHANGED
D/PowerUI (  772): action = android.intent.action.BATTERY_CHANGED
D/PowerUI (  772): Intent start() ret = false mHideLowBDialog= true
D/PowerUI (  772): oldBatteryLevel = 100mBatteryLevel = 100
D/PowerUI (  772): dismissLowBatteryWarning
D/StatusBar.BatteryController(  772): BatteryController onReceive action is android.intent.action.BATTERY_CHANGED
D/StatusBar.BatteryController(  772): mBatteryPercentage is 100% mShouldShowBatteryPercentage is true mLabelViews.size() 1
D/StatusBar.BatteryController(  772): [Laptop] isPresent = false
D/KeyguardUpdateMonitor(  772): handleBatteryUpdate index=0 updateInteresting=false
V/ActivityManager(  707): Broadcast: Intent { flg=0x14 cmp=com.google.android.gms/.lockbox.LockboxAlarmReceiver (has extras) } ordered=true userid=0 callerApp=null
D/PowerManagerService(  707): acquireWakeLockInternal: lock=1110002184, flags=0x1, tag="AlarmManager", ws=WorkSource{10008 com.google.android.gms}, uid=1000, pid=707
D/PowerManagerNotifier(  707): onWakeLockAcquired: flags=1, tag="AlarmManager", packageName=android, ownerUid=1000, ownerPid=707, workSource=WorkSource{10008 com.google.android.gms}
D/ADB_SERVICES(  211): adb fdevent_process list (15) (18) (22) 
D/ADB_SERVICES(  211): adb socket read list (18) (22) 
D/ADB_SERVICES(  211): read_data=61014
D/ADB_SERVICES(  211): max_read_time=0.000088 max_send_time=0.000100 
D/PowerManagerService(  707): updateWakeLockSummaryLocked: mWakefulness=Asleep, mWakeLockSummary=0x1
D/PowerManagerService(  707): newScreenState = 0
D/ADB_SERVICES(  211): adb local_socket_ready list (18) (22) 
D/PowerManagerDisplayController(  707): requestPowerState: screenState=0, useProximitySensor=false, forceProximitySensorEnable=false, forceWakeUpEnable=false, screenBrightness=30, screenAutoBrightnessAdjustment=0.0, useAutoBrightness=false, useEcoBrightness=false, blockScreenOn=false, waitForNegativeProximity=false
I/PowerManagerService(  707): setBrightness mButtonLight 0.
D/PowerManagerService(  707): updateScreenStateLocked: mDisplayReady=true, newScreenState=0, mWakefulness=0, mWakeLockSummary=0x1, mUserActivitySummary=0x0, mBootCompleted=true
D/PowerManagerService(  707): Acquiring suspend blocker "PowerManagerService.WakeLocks".
D/PowerManagerService(  707): handleSandman: canDream=false, mWakefulness=Asleep
D/ActivityThread(  866): BDC-Calling onReceive: intent=Intent { flg=0x14 cmp=com.google.android.gms/.lockbox.LockboxAlarmReceiver (has extras) }, ordered=true, receiver=com.google.android.gms.lockbox.LockboxAlarmReceiver@41e97ce0
D/ActivityThread(  866): BDC-RECEIVER handled : 0 / ReceiverData{intent=Intent { flg=0x14 cmp=com.google.android.gms/.lockbox.LockboxAlarmReceiver (has extras) } packageName=com.google.android.gms resultCode=0 resultData=null resultExtras=null}
D/ActivityThread(  866): SVC-Creating service: CreateServiceData{token=android.os.BinderProxy@4229ba28 className=com.google.android.gms.lockbox.LockboxService packageName=com.google.android.gms intent=null}
D/PowerManagerService(  707): releaseWakeLockInternal: lock=1110002184 [AlarmManager], flags=0x0, total_time=42ms
D/PowerManagerNotifier(  707): onWakeLockReleased: flags=1, tag="AlarmManager", packageName=android, ownerUid=1000, ownerPid=707, workSource=WorkSource{10008 com.google.android.gms}
D/PowerManagerService(  707): updateWakeLockSummaryLocked: mWakefulness=Asleep, mWakeLockSummary=0x0
D/PowerManagerService(  707): newScreenState = 0
D/PowerManagerDisplayController(  707): requestPowerState: screenState=0, useProximitySensor=false, forceProximitySensorEnable=false, forceWakeUpEnable=false, screenBrightness=30, screenAutoBrightnessAdjustment=0.0, useAutoBrightness=false, useEcoBrightness=false, blockScreenOn=false, waitForNegativeProximity=false
I/PowerManagerService(  707): setBrightness mButtonLight 0.
D/PowerManagerService(  707): updateScreenStateLocked: mDisplayReady=true, newScreenState=0, mWakefulness=0, mWakeLockSummary=0x0, mUserActivitySummary=0x0, mBootCompleted=true
D/PowerManagerService(  707): Releasing suspend blocker "PowerManagerService.WakeLocks".
D/PowerManagerService(  707): handleSandman: canDream=false, mWakefulness=Asleep
D/dalvikvm(  866): create interp thread : stack size=128KB
D/dalvikvm(  866): create new thread
D/dalvikvm(  866): new thread created
D/dalvikvm(  866): update thread list
D/dalvikvm(  866): threadid=30: interp stack at 0x63409000
D/dalvikvm(  866): threadid=30: created from interp
D/dalvikvm(  866): threadid=30: adding to list
D/dalvikvm(  866): start new thread
D/dalvikvm(  866): threadid=30: notify debugger
D/dalvikvm(  866): threadid=30 (IntentService[LockboxService]): calling run()
D/ActivityThread(  866): SVC-CREATE_SERVICE handled : 0 / CreateServiceData{token=android.os.BinderProxy@4229ba28 className=com.google.android.gms.lockbox.LockboxService packageName=com.google.android.gms intent=null}
D/ActivityThread(  866): SVC-Calling onStartCommand: com.google.android.gms.lockbox.LockboxService@4232a608, flags=0, startId=1
D/ActivityThread(  866): SVC-SERVICE_ARGS handled : 0 / ServiceArgsData{token=android.os.BinderProxy@4229ba28 startId=1 args=Intent { cmp=com.google.android.gms/.lockbox.LockboxService (has extras) }}
D/ActivityThread(  866): SVC-Destroying service: com.google.android.gms.lockbox.LockboxService@4232a608
D/dalvikvm(  866): threadid=30: exiting
D/dalvikvm(  866): threadid=30: detach (group=0x41889ce0)
D/dalvikvm(  866): threadid=30: removing from list
D/dalvikvm(  866): threadid=30: bye!
D/ActivityThread(  866): SVC-STOP_SERVICE handled : 0 / android.os.BinderProxy@4229ba28
I/LockboxService(  866): Completed task: true [CONTEXT service_id=26 ]
D/PhoneInterfaceManagerEx(  889): [PhoneIntfMgrEx] hasIccCard  simId=0
D/PhoneInterfaceManager(  889): getSimOperator simId = 0getSimOperator = 
V/Provider/Settings(  866): get setting for user 0 by user 0 so skipping cache
V/Provider/Settings(  866):  from settings cache , name = enabled_accessibility_services , value = 
V/Provider/Settings(  866): get setting for user 0 by user 0 so skipping cache
V/Provider/Settings(  866):  from settings cache , name = font_scale , value = 1.0
V/Provider/Settings(  866): get setting for user 0 by user 0 so skipping cache
V/Provider/Settings(  866):  from settings cache , name = accessibility_display_magnification_enabled , value = 0
V/Provider/Settings(  866): get setting for user 0 by user 0 so skipping cache
V/Provider/Settings(  866):  from settings cache , name = high_text_contrast_enabled , value = null
D/ConnectivityService(  707): getActiveNetworkInfo:NetworkInfo: type: WIFI[], state: CONNECTED/CONNECTED, reason: (unspecified), extra: "FamiliaPaco", roaming: false, failover: false, isAvailable: true, isConnectedToProvisioningNetwork: false, simId: 0/10008
V/Provider/Settings(  866): get setting for user 0 by user 0 so skipping cache
V/Provider/Settings(  866):  from settings cache , name = enabled_accessibility_services , value = 
V/Provider/Settings(  866): get setting for user 0 by user 0 so skipping cache
V/Provider/Settings(  866):  from settings cache , name = font_scale , value = 1.0
V/Provider/Settings(  866): get setting for user 0 by user 0 so skipping cache
V/Provider/Settings(  866):  from settings cache , name = accessibility_display_magnification_enabled , value = 0
V/Provider/Settings(  866): get setting for user 0 by user 0 so skipping cache
V/Provider/Settings(  866):  from settings cache , name = high_text_contrast_enabled , value = null
D/dalvikvm(  866): create interp thread : stack size=128KB
D/dalvikvm(  866): create new thread
D/dalvikvm(  866): new thread created
D/dalvikvm(  866): update thread list
D/dalvikvm(  866): threadid=30: interp stack at 0x63409000
D/dalvikvm(  866): threadid=30: created from interp
D/dalvikvm(  866): threadid=30: adding to list
D/dalvikvm(  866): start new thread
D/dalvikvm(  866): threadid=30: notify debugger
D/dalvikvm(  866): threadid=30 (Thread-1426): calling run()
D/dalvikvm(  866): threadid=30: exiting
D/dalvikvm(  866): threadid=30: detach (group=0x41889ce0)
D/dalvikvm(  866): threadid=30: removing from list
D/dalvikvm(  866): threadid=30: bye!
I/ANRManager(  707): updateProcessStats
D/BatteryService(  707): mBatteryVoltage=4172, batteryLevel=50
V/ActivityManager(  707): Broadcast sticky: Intent { act=android.intent.action.BATTERY_CHANGED flg=0x60000010 (has extras) } ordered=false userid=-1 callerApp=null
D/PowerManagerService(  707): updateIsPoweredLocked: wasPowered=true, mIsPowered=true, oldPlugType=2, mPlugType=2, mBatteryLevel=100
D/PowerManagerService(  707): handleSandman: canDream=false, mWakefulness=Asleep
D/WifiService(  707): onReceive, action:android.intent.action.BATTERY_CHANGED
D/WifiController(  707): DeviceActiveState{ when=0 what=155652 arg1=2 target=com.android.internal.util.StateMachine$SmHandler target=Handler (com.android.internal.util.StateMachine$SmHandler) {422d7a70} }
D/WifiController(  707): StaEnabledState{ when=0 what=155652 arg1=2 target=com.android.internal.util.StateMachine$SmHandler target=Handler (com.android.internal.util.StateMachine$SmHandler) {422d7a70} }
D/WifiController(  707): DefaultState{ when=0 what=155652 arg1=2 target=com.android.internal.util.StateMachine$SmHandler target=Handler (com.android.internal.util.StateMachine$SmHandler) {422d7a70} }
D/WifiController(  707): battery changed pluggedType: 2
D/WifiController(  707): wifiSleepPolicy:2
D/WifiController(  707): wifiSleepPolicy:2
D/KeyguardUpdateMonitor(  772): received broadcast android.intent.action.BATTERY_CHANGED
D/PowerUI (  772): action = android.intent.action.BATTERY_CHANGED
D/PowerUI (  772): Intent start() ret = false mHideLowBDialog= true
D/ADB_SERVICES(  211): adb fdevent_process list (15) (18) 
D/ADB_SERVICES(  211): adb socket read list (18) 
D/ADB_SERVICES(  211): read_data=10222
D/ADB_SERVICES(  211): max_read_time=0.000284 max_send_time=0.000065 
D/UsbDeviceManager(  707): onReceive - BATTERY_CHANGED - mPlugType: 2, mSettingUsbCharging: false, mConnected: true, mSettingUsbBicr: false
D/ADB_SERVICES(  211): adb local_socket_ready list (18) 
D/PowerUI (  772): oldBatteryLevel = 100mBatteryLevel = 100
D/PowerUI (  772): dismissLowBatteryWarning
D/KeyguardUpdateMonitor(  772): handleBatteryUpdate index=0 updateInteresting=false
D/StatusBar.BatteryController(  772): BatteryController onReceive action is android.intent.action.BATTERY_CHANGED
D/StatusBar.BatteryController(  772): mBatteryPercentage is 100% mShouldShowBatteryPercentage is true mLabelViews.size() 1
D/StatusBar.BatteryController(  772): [Laptop] isPresent = false
W/ADB_SERVICES(  211): create_local_service_socket() name=shell:export ANDROID_LOG_TAGS="''"; exec logcat '-b' 'all' '-d' '-v' 'threadtime'
W/ADB_SERVICES(  211): service_to_fd() name=shell:export ANDROID_LOG_TAGS="''"; exec logcat '-b' 'all' '-d' '-v' 'threadtime'
W/ADB_SERVICES(  211): read_meminfo() mem_free=6104
W/ADB_SERVICES(  211): create_subprocess() ret_fd=23 pid=4568
W/ADB_SERVICES(  211): LS(177): bound to 'shell:export ANDROID_LOG_TAGS="''"; exec logcat '-b' 'all' '-d' '-v' 'threadtime'' via 23
W/ADB_SERVICES( 4568): adb: unable to open /proc/4568/oom_adj
D/ADB_SERVICES(  211):  closing because is_eof=1 r=1 s->fde.force_eof=0
W/ADB_SERVICES(  211): entered. LS(177) fd=23
D/ActivityThread( 3330): SVC-Calling onStartCommand: com.google.android.gms.chimera.GmsBoundBrokerService@42340228, flags=0, startId=3
D/ActivityThread( 3330): SVC-SERVICE_ARGS handled : 0 / ServiceArgsData{token=android.os.BinderProxy@41fed910 startId=3 args=Intent { cmp=com.google.android.gms/.chimera.GmsBoundBrokerService (has extras) }}
I/ANRManager(  707): updateProcessStats
D/ADB_SERVICES(  211): adb fdevent_process list (15) (18) (23) 
D/ADB_SERVICES(  211): adb socket read list (18) (23) 
D/ADB_SERVICES(  211): read_data=2855
D/ADB_SERVICES(  211): max_read_time=0.000088 max_send_time=0.000062 
D/ADB_SERVICES(  211): adb local_socket_ready list (18) (23) 
I/ANRManager(  707): CPU update time < 2.5sec
V/Provider/Settings(  707): get setting for user 0 by user 0 so skipping cache
V/Provider/Settings(  707):  from settings cache , name = sys_free_storage_log_interval , value = null
V/Provider/Settings(  707): get setting for user 0 by user 0 so skipping cache
V/Provider/Settings(  707):  from settings cache , name = disk_free_change_reporting_threshold , value = null
D/AES     (  707): RT Monitor ERROR: open /dev/RT_Monitor failed.
D/InputReader(  707): InputReader::monitor: lock
D/InputReader(  707): InputReader::monitor: wait 
D/InputReader(  707): InputReader::monitor: unlock
D/InputReader(  707): InputReader::monitor: done
D/BatteryService(  707): mBatteryVoltage=4169, batteryLevel=50
V/ActivityManager(  707): Broadcast sticky: Intent { act=android.intent.action.BATTERY_CHANGED flg=0x60000010 (has extras) } ordered=false userid=-1 callerApp=null
D/PowerManagerService(  707): updateIsPoweredLocked: wasPowered=true, mIsPowered=true, oldPlugType=2, mPlugType=2, mBatteryLevel=100
D/KeyguardUpdateMonitor(  772): received broadcast android.intent.action.BATTERY_CHANGED
D/PowerManagerService(  707): handleSandman: canDream=false, mWakefulness=Asleep
D/PowerUI (  772): action = android.intent.action.BATTERY_CHANGED
D/PowerUI (  772): Intent start() ret = false mHideLowBDialog= true
D/WifiService(  707): onReceive, action:android.intent.action.BATTERY_CHANGED
D/WifiController(  707): DeviceActiveState{ when=0 what=155652 arg1=2 target=com.android.internal.util.StateMachine$SmHandler target=Handler (com.android.internal.util.StateMachine$SmHandler) {422d7a70} }
D/WifiController(  707): StaEnabledState{ when=-1ms what=155652 arg1=2 target=com.android.internal.util.StateMachine$SmHandler target=Handler (com.android.internal.util.StateMachine$SmHandler) {422d7a70} }
D/WifiController(  707): DefaultState{ when=-1ms what=155652 arg1=2 target=com.android.internal.util.StateMachine$SmHandler target=Handler (com.android.internal.util.StateMachine$SmHandler) {422d7a70} }
D/WifiController(  707): battery changed pluggedType: 2
D/WifiController(  707): wifiSleepPolicy:2
D/WifiController(  707): wifiSleepPolicy:2
D/PowerUI (  772): oldBatteryLevel = 100mBatteryLevel = 100
D/PowerUI (  772): dismissLowBatteryWarning
D/StatusBar.BatteryController(  772): BatteryController onReceive action is android.intent.action.BATTERY_CHANGED
D/UsbDeviceManager(  707): onReceive - BATTERY_CHANGED - mPlugType: 2, mSettingUsbCharging: false, mConnected: true, mSettingUsbBicr: false
